Archive member included to satisfy reference by file (symbol)

s:/micro_proc/nxp/lpcxpresso_8.2.2_650/lpcxpresso/tools/bin/../lib/gcc/arm-none-eabi/5.4.1/armv7-m\libgcc.a(_arm_addsubdf3.o)
                              ./capi_device/spi_api.o (__aeabi_dadd)
s:/micro_proc/nxp/lpcxpresso_8.2.2_650/lpcxpresso/tools/bin/../lib/gcc/arm-none-eabi/5.4.1/armv7-m\libgcc.a(_arm_muldivdf3.o)
                              ./capi_device/serial_api.o (__aeabi_dmul)
s:/micro_proc/nxp/lpcxpresso_8.2.2_650/lpcxpresso/tools/bin/../lib/gcc/arm-none-eabi/5.4.1/armv7-m\libgcc.a(_arm_cmpdf2.o)
                              ./capi_device/serial_api.o (__aeabi_dcmplt)
s:/micro_proc/nxp/lpcxpresso_8.2.2_650/lpcxpresso/tools/bin/../lib/gcc/arm-none-eabi/5.4.1/armv7-m\libgcc.a(_arm_fixdfsi.o)
                              ./capi_device/spi_api.o (__aeabi_d2iz)
s:/micro_proc/nxp/lpcxpresso_8.2.2_650/lpcxpresso/tools/bin/../lib/gcc/arm-none-eabi/5.4.1/armv7-m\libgcc.a(_arm_truncdfsf2.o)
                              ./capi_device/serial_api.o (__aeabi_d2f)
s:/micro_proc/nxp/lpcxpresso_8.2.2_650/lpcxpresso/tools/bin/../lib/gcc/arm-none-eabi/5.4.1/armv7-m\libgcc.a(_arm_addsubsf3.o)
                              ./capi_device/serial_api.o (__aeabi_fsub)
s:/micro_proc/nxp/lpcxpresso_8.2.2_650/lpcxpresso/tools/bin/../lib/gcc/arm-none-eabi/5.4.1/armv7-m\libgcc.a(_arm_muldivsf3.o)
                              ./capi_device/analogin_api.o (__aeabi_fmul)
s:/micro_proc/nxp/lpcxpresso_8.2.2_650/lpcxpresso/tools/bin/../lib/gcc/arm-none-eabi/5.4.1/armv7-m\libgcc.a(_arm_cmpsf2.o)
                              ./capi_device/analogout_api.o (__aeabi_fcmplt)
s:/micro_proc/nxp/lpcxpresso_8.2.2_650/lpcxpresso/tools/bin/../lib/gcc/arm-none-eabi/5.4.1/armv7-m\libgcc.a(_arm_fixsfsi.o)
                              ./capi_device/analogout_api.o (__aeabi_f2iz)
s:/micro_proc/nxp/lpcxpresso_8.2.2_650/lpcxpresso/tools/bin/../lib/gcc/arm-none-eabi/5.4.1/armv7-m\libgcc.a(_arm_fixunssfsi.o)
                              ./capi_device/pwmout_api.o (__aeabi_f2uiz)
s:/micro_proc/nxp/lpcxpresso_8.2.2_650/lpcxpresso/tools/bin/../lib/gcc/arm-none-eabi/5.4.1/armv7-m\libgcc.a(_aeabi_uldivmod.o)
                              ./cmsis/LPC1768/system_LPC17xx.o (__aeabi_uldivmod)
s:/micro_proc/nxp/lpcxpresso_8.2.2_650/lpcxpresso/tools/bin/../lib/gcc/arm-none-eabi/5.4.1/armv7-m\libgcc.a(_udivmoddi4.o)
                              s:/micro_proc/nxp/lpcxpresso_8.2.2_650/lpcxpresso/tools/bin/../lib/gcc/arm-none-eabi/5.4.1/armv7-m\libgcc.a(_aeabi_uldivmod.o) (__udivmoddi4)
s:/micro_proc/nxp/lpcxpresso_8.2.2_650/lpcxpresso/tools/bin/../lib/gcc/arm-none-eabi/5.4.1/armv7-m\libgcc.a(_dvmd_tls.o)
                              s:/micro_proc/nxp/lpcxpresso_8.2.2_650/lpcxpresso/tools/bin/../lib/gcc/arm-none-eabi/5.4.1/armv7-m\libgcc.a(_aeabi_uldivmod.o) (__aeabi_ldiv0)
s:/micro_proc/nxp/lpcxpresso_8.2.2_650/lpcxpresso/tools/bin/../lib/gcc/arm-none-eabi/5.4.1/../../../../arm-none-eabi/lib/armv7-m\libc.a(lib_a-errno.o)
                              ./mbed/stdio.o (__errno)
s:/micro_proc/nxp/lpcxpresso_8.2.2_650/lpcxpresso/tools/bin/../lib/gcc/arm-none-eabi/5.4.1/../../../../arm-none-eabi/lib/armv7-m\libc.a(lib_a-fclose.o)
                              ./mbed/Stream.o (fclose)
s:/micro_proc/nxp/lpcxpresso_8.2.2_650/lpcxpresso/tools/bin/../lib/gcc/arm-none-eabi/5.4.1/../../../../arm-none-eabi/lib/armv7-m\libc.a(lib_a-fflush.o)
                              s:/micro_proc/nxp/lpcxpresso_8.2.2_650/lpcxpresso/tools/bin/../lib/gcc/arm-none-eabi/5.4.1/../../../../arm-none-eabi/lib/armv7-m\libc.a(lib_a-fclose.o) (__sflush_r)
s:/micro_proc/nxp/lpcxpresso_8.2.2_650/lpcxpresso/tools/bin/../lib/gcc/arm-none-eabi/5.4.1/../../../../arm-none-eabi/lib/armv7-m\libc.a(lib_a-fgetc.o)
                              ./mbed/Stream.o (fgetc)
s:/micro_proc/nxp/lpcxpresso_8.2.2_650/lpcxpresso/tools/bin/../lib/gcc/arm-none-eabi/5.4.1/../../../../arm-none-eabi/lib/armv7-m\libc.a(lib_a-fgets.o)
                              ./mbed/Stream.o (fgets)
s:/micro_proc/nxp/lpcxpresso_8.2.2_650/lpcxpresso/tools/bin/../lib/gcc/arm-none-eabi/5.4.1/../../../../arm-none-eabi/lib/armv7-m\libc.a(lib_a-findfp.o)
                              s:/micro_proc/nxp/lpcxpresso_8.2.2_650/lpcxpresso/tools/bin/../lib/gcc/arm-none-eabi/5.4.1/../../../../arm-none-eabi/lib/armv7-m\libc.a(lib_a-fclose.o) (__sinit)
s:/micro_proc/nxp/lpcxpresso_8.2.2_650/lpcxpresso/tools/bin/../lib/gcc/arm-none-eabi/5.4.1/../../../../arm-none-eabi/lib/armv7-m\libc.a(lib_a-fopen.o)
                              ./mbed/Stream.o (fopen)
s:/micro_proc/nxp/lpcxpresso_8.2.2_650/lpcxpresso/tools/bin/../lib/gcc/arm-none-eabi/5.4.1/../../../../arm-none-eabi/lib/armv7-m\libc.a(lib_a-fprintf.o)
                              ./mbed/stdio.o (fprintf)
s:/micro_proc/nxp/lpcxpresso_8.2.2_650/lpcxpresso/tools/bin/../lib/gcc/arm-none-eabi/5.4.1/../../../../arm-none-eabi/lib/armv7-m\libc.a(lib_a-fputc.o)
                              ./mbed/Stream.o (fputc)
[...]
Memory Configuration

Name             Origin             Length             Attributes
MFlash512        0x00000000         0x00080000         xr
RamLoc32         0x100000c8         0x00007f38         xrw
RamAHB32         0x2007c000         0x00008000         xrw
*default*        0x00000000         0xffffffff

Linker script and memory map

LOAD ./mbed/BusIn.o
LOAD ./mbed/BusInOut.o
LOAD ./mbed/BusOut.o
LOAD ./mbed/CAN.o
LOAD ./mbed/Ethernet.o
LOAD ./mbed/FileBase.o
LOAD ./mbed/FileLike.o
LOAD ./mbed/FilePath.o
LOAD ./mbed/FileSystemLike.o
LOAD ./mbed/FunctionPointer.o
LOAD ./mbed/I2C.o
LOAD ./mbed/I2CSlave.o
LOAD ./mbed/InterruptIn.o
LOAD ./mbed/LocalFileSystem.o
LOAD ./mbed/SPI.o
LOAD ./mbed/SPISlave.o
LOAD ./mbed/Serial.o
LOAD ./mbed/Stream.o
LOAD ./mbed/Ticker.o
LOAD ./mbed/Timeout.o
LOAD ./mbed/Timer.o
LOAD ./mbed/TimerEvent.o
LOAD ./mbed/stdio.o
LOAD ./cmsis/LPC1768/GCC_CR/startup_LPC17xx.o
LOAD ./cmsis/LPC1768/cmsis_nvic.o
LOAD ./cmsis/LPC1768/core_cm3.o
LOAD ./cmsis/LPC1768/system_LPC17xx.o
LOAD ./capi_device/analogin_api.o
LOAD ./capi_device/analogout_api.o
LOAD ./capi_device/can_api.o
LOAD ./capi_device/ethernet_api.o
LOAD ./capi_device/gpio_api.o
LOAD ./capi_device/gpio_irq_api.o
LOAD ./capi_device/i2c_api.o
LOAD ./capi_device/pinmap.o
LOAD ./capi_device/port_api.o
LOAD ./capi_device/pwmout_api.o
LOAD ./capi_device/rtc_api.o
LOAD ./capi_device/semihost.o
LOAD ./capi_device/serial_api.o
LOAD ./capi_device/sleep.o
LOAD ./capi_device/spi_api.o
LOAD ./capi_device/us_ticker.o
LOAD ./capi/board.o
LOAD ./capi/exit.o
LOAD ./capi/mbed_interface.o
LOAD ./capi/pinmap_common.o
LOAD ./capi/rtc_time.o
LOAD ./capi/semihost_api.o
LOAD ./capi/us_ticker_api.o
LOAD ./capi/wait_api.o
LOAD ./MFRC522.o
LOAD ./main.o
START GROUP
LOAD s:/micro_proc/nxp/lpcxpresso_8.2.2_650/lpcxpresso/tools/bin/../lib/gcc/arm-none-eabi/5.4.1/armv7-m\libgcc.a
LOAD s:/micro_proc/nxp/lpcxpresso_8.2.2_650/lpcxpresso/tools/bin/../lib/gcc/arm-none-eabi/5.4.1/../../../../arm-none-eabi/lib/armv7-m\libc.a
LOAD s:/micro_proc/nxp/lpcxpresso_8.2.2_650/lpcxpresso/tools/bin/../lib/gcc/arm-none-eabi/5.4.1/../../../../arm-none-eabi/lib/armv7-m\libstdc++.a
LOAD s:/micro_proc/nxp/lpcxpresso_8.2.2_650/lpcxpresso/tools/bin/../lib/gcc/arm-none-eabi/5.4.1/../../../../arm-none-eabi/lib/armv7-m\libm.a
LOAD s:/micro_proc/nxp/lpcxpresso_8.2.2_650/lpcxpresso/tools/bin/../lib/gcc/arm-none-eabi/5.4.1/../../../../arm-none-eabi/lib/armv7-m\libcr_newlib_nohost.a
LOAD s:/micro_proc/nxp/lpcxpresso_8.2.2_650/lpcxpresso/tools/bin/../lib/gcc/arm-none-eabi/5.4.1/armv7-m\crti.o
LOAD s:/micro_proc/nxp/lpcxpresso_8.2.2_650/lpcxpresso/tools/bin/../lib/gcc/arm-none-eabi/5.4.1/armv7-m\crtn.o
LOAD s:/micro_proc/nxp/lpcxpresso_8.2.2_650/lpcxpresso/tools/bin/../lib/gcc/arm-none-eabi/5.4.1/armv7-m\crtbegin.o
LOAD s:/micro_proc/nxp/lpcxpresso_8.2.2_650/lpcxpresso/tools/bin/../lib/gcc/arm-none-eabi/5.4.1/armv7-m\crtend.o
END GROUP
                0x00080000                __top_MFlash512 = 0x80000
                0x10008000                __top_RamLoc32 = 0x10008000
                0x20084000                __top_RamAHB32 = 0x20084000
START GROUP
LOAD s:/micro_proc/nxp/lpcxpresso_8.2.2_650/lpcxpresso/tools/bin/../lib/gcc/arm-none-eabi/5.4.1/armv7-m\libgcc.a
LOAD s:/micro_proc/nxp/lpcxpresso_8.2.2_650/lpcxpresso/tools/bin/../lib/gcc/arm-none-eabi/5.4.1/../../../../arm-none-eabi/lib/armv7-m\libc.a
LOAD s:/micro_proc/nxp/lpcxpresso_8.2.2_650/lpcxpresso/tools/bin/../lib/gcc/arm-none-eabi/5.4.1/../../../../arm-none-eabi/lib/armv7-m\libstdc++.a
LOAD s:/micro_proc/nxp/lpcxpresso_8.2.2_650/lpcxpresso/tools/bin/../lib/gcc/arm-none-eabi/5.4.1/../../../../arm-none-eabi/lib/armv7-m\libm.a
LOAD s:/micro_proc/nxp/lpcxpresso_8.2.2_650/lpcxpresso/tools/bin/../lib/gcc/arm-none-eabi/5.4.1/../../../../arm-none-eabi/lib/armv7-m\libcr_newlib_semihost.a
END GROUP

.text           0x00000000    0x11cb0
 FILL mask 0xff
 *(.isr_vector)
 .isr_vector    0x00000000       0xcc ./cmsis/LPC1768/GCC_CR/startup_LPC17xx.o
                0x00000000                g_pfnVectors
                0x000000cc                . = ALIGN (0x4)
                0x000000cc                __section_table_start = .
                0x000000cc                __data_section_table = .
                0x000000cc        0x4 LONG 0x11f58 LOADADDR (.data)
                0x000000d0        0x4 LONG 0x100000c8 ADDR (.data)
                0x000000d4        0x4 LONG 0x8b8 SIZEOF (.data)
                0x000000d8        0x4 LONG 0x11f58 LOADADDR (.data_RAM2)
                0x000000dc        0x4 LONG 0x2007c000 ADDR (.data_RAM2)
                0x000000e0        0x4 LONG 0x0 SIZEOF (.data_RAM2)
                0x000000e4                __data_section_table_end = .
                0x000000e4                __bss_section_table = .
                0x000000e4        0x4 LONG 0x10000980 ADDR (.bss)
                0x000000e8        0x4 LONG 0x298 SIZEOF (.bss)
                0x000000ec        0x4 LONG 0x2007c000 ADDR (.bss_RAM2)
                0x000000f0        0x4 LONG 0x0 SIZEOF (.bss_RAM2)
                0x000000f4                __bss_section_table_end = .
                0x000000f4                __section_table_end = .
 *(.after_vectors*)
 .after_vectors
                0x000000f4      0x170 ./cmsis/LPC1768/GCC_CR/startup_LPC17xx.o
                0x000000f4                data_init
                0x00000138                bss_init
                0x00000170                ResetISR
                0x000001ec                NMI_Handler
                0x000001f8                HardFault_Handler
                0x00000204                MemManage_Handler
                0x00000210                BusFault_Handler
                0x0000021c                UsageFault_Handler
                0x00000228                SVCall_Handler
                0x00000234                DebugMon_Handler
                0x00000240                PendSV_Handler
                0x0000024c                SysTick_Handler
                0x00000258                EINT2_IRQHandler
                0x00000258                UART1_IRQHandler
                0x00000258                EINT3_IRQHandler
                0x00000258                CANActivity_IRQHandler
                0x00000258                TIMER3_IRQHandler
                0x00000258                UART0_IRQHandler
                0x00000258                USBActivity_IRQHandler
                0x00000258                I2C1_IRQHandler
                0x00000258                IntDefaultHandler
                0x00000258                PLL0_IRQHandler
                0x00000258                I2C0_IRQHandler
                0x00000258                PLL1_IRQHandler
                0x00000258                PWM1_IRQHandler
                0x00000258                I2S_IRQHandler
                0x00000258                I2C2_IRQHandler
                0x00000258                RTC_IRQHandler
                0x00000258                TIMER0_IRQHandler
                0x00000258                SPI_IRQHandler
                0x00000258                RIT_IRQHandler
                0x00000258                EINT1_IRQHandler
                0x00000258                TIMER1_IRQHandler
                0x00000258                UART2_IRQHandler
                0x00000258                ADC_IRQHandler
                0x00000258                SSP1_IRQHandler
                0x00000258                USB_IRQHandler
                0x00000258                BOD_IRQHandler
                0x00000258                SSP0_IRQHandler
                0x00000258                WDT_IRQHandler
                0x00000258                QEI_IRQHandler
                0x00000258                EINT0_IRQHandler
                0x00000258                TIMER2_IRQHandler
                0x00000258                DMA_IRQHandler
                0x00000258                CAN_IRQHandler
                0x00000258                UART3_IRQHandler
                0x00000258                MCPWM_IRQHandler
                0x00000258                ENET_IRQHandler
 *(.text*)
 .text.gpio_write
                0x00000264       0x30 ./mbed/BusOut.o
 .text._ZN4mbed10DigitalOutC2E7PinName
                0x00000294       0x20 ./mbed/BusOut.o
                0x00000294                mbed::DigitalOut::DigitalOut(PinName)
                0x00000294                mbed::DigitalOut::DigitalOut(PinName)
 .text._ZN4mbed10DigitalOut5writeEi
                0x000002b4       0x1c ./mbed/BusOut.o
                0x000002b4                mbed::DigitalOut::write(int)
 .text._ZN4mbed8FileBaseC2EPKcNS_8PathTypeE
                0x000002d0       0x50 ./mbed/FileBase.o
                0x000002d0                mbed::FileBase::FileBase(char const*, mbed::PathType)
                0x000002d0                mbed::FileBase::FileBase(char const*, mbed::PathType)
 .text._ZN4mbed8FileBaseD2Ev
                0x00000320       0x68 ./mbed/FileBase.o
                0x00000320                mbed::FileBase::~FileBase()
                0x00000320                mbed::FileBase::~FileBase()
 .text._ZN4mbed8FileBaseD0Ev
                0x00000388       0x20 ./mbed/FileBase.o
                0x00000388                mbed::FileBase::~FileBase()
 .text._ZN4mbed8FileBase6lookupEPKcj
                0x000003a8       0x68 ./mbed/FileBase.o
                0x000003a8                mbed::FileBase::lookup(char const*, unsigned int)
 .text._ZN4mbed8FileBase11getPathTypeEv
                0x00000410       0x18 ./mbed/FileBase.o
                0x00000410                mbed::FileBase::getPathType()
 .text._ZN4mbed10FileHandle4flenEv
                0x00000428       0x54 ./mbed/FileLike.o
                0x00000428                mbed::FileHandle::flen()
 .text._ZN4mbed10FileHandleC2Ev
                0x0000047c       0x20 ./mbed/FileLike.o
                0x0000047c                mbed::FileHandle::FileHandle()
                0x0000047c                mbed::FileHandle::FileHandle()
 .text._ZN4mbed8FileLikeC2EPKc
                0x0000049c       0x40 ./mbed/FileLike.o
                0x0000049c                mbed::FileLike::FileLike(char const*)
                0x0000049c                mbed::FileLike::FileLike(char const*)
 .text._ZN4mbed8FileLikeD2Ev
                0x000004dc       0x44 ./mbed/FileLike.o
                0x000004dc                mbed::FileLike::~FileLike()
                0x000004dc                mbed::FileLike::~FileLike()
 .text._ZN4mbed8FilePathC2EPKc
                0x00000520       0x90 ./mbed/FilePath.o
                0x00000520                mbed::FilePath::FilePath(char const*)
                0x00000520                mbed::FilePath::FilePath(char const*)
 .text._ZN4mbed8FilePath8fileNameEv
                0x000005b0       0x18 ./mbed/FilePath.o
                0x000005b0                mbed::FilePath::fileName()
 .text._ZN4mbed8FilePath12isFileSystemEv
                0x000005c8       0x28 ./mbed/FilePath.o
                0x000005c8                mbed::FilePath::isFileSystem()
 .text._ZN4mbed8FilePath10fileSystemEv
                0x000005f0       0x24 ./mbed/FilePath.o
                0x000005f0                mbed::FilePath::fileSystem()
 .text._ZN4mbed8FilePath6isFileEv
                0x00000614       0x28 ./mbed/FilePath.o
                0x00000614                mbed::FilePath::isFile()
 .text._ZN4mbed8FilePath4fileEv
                0x0000063c       0x34 ./mbed/FilePath.o
                0x0000063c                mbed::FilePath::file()
 .text._ZN4mbed9DirHandle7telldirEv
                0x00000670       0x18 ./mbed/FileSystemLike.o
                0x00000670                mbed::DirHandle::telldir()
 .text._ZN4mbed9DirHandle7seekdirEl
                0x00000688       0x14 ./mbed/FileSystemLike.o
                0x00000688                mbed::DirHandle::seekdir(long)
 .text._ZN4mbed9DirHandleD2Ev
                0x0000069c       0x28 ./mbed/FileSystemLike.o
                0x0000069c                mbed::DirHandle::~DirHandle()
                0x0000069c                mbed::DirHandle::~DirHandle()
 .text._ZN4mbed9DirHandleD0Ev
                0x000006c4       0x20 ./mbed/FileSystemLike.o
                0x000006c4                mbed::DirHandle::~DirHandle()
 .text._ZN4mbed14FileSystemLike6removeEPKc
                0x000006e4       0x18 ./mbed/FileSystemLike.o
                0x000006e4                mbed::FileSystemLike::remove(char const*)
 .text._ZN4mbed14FileSystemLike6renameEPKcS2_
                0x000006fc       0x1c ./mbed/FileSystemLike.o
                0x000006fc                mbed::FileSystemLike::rename(char const*, char const*)
 .text._ZN4mbed14FileSystemLike7opendirEPKc
                0x00000718       0x18 ./mbed/FileSystemLike.o
                0x00000718                mbed::FileSystemLike::opendir(char const*)
 .text._ZN4mbed14FileSystemLike5mkdirEPKcm
                0x00000730       0x1c ./mbed/FileSystemLike.o
                0x00000730                mbed::FileSystemLike::mkdir(char const*, unsigned long)
 .text._ZN4mbed9DirHandleC2Ev
                0x0000074c       0x20 ./mbed/FileSystemLike.o
                0x0000074c                mbed::DirHandle::DirHandle()
                0x0000074c                mbed::DirHandle::DirHandle()
 .text._ZN4mbed14FileSystemLikeC2EPKc
                0x0000076c       0x2c ./mbed/FileSystemLike.o
                0x0000076c                mbed::FileSystemLike::FileSystemLike(char const*)
                0x0000076c                mbed::FileSystemLike::FileSystemLike(char const*)
 .text._ZN4mbed14FileSystemLikeD2Ev
                0x00000798       0x30 ./mbed/FileSystemLike.o
                0x00000798                mbed::FileSystemLike::~FileSystemLike()
                0x00000798                mbed::FileSystemLike::~FileSystemLike()
 .text._ZN4mbed15FunctionPointerC2EPFvvE
                0x000007c8       0x1c ./mbed/FunctionPointer.o
                0x000007c8                mbed::FunctionPointer::FunctionPointer(void (*)())
                0x000007c8                mbed::FunctionPointer::FunctionPointer(void (*)())
 .text._ZN4mbed15FunctionPointer6attachEPFvvE
                0x000007e4       0x20 ./mbed/FunctionPointer.o
                0x000007e4                mbed::FunctionPointer::attach(void (*)())
 .text._ZN4mbed15FunctionPointer4callEv
                0x00000804       0x38 ./mbed/FunctionPointer.o
                0x00000804                mbed::FunctionPointer::call()
 .text.__semihost
                0x0000083c       0x24 ./mbed/LocalFileSystem.o
 .text._ZN4mbedL6xffindEPKcPNS_6XFINFOE
                0x00000860       0x38 ./mbed/LocalFileSystem.o
 .text._ZN4mbed28posix_to_semihost_open_flagsEi
                0x00000898       0x7c ./mbed/LocalFileSystem.o
                0x00000898                mbed::posix_to_semihost_open_flags(int)
 .text._ZN4mbed15LocalFileHandleC2Ei
                0x00000914       0x34 ./mbed/LocalFileSystem.o
                0x00000914                mbed::LocalFileHandle::LocalFileHandle(int)
                0x00000914                mbed::LocalFileHandle::LocalFileHandle(int)
 .text._ZN4mbed15LocalFileHandle5closeEv
                0x00000948       0x30 ./mbed/LocalFileSystem.o
                0x00000948                mbed::LocalFileHandle::close()
 .text._ZN4mbed15LocalFileHandle5writeEPKvj
                0x00000978       0x3c ./mbed/LocalFileSystem.o
                0x00000978                mbed::LocalFileHandle::write(void const*, unsigned int)
 .text._ZN4mbed15LocalFileHandle4readEPvj
                0x000009b4       0x3c ./mbed/LocalFileSystem.o
                0x000009b4                mbed::LocalFileHandle::read(void*, unsigned int)
 .text._ZN4mbed15LocalFileHandle6isattyEv
                0x000009f0       0x1c ./mbed/LocalFileSystem.o
                0x000009f0                mbed::LocalFileHandle::isatty()
 .text._ZN4mbed15LocalFileHandle5lseekEli
                0x00000a0c       0x54 ./mbed/LocalFileSystem.o
                0x00000a0c                mbed::LocalFileHandle::lseek(long, int)
 .text._ZN4mbed15LocalFileHandle5fsyncEv
                0x00000a60       0x1c ./mbed/LocalFileSystem.o
                0x00000a60                mbed::LocalFileHandle::fsync()
 .text._ZN4mbed15LocalFileHandle4flenEv
                0x00000a7c       0x1c ./mbed/LocalFileSystem.o
                0x00000a7c                mbed::LocalFileHandle::flen()
 .text._ZN4mbed14LocalDirHandleC2Ev
                0x00000a98       0x2c ./mbed/LocalFileSystem.o
                0x00000a98                mbed::LocalDirHandle::LocalDirHandle()
                0x00000a98                mbed::LocalDirHandle::LocalDirHandle()
 .text._ZN4mbed14LocalDirHandle8closedirEv
                0x00000ac4       0x24 ./mbed/LocalFileSystem.o
                0x00000ac4                mbed::LocalDirHandle::closedir()
 .text._ZN4mbed14LocalDirHandle7readdirEv
                0x00000ae8       0x4c ./mbed/LocalFileSystem.o
                0x00000ae8                mbed::LocalDirHandle::readdir()
 .text._ZN4mbed14LocalDirHandle9rewinddirEv
                0x00000b34       0x1c ./mbed/LocalFileSystem.o
                0x00000b34                mbed::LocalDirHandle::rewinddir()
 .text._ZN4mbed14LocalDirHandle7telldirEv
                0x00000b50       0x18 ./mbed/LocalFileSystem.o
                0x00000b50                mbed::LocalDirHandle::telldir()
 .text._ZN4mbed14LocalDirHandle7seekdirEl
                0x00000b68       0x1c ./mbed/LocalFileSystem.o
                0x00000b68                mbed::LocalDirHandle::seekdir(long)
 .text._ZN4mbed15LocalFileSystem4openEPKci
                0x00000b84       0x74 ./mbed/LocalFileSystem.o
                0x00000b84                mbed::LocalFileSystem::open(char const*, int)
 .text._ZN4mbed15LocalFileSystem6removeEPKc
                0x00000bf8       0x1c ./mbed/LocalFileSystem.o
                0x00000bf8                mbed::LocalFileSystem::remove(char const*)
 .text._ZN4mbed15LocalFileSystem7opendirEPKc
                0x00000c14       0x28 ./mbed/LocalFileSystem.o
                0x00000c14                mbed::LocalFileSystem::opendir(char const*)
 .text._ZN4mbed14LocalDirHandleD2Ev
                0x00000c3c       0x30 ./mbed/LocalFileSystem.o
                0x00000c3c                mbed::LocalDirHandle::~LocalDirHandle()
                0x00000c3c                mbed::LocalDirHandle::~LocalDirHandle()
 .text._ZN4mbed14LocalDirHandleD0Ev
                0x00000c6c       0x20 ./mbed/LocalFileSystem.o
                0x00000c6c                mbed::LocalDirHandle::~LocalDirHandle()
 .text._ZN4mbed15LocalFileSystemD2Ev
                0x00000c8c       0x30 ./mbed/LocalFileSystem.o
                0x00000c8c                mbed::LocalFileSystem::~LocalFileSystem()
                0x00000c8c                mbed::LocalFileSystem::~LocalFileSystem()
 .text._ZN4mbed15LocalFileSystemD0Ev
                0x00000cbc       0x20 ./mbed/LocalFileSystem.o
                0x00000cbc                mbed::LocalFileSystem::~LocalFileSystem()
 .text._ZN4mbed15LocalFileHandleD2Ev
                0x00000cdc       0x30 ./mbed/LocalFileSystem.o
                0x00000cdc                mbed::LocalFileHandle::~LocalFileHandle()
                0x00000cdc                mbed::LocalFileHandle::~LocalFileHandle()
 .text._ZN4mbed15LocalFileHandleD0Ev
                0x00000d0c       0x20 ./mbed/LocalFileSystem.o
                0x00000d0c                mbed::LocalFileHandle::~LocalFileHandle()
 .text._ZN4mbed3SPIC2E7PinNameS1_S1_
                0x00000d2c       0x70 ./mbed/SPI.o
                0x00000d2c                mbed::SPI::SPI(PinName, PinName, PinName)
                0x00000d2c                mbed::SPI::SPI(PinName, PinName, PinName)
 .text._ZN4mbed3SPI6formatEii
                0x00000d9c       0x30 ./mbed/SPI.o
                0x00000d9c                mbed::SPI::format(int, int)
 .text._ZN4mbed3SPI9frequencyEi
                0x00000dcc       0x28 ./mbed/SPI.o
                0x00000dcc                mbed::SPI::frequency(int)
 .text._ZN4mbed3SPI6aquireEv
                0x00000df4       0x48 ./mbed/SPI.o
                0x00000df4                mbed::SPI::aquire()
 .text._ZN4mbed3SPI5writeEi
                0x00000e3c       0x28 ./mbed/SPI.o
                0x00000e3c                mbed::SPI::write(int)
 .text._ZN4mbed6SerialC2E7PinNameS1_PKc
                0x00000e64       0x74 ./mbed/Serial.o
                0x00000e64                mbed::Serial::Serial(PinName, PinName, char const*)
                0x00000e64                mbed::Serial::Serial(PinName, PinName, char const*)
 .text._ZN4mbed6Serial4baudEi
                0x00000ed8       0x20 ./mbed/Serial.o
                0x00000ed8                mbed::Serial::baud(int)
 .text._ZN4mbed6Serial12_irq_handlerEm9SerialIrq
                0x00000ef8       0x30 ./mbed/Serial.o
                0x00000ef8                mbed::Serial::_irq_handler(unsigned long, SerialIrq)
 .text._ZN4mbed6Serial5_getcEv
                0x00000f28       0x1c ./mbed/Serial.o
                0x00000f28                mbed::Serial::_getc()
 .text._ZN4mbed6Serial5_putcEi
                0x00000f44       0x20 ./mbed/Serial.o
                0x00000f44                mbed::Serial::_putc(int)
 .text._ZN4mbed6SerialD2Ev
                0x00000f64       0x44 ./mbed/Serial.o
                0x00000f64                mbed::Serial::~Serial()
                0x00000f64                mbed::Serial::~Serial()
                0x00000fa0                non-virtual thunk to mbed::Serial::~Serial()
 .text._ZN4mbed6SerialD0Ev
                0x00000fa8       0x28 ./mbed/Serial.o
                0x00000fa8                mbed::Serial::~Serial()
                0x00000fc8                non-virtual thunk to mbed::Serial::~Serial()
 .text._ZN4mbed6StreamC2EPKc
                0x00000fd0       0x68 ./mbed/Stream.o
                0x00000fd0                mbed::Stream::Stream(char const*)
                0x00000fd0                mbed::Stream::Stream(char const*)
 .text._ZN4mbed6StreamD2Ev
                0x00001038       0x44 ./mbed/Stream.o
                0x00001038                mbed::Stream::~Stream()
                0x00001038                mbed::Stream::~Stream()
 .text._ZN4mbed6Stream5closeEv
                0x0000107c       0x14 ./mbed/Stream.o
                0x0000107c                mbed::Stream::close()
 .text._ZN4mbed6Stream5writeEPKvj
                0x00001090       0x5c ./mbed/Stream.o
                0x00001090                mbed::Stream::write(void const*, unsigned int)
 .text._ZN4mbed6Stream4readEPvj
                0x000010ec       0x54 ./mbed/Stream.o
                0x000010ec                mbed::Stream::read(void*, unsigned int)
 .text._ZN4mbed6Stream5lseekEli
                0x00001140       0x18 ./mbed/Stream.o
                0x00001140                mbed::Stream::lseek(long, int)
 .text._ZN4mbed6Stream6isattyEv
                0x00001158       0x14 ./mbed/Stream.o
                0x00001158                mbed::Stream::isatty()
 .text._ZN4mbed6Stream5fsyncEv
                0x0000116c       0x14 ./mbed/Stream.o
                0x0000116c                mbed::Stream::fsync()
 .text._ZN4mbed6Stream4flenEv
                0x00001180       0x14 ./mbed/Stream.o
                0x00001180                mbed::Stream::flen()
 .text._ZN4mbed10FileHandleD2Ev
                0x00001194       0x58 ./mbed/stdio.o
                0x00001194                mbed::FileHandle::~FileHandle()
                0x00001194                mbed::FileHandle::~FileHandle()
 .text._ZL11init_serialv
                0x000011ec       0x2c ./mbed/stdio.o
 .text._ZL17openmode_to_posixi
                0x00001218       0x18 ./mbed/stdio.o
 .text._open    0x00001230      0x154 ./mbed/stdio.o
                0x00001230                _open
 .text._close   0x00001384       0x50 ./mbed/stdio.o
                0x00001384                _close
 .text._write   0x000013d4       0x88 ./mbed/stdio.o
                0x000013d4                _write
 .text._read    0x0000145c       0x64 ./mbed/stdio.o
                0x0000145c                _read
 .text._isatty  0x000014c0       0x44 ./mbed/stdio.o
                0x000014c0                _isatty
 .text._lseek   0x00001504       0x4c ./mbed/stdio.o
                0x00001504                _lseek
 .text._fstat   0x00001550       0x40 ./mbed/stdio.o
                0x00001550                _fstat
 .text._ZN9__gnu_cxx27__verbose_terminate_handlerEv
                0x00001590       0x20 ./mbed/stdio.o
                0x00001590                __gnu_cxx::__verbose_terminate_handler()
 .text.__aeabi_atexit
                0x000015b0       0x18 ./cmsis/LPC1768/GCC_CR/startup_LPC17xx.o
                0x000015b0                __aeabi_atexit
 .text._Znwj    0x000015c8       0x18 ./cmsis/LPC1768/GCC_CR/startup_LPC17xx.o
                0x000015c8                operator new(unsigned int)
 .text._ZdlPv   0x000015e0       0x18 ./cmsis/LPC1768/GCC_CR/startup_LPC17xx.o
                0x000015e0                operator delete(void*)
 .text.NVIC_SetVector
                0x000015f8       0x70 ./cmsis/LPC1768/cmsis_nvic.o
                0x000015f8                NVIC_SetVector
 .text.SystemInit
                0x00001668       0xfc ./cmsis/LPC1768/system_LPC17xx.o
                0x00001668                SystemInit
 .text.gpio_enable
                0x00001764       0x18 ./capi_device/gpio_api.o
 .text.gpio_set
                0x0000177c       0x38 ./capi_device/gpio_api.o
                0x0000177c                gpio_set
 .text.gpio_init
                0x000017b4       0x88 ./capi_device/gpio_api.o
                0x000017b4                gpio_init
 .text.gpio_dir
                0x0000183c       0x4c ./capi_device/gpio_api.o
                0x0000183c                gpio_dir
 .text.pin_function
                0x00001888       0x74 ./capi_device/pinmap.o
                0x00001888                pin_function
 .text.pin_mode
                0x000018fc       0xdc ./capi_device/pinmap.o
                0x000018fc                pin_mode
 .text.semihost_connected
                0x000019d8       0x24 ./capi_device/semihost.o
                0x000019d8                semihost_connected
 .text.serial_init
                0x000019fc      0x1a0 ./capi_device/serial_api.o
                0x000019fc                serial_init
 *fill*         0x00001b9c        0x4 ff
 .text.serial_baud
                0x00001ba0      0x31c ./capi_device/serial_api.o
                0x00001ba0                serial_baud
 .text.serial_format
                0x00001ebc      0x108 ./capi_device/serial_api.o
                0x00001ebc                serial_format
 .text.serial_irq_handler
                0x00001fc4       0x30 ./capi_device/serial_api.o
                0x00001fc4                serial_irq_handler
 .text.serial_getc
                0x00001ff4       0x28 ./capi_device/serial_api.o
                0x00001ff4                serial_getc
 .text.serial_putc
                0x0000201c       0x2c ./capi_device/serial_api.o
                0x0000201c                serial_putc
 .text.serial_readable
                0x00002048       0x20 ./capi_device/serial_api.o
                0x00002048                serial_readable
 .text.serial_writable
                0x00002068       0x20 ./capi_device/serial_api.o
                0x00002068                serial_writable
 .text.spi_init
                0x00002088      0x140 ./capi_device/spi_api.o
                0x00002088                spi_init
 .text.spi_format
                0x000021c8      0x100 ./capi_device/spi_api.o
                0x000021c8                spi_format
 .text.spi_frequency
                0x000022c8      0x140 ./capi_device/spi_api.o
                0x000022c8                spi_frequency
 .text.ssp_disable
                0x00002408       0x24 ./capi_device/spi_api.o
 .text.ssp_enable
                0x0000242c       0x24 ./capi_device/spi_api.o
 .text.ssp_readable
                0x00002450       0x1c ./capi_device/spi_api.o
 .text.ssp_writeable
                0x0000246c       0x1c ./capi_device/spi_api.o
 .text.ssp_write
                0x00002488       0x28 ./capi_device/spi_api.o
 .text.ssp_read
                0x000024b0       0x24 ./capi_device/spi_api.o
 .text.spi_master_write
                0x000024d4       0x24 ./capi_device/spi_api.o
                0x000024d4                spi_master_write
 .text.NVIC_EnableIRQ
                0x000024f8       0x30 ./capi_device/us_ticker.o
 .text.us_ticker_init
                0x00002528       0x84 ./capi_device/us_ticker.o
                0x00002528                us_ticker_init
 .text.us_ticker_read
                0x000025ac       0x20 ./capi_device/us_ticker.o
                0x000025ac                us_ticker_read
 .text.us_ticker_set_interrupt
                0x000025cc       0x28 ./capi_device/us_ticker.o
                0x000025cc                us_ticker_set_interrupt
 .text.us_ticker_disable_interrupt
                0x000025f4       0x1c ./capi_device/us_ticker.o
                0x000025f4                us_ticker_disable_interrupt
 .text.us_ticker_clear_interrupt
                0x00002610       0x18 ./capi_device/us_ticker.o
                0x00002610                us_ticker_clear_interrupt
 .text.gpio_write
                0x00002628       0x30 ./capi/board.o
 .text.mbed_die
                0x00002658       0xb8 ./capi/board.o
                0x00002658                mbed_die
 .text.exit     0x00002710       0x24 ./capi/exit.o
                0x00002710                exit
 .text.mbed_interface_connected
                0x00002734       0x10 ./capi/mbed_interface.o
                0x00002734                mbed_interface_connected
 .text.pinmap_pinout
                0x00002744       0x68 ./capi/pinmap_common.o
                0x00002744                pinmap_pinout
 .text.pinmap_merge
                0x000027ac       0x54 ./capi/pinmap_common.o
                0x000027ac                pinmap_merge
 .text.pinmap_peripheral
                0x00002800       0x5c ./capi/pinmap_common.o
                0x00002800                pinmap_peripheral
 .text.__semihost
                0x0000285c       0x24 ./capi/semihost_api.o
 .text.semihost_open
                0x00002880       0x34 ./capi/semihost_api.o
                0x00002880                semihost_open
 .text.semihost_close
                0x000028b4       0x1c ./capi/semihost_api.o
                0x000028b4                semihost_close
 .text.semihost_write
                0x000028d0       0x3c ./capi/semihost_api.o
                0x000028d0                semihost_write
 .text.semihost_read
                0x0000290c       0x30 ./capi/semihost_api.o
                0x0000290c                semihost_read
 .text.semihost_istty
                0x0000293c       0x1c ./capi/semihost_api.o
                0x0000293c                semihost_istty
 .text.semihost_seek
                0x00002958       0x28 ./capi/semihost_api.o
                0x00002958                semihost_seek
 .text.semihost_ensure
                0x00002980       0x1c ./capi/semihost_api.o
                0x00002980                semihost_ensure
 .text.semihost_flen
                0x0000299c       0x1c ./capi/semihost_api.o
                0x0000299c                semihost_flen
 .text.semihost_remove
                0x000029b8       0x2c ./capi/semihost_api.o
                0x000029b8                semihost_remove
 .text.semihost_exit
                0x000029e4       0x1c ./capi/semihost_api.o
                0x000029e4                semihost_exit
 .text.us_ticker_irq_handler
                0x00002a00       0x6c ./capi/us_ticker_api.o
                0x00002a00                us_ticker_irq_handler
 .text.wait_ms  0x00002a6c       0x20 ./capi/wait_api.o
                0x00002a6c                wait_ms
 .text.wait_us  0x00002a8c       0x28 ./capi/wait_api.o
                0x00002a8c                wait_us
 .text._ZN4mbed10DigitalOutaSEi
                0x00002ab4       0x1c ./MFRC522.o
                0x00002ab4                mbed::DigitalOut::operator=(int)
 .text._ZN7MFRC522C2E7PinNameS0_S0_S0_S0_
                0x00002ad0       0x78 ./MFRC522.o
                0x00002ad0                MFRC522::MFRC522(PinName, PinName, PinName, PinName, PinName)
                0x00002ad0                MFRC522::MFRC522(PinName, PinName, PinName, PinName, PinName)
 .text._ZN7MFRC522D2Ev
                0x00002b48       0x14 ./MFRC522.o
                0x00002b48                MFRC522::~MFRC522()
                0x00002b48                MFRC522::~MFRC522()
 .text._ZN7MFRC52217PCD_WriteRegisterEhh
                0x00002b5c       0x54 ./MFRC522.o
                0x00002b5c                MFRC522::PCD_WriteRegister(unsigned char, unsigned char)
 .text._ZN7MFRC52217PCD_WriteRegisterEhhPh
                0x00002bb0       0x70 ./MFRC522.o
                0x00002bb0                MFRC522::PCD_WriteRegister(unsigned char, unsigned char, unsigned char*)
 .text._ZN7MFRC52216PCD_ReadRegisterEh
                0x00002c20       0x54 ./MFRC522.o
                0x00002c20                MFRC522::PCD_ReadRegister(unsigned char)
 .text._ZN7MFRC52216PCD_ReadRegisterEhhPhh
                0x00002c74      0x114 ./MFRC522.o
                0x00002c74                MFRC522::PCD_ReadRegister(unsigned char, unsigned char, unsigned char*, unsigned char)
 .text._ZN7MFRC52219PCD_SetRegisterBitsEhh
                0x00002d88       0x38 ./MFRC522.o
                0x00002d88                MFRC522::PCD_SetRegisterBits(unsigned char, unsigned char)
 .text._ZN7MFRC52219PCD_ClrRegisterBitsEhh
                0x00002dc0       0x44 ./MFRC522.o
                0x00002dc0                MFRC522::PCD_ClrRegisterBits(unsigned char, unsigned char)
 .text._ZN7MFRC52216PCD_CalculateCRCEPhhS0_
                0x00002e04       0xb0 ./MFRC522.o
                0x00002e04                MFRC522::PCD_CalculateCRC(unsigned char*, unsigned char, unsigned char*)
 .text._ZN7MFRC5228PCD_InitEv
                0x00002eb4       0x80 ./MFRC522.o
                0x00002eb4                MFRC522::PCD_Init()
 .text._ZN7MFRC52213PCD_AntennaOnEv
                0x00002f34       0x38 ./MFRC522.o
                0x00002f34                MFRC522::PCD_AntennaOn()
 .text._ZN7MFRC52218PCD_TransceiveDataEPhhS0_S0_S0_hb
                0x00002f6c       0x48 ./MFRC522.o
                0x00002f6c                MFRC522::PCD_TransceiveData(unsigned char*, unsigned char, unsigned char*, unsigned char*, unsigned char*, unsigned char, bool)
 .text._ZN7MFRC52223PCD_CommunicateWithPICCEhhPhhS0_S0_S0_hb
                0x00002fb4      0x1e0 ./MFRC522.o
                0x00002fb4                MFRC522::PCD_CommunicateWithPICC(unsigned char, unsigned char, unsigned char*, unsigned char, unsigned char*, unsigned char*, unsigned char*, unsigned char, bool)
 .text._ZN7MFRC52213PICC_RequestAEPhS0_
                0x00003194       0x24 ./MFRC522.o
                0x00003194                MFRC522::PICC_RequestA(unsigned char*, unsigned char*)
 .text._ZN7MFRC52217PICC_REQA_or_WUPAEhPhS0_
                0x000031b8       0x7c ./MFRC522.o
                0x000031b8                MFRC522::PICC_REQA_or_WUPA(unsigned char, unsigned char*, unsigned char*)
 .text._ZN7MFRC52211PICC_SelectEPNS_3UidEh
                0x00003234      0x494 ./MFRC522.o
                0x00003234                MFRC522::PICC_Select(MFRC522::Uid*, unsigned char)
 .text._ZN7MFRC52221PICC_IsNewCardPresentEv
                0x000036c8       0x3c ./MFRC522.o
                0x000036c8                MFRC522::PICC_IsNewCardPresent()
 .text._ZN7MFRC52219PICC_ReadCardSerialEv
                0x00003704       0x2c ./MFRC522.o
                0x00003704                MFRC522::PICC_ReadCardSerial()
 .text._ZN4mbed15LocalFileSystemC2EPKc
                0x00003730       0x28 ./main.o
                0x00003730                mbed::LocalFileSystem::LocalFileSystem(char const*)
                0x00003730                mbed::LocalFileSystem::LocalFileSystem(char const*)
 .text._Z9saveToLogPKcz
                0x00003758       0x3c ./main.o
                0x00003758                saveToLog(char const*, ...)
 .text.main     0x00003794       0xc0 ./main.o
                0x00003794                main
 .text._Z41__static_initialization_and_destruction_0ii
                0x00003854       0xc4 ./main.o
 .text._GLOBAL__sub_I_LedRed
                0x00003918       0x10 ./main.o
 .text          0x00003928      0x370 s:/micro_proc/nxp/lpcxpresso_8.2.2_650/lpcxpresso/tools/bin/../lib/gcc/arm-none-eabi/5.4.1/armv7-m\libgcc.a(_arm_addsubdf3.o)
                0x00003928                __aeabi_drsub
                0x00003930                __aeabi_dsub
                0x00003930                __subdf3
                0x00003934                __aeabi_dadd
                0x00003934                __adddf3
                0x00003bac                __floatunsidf
                0x00003bac                __aeabi_ui2d
                0x00003bcc                __floatsidf
                0x00003bcc                __aeabi_i2d
                0x00003bf0                __aeabi_f2d
                0x00003bf0                __extendsfdf2
                0x00003c2c                __floatundidf
                0x00003c2c                __aeabi_ul2d
                0x00003c3c                __floatdidf
                0x00003c3c                __aeabi_l2d
 .text          0x00003c98      0x424 s:/micro_proc/nxp/lpcxpresso_8.2.2_650/lpcxpresso/tools/bin/../lib/gcc/arm-none-eabi/5.4.1/armv7-m\libgcc.a(_arm_muldivdf3.o)
                0x00003c98                __aeabi_dmul
                0x00003c98                __muldf3
                0x00003eec                __divdf3
                0x00003eec                __aeabi_ddiv
 .text          0x000040bc      0x110 s:/micro_proc/nxp/lpcxpresso_8.2.2_650/lpcxpresso/tools/bin/../lib/gcc/arm-none-eabi/5.4.1/armv7-m\libgcc.a(_arm_cmpdf2.o)
                0x000040bc                __gtdf2
                0x000040bc                __gedf2
                0x000040c4                __ltdf2
                0x000040c4                __ledf2
                0x000040cc                __nedf2
                0x000040cc                __eqdf2
                0x000040cc                __cmpdf2
                0x00004148                __aeabi_cdrcmple
                0x00004158                __aeabi_cdcmpeq
                0x00004158                __aeabi_cdcmple
                0x00004168                __aeabi_dcmpeq
                0x0000417c                __aeabi_dcmplt
                0x00004190                __aeabi_dcmple
                0x000041a4                __aeabi_dcmpge
                0x000041b8                __aeabi_dcmpgt
 .text          0x000041cc       0x50 s:/micro_proc/nxp/lpcxpresso_8.2.2_650/lpcxpresso/tools/bin/../lib/gcc/arm-none-eabi/5.4.1/armv7-m\libgcc.a(_arm_fixdfsi.o)
                0x000041cc                __aeabi_d2iz
                0x000041cc                __fixdfsi
 .text          0x0000421c       0xa0 s:/micro_proc/nxp/lpcxpresso_8.2.2_650/lpcxpresso/tools/bin/../lib/gcc/arm-none-eabi/5.4.1/armv7-m\libgcc.a(_arm_truncdfsf2.o)
                0x0000421c                __truncdfsf2
                0x0000421c                __aeabi_d2f
 .text          0x000042bc      0x21c s:/micro_proc/nxp/lpcxpresso_8.2.2_650/lpcxpresso/tools/bin/../lib/gcc/arm-none-eabi/5.4.1/armv7-m\libgcc.a(_arm_addsubsf3.o)
                0x000042bc                __aeabi_frsub
                0x000042c4                __subsf3
                0x000042c4                __aeabi_fsub
                0x000042c8                __aeabi_fadd
                0x000042c8                __addsf3
                0x00004428                __aeabi_ui2f
                0x00004428                __floatunsisf
                0x00004430                __aeabi_i2f
                0x00004430                __floatsisf
                0x0000444c                __aeabi_ul2f
                0x0000444c                __floatundisf
                0x0000445c                __aeabi_l2f
                0x0000445c                __floatdisf
 .text          0x000044d8      0x2a0 s:/micro_proc/nxp/lpcxpresso_8.2.2_650/lpcxpresso/tools/bin/../lib/gcc/arm-none-eabi/5.4.1/armv7-m\libgcc.a(_arm_muldivsf3.o)
                0x000044d8                __mulsf3
                0x000044d8                __aeabi_fmul
                0x00004640                __aeabi_fdiv
                0x00004640                __divsf3
 .text          0x00004778       0xec s:/micro_proc/nxp/lpcxpresso_8.2.2_650/lpcxpresso/tools/bin/../lib/gcc/arm-none-eabi/5.4.1/armv7-m\libgcc.a(_arm_cmpsf2.o)
                0x00004778                __gesf2
                0x00004778                __gtsf2
                0x00004780                __lesf2
                0x00004780                __ltsf2
                0x00004788                __nesf2
                0x00004788                __eqsf2
                0x00004788                __cmpsf2
                0x000047e8                __aeabi_cfrcmple
                0x000047f0                __aeabi_cfcmpeq
                0x000047f0                __aeabi_cfcmple
                0x00004800                __aeabi_fcmpeq
                0x00004814                __aeabi_fcmplt
                0x00004828                __aeabi_fcmple
                0x0000483c                __aeabi_fcmpge
                0x00004850                __aeabi_fcmpgt
 .text          0x00004864       0x30 s:/micro_proc/nxp/lpcxpresso_8.2.2_650/lpcxpresso/tools/bin/../lib/gcc/arm-none-eabi/5.4.1/armv7-m\libgcc.a(_aeabi_uldivmod.o)
                0x00004864                __aeabi_uldivmod
 .text          0x00004894      0x2ec s:/micro_proc/nxp/lpcxpresso_8.2.2_650/lpcxpresso/tools/bin/../lib/gcc/arm-none-eabi/5.4.1/armv7-m\libgcc.a(_udivmoddi4.o)
                0x00004894                __udivmoddi4
 .text          0x00004b80        0x4 s:/micro_proc/nxp/lpcxpresso_8.2.2_650/lpcxpresso/tools/bin/../lib/gcc/arm-none-eabi/5.4.1/armv7-m\libgcc.a(_dvmd_tls.o)
                0x00004b80                __aeabi_idiv0
                0x00004b80                __aeabi_ldiv0
 .text.__errno  0x00004b84        0xc s:/micro_proc/nxp/lpcxpresso_8.2.2_650/lpcxpresso/tools/bin/../lib/gcc/arm-none-eabi/5.4.1/../../../../arm-none-eabi/lib/armv7-m\libc.a(lib_a-errno.o)
                0x00004b84                __errno
 .text._fclose_r
                0x00004b90       0x84 s:/micro_proc/nxp/lpcxpresso_8.2.2_650/lpcxpresso/tools/bin/../lib/gcc/arm-none-eabi/5.4.1/../../../../arm-none-eabi/lib/armv7-m\libc.a(lib_a-fclose.o)
                0x00004b90                _fclose_r
 .text.fclose   0x00004c14       0x10 s:/micro_proc/nxp/lpcxpresso_8.2.2_650/lpcxpresso/tools/bin/../lib/gcc/arm-none-eabi/5.4.1/../../../../arm-none-eabi/lib/armv7-m\libc.a(lib_a-fclose.o)
                0x00004c14                fclose
 .text.__sflush_r
                0x00004c24      0x148 s:/micro_proc/nxp/lpcxpresso_8.2.2_650/lpcxpresso/tools/bin/../lib/gcc/arm-none-eabi/5.4.1/../../../../arm-none-eabi/lib/armv7-m\libc.a(lib_a-fflush.o)
                0x00004c24                __sflush_r
 .text._fflush_r
                0x00004d6c       0x2c s:/micro_proc/nxp/lpcxpresso_8.2.2_650/lpcxpresso/tools/bin/../lib/gcc/arm-none-eabi/5.4.1/../../../../arm-none-eabi/lib/armv7-m\libc.a(lib_a-fflush.o)
                0x00004d6c                _fflush_r
 .text.fflush   0x00004d98       0x24 s:/micro_proc/nxp/lpcxpresso_8.2.2_650/lpcxpresso/tools/bin/../lib/gcc/arm-none-eabi/5.4.1/../../../../arm-none-eabi/lib/armv7-m\libc.a(lib_a-fflush.o)
                0x00004d98                fflush
 .text._cleanup_r
                0x00004dbc        0xc s:/micro_proc/nxp/lpcxpresso_8.2.2_650/lpcxpresso/tools/bin/../lib/gcc/arm-none-eabi/5.4.1/../../../../arm-none-eabi/lib/armv7-m\libc.a(lib_a-findfp.o)
                0x00004dbc                _cleanup_r
 .text.__sinit.part.1
                0x00004dc8       0xf0 s:/micro_proc/nxp/lpcxpresso_8.2.2_650/lpcxpresso/tools/bin/../lib/gcc/arm-none-eabi/5.4.1/../../../../arm-none-eabi/lib/armv7-m\libc.a(lib_a-findfp.o)
 .text.__sfmoreglue
                0x00004eb8       0x30 s:/micro_proc/nxp/lpcxpresso_8.2.2_650/lpcxpresso/tools/bin/../lib/gcc/arm-none-eabi/5.4.1/../../../../arm-none-eabi/lib/armv7-m\libc.a(lib_a-findfp.o)
                0x00004eb8                __sfmoreglue
 .text.__sfp    0x00004ee8       0x88 s:/micro_proc/nxp/lpcxpresso_8.2.2_650/lpcxpresso/tools/bin/../lib/gcc/arm-none-eabi/5.4.1/../../../../arm-none-eabi/lib/armv7-m\libc.a(lib_a-findfp.o)
                0x00004ee8                __sfp
 .text.__sinit  0x00004f70        0xc s:/micro_proc/nxp/lpcxpresso_8.2.2_650/lpcxpresso/tools/bin/../lib/gcc/arm-none-eabi/5.4.1/../../../../arm-none-eabi/lib/armv7-m\libc.a(lib_a-findfp.o)
                0x00004f70                __sinit
 .text.__sfp_lock_acquire
                0x00004f7c        0x4 s:/micro_proc/nxp/lpcxpresso_8.2.2_650/lpcxpresso/tools/bin/../lib/gcc/arm-none-eabi/5.4.1/../../../../arm-none-eabi/lib/armv7-m\libc.a(lib_a-findfp.o)
                0x00004f7c                __sfp_lock_acquire
 .text.__sfp_lock_release
                0x00004f80        0x4 s:/micro_proc/nxp/lpcxpresso_8.2.2_650/lpcxpresso/tools/bin/../lib/gcc/arm-none-eabi/5.4.1/../../../../arm-none-eabi/lib/armv7-m\libc.a(lib_a-findfp.o)
                0x00004f80                __sfp_lock_release
 .text._fopen_r
                0x00004f84       0x8c s:/micro_proc/nxp/lpcxpresso_8.2.2_650/lpcxpresso/tools/bin/../lib/gcc/arm-none-eabi/5.4.1/../../../../arm-none-eabi/lib/armv7-m\libc.a(lib_a-fopen.o)
                0x00004f84                _fopen_r
 .text.fopen    0x00005010       0x10 s:/micro_proc/nxp/lpcxpresso_8.2.2_650/lpcxpresso/tools/bin/../lib/gcc/arm-none-eabi/5.4.1/../../../../arm-none-eabi/lib/armv7-m\libc.a(lib_a-fopen.o)
                0x00005010                fopen
 .text.fprintf  0x00005020       0x28 s:/micro_proc/nxp/lpcxpresso_8.2.2_650/lpcxpresso/tools/bin/../lib/gcc/arm-none-eabi/5.4.1/../../../../arm-none-eabi/lib/armv7-m\libc.a(lib_a-fprintf.o)
                0x00005020                fprintf
 .text._malloc_trim_r
                0x00005048       0x9c s:/micro_proc/nxp/lpcxpresso_8.2.2_650/lpcxpresso/tools/bin/../lib/gcc/arm-none-eabi/5.4.1/../../../../arm-none-eabi/lib/armv7-m\libc.a(lib_a-freer.o)
                0x00005048                _malloc_trim_r
 .text._free_r  0x000050e4      0x1d0 s:/micro_proc/nxp/lpcxpresso_8.2.2_650/lpcxpresso/tools/bin/../lib/gcc/arm-none-eabi/5.4.1/../../../../arm-none-eabi/lib/armv7-m\libc.a(lib_a-freer.o)
                0x000050e4                _free_r
 .text._fseek_r
                0x000052b4        0x4 s:/micro_proc/nxp/lpcxpresso_8.2.2_650/lpcxpresso/tools/bin/../lib/gcc/arm-none-eabi/5.4.1/../../../../arm-none-eabi/lib/armv7-m\libc.a(lib_a-fseek.o)
                0x000052b4                _fseek_r
 .text._fseeko_r
                0x000052b8      0x2c4 s:/micro_proc/nxp/lpcxpresso_8.2.2_650/lpcxpresso/tools/bin/../lib/gcc/arm-none-eabi/5.4.1/../../../../arm-none-eabi/lib/armv7-m\libc.a(lib_a-fseeko.o)
                0x000052b8                _fseeko_r
 .text._fstat_r
                0x0000557c       0x28 s:/micro_proc/nxp/lpcxpresso_8.2.2_650/lpcxpresso/tools/bin/../lib/gcc/arm-none-eabi/5.4.1/../../../../arm-none-eabi/lib/armv7-m\libc.a(lib_a-fstatr.o)
                0x0000557c                _fstat_r
 .text.__sfvwrite_r
                0x000055a4      0x308 s:/micro_proc/nxp/lpcxpresso_8.2.2_650/lpcxpresso/tools/bin/../lib/gcc/arm-none-eabi/5.4.1/../../../../arm-none-eabi/lib/armv7-m\libc.a(lib_a-fvwrite.o)
                0x000055a4                __sfvwrite_r
 .text._fwalk   0x000058ac       0x48 s:/micro_proc/nxp/lpcxpresso_8.2.2_650/lpcxpresso/tools/bin/../lib/gcc/arm-none-eabi/5.4.1/../../../../arm-none-eabi/lib/armv7-m\libc.a(lib_a-fwalk.o)
                0x000058ac                _fwalk
 .text._fwalk_reent
                0x000058f4       0x50 s:/micro_proc/nxp/lpcxpresso_8.2.2_650/lpcxpresso/tools/bin/../lib/gcc/arm-none-eabi/5.4.1/../../../../arm-none-eabi/lib/armv7-m\libc.a(lib_a-fwalk.o)
                0x000058f4                _fwalk_reent
 .text.__libc_init_array
                0x00005944       0x50 s:/micro_proc/nxp/lpcxpresso_8.2.2_650/lpcxpresso/tools/bin/../lib/gcc/arm-none-eabi/5.4.1/../../../../arm-none-eabi/lib/armv7-m\libc.a(lib_a-init.o)
                0x00005944                __libc_init_array
 .text.__swhatbuf_r
                0x00005994       0x60 s:/micro_proc/nxp/lpcxpresso_8.2.2_650/lpcxpresso/tools/bin/../lib/gcc/arm-none-eabi/5.4.1/../../../../arm-none-eabi/lib/armv7-m\libc.a(lib_a-makebuf.o)
                0x00005994                __swhatbuf_r
 .text.__smakebuf_r
                0x000059f4       0x88 s:/micro_proc/nxp/lpcxpresso_8.2.2_650/lpcxpresso/tools/bin/../lib/gcc/arm-none-eabi/5.4.1/../../../../arm-none-eabi/lib/armv7-m\libc.a(lib_a-makebuf.o)
                0x000059f4                __smakebuf_r
 .text.malloc   0x00005a7c       0x10 s:/micro_proc/nxp/lpcxpresso_8.2.2_650/lpcxpresso/tools/bin/../lib/gcc/arm-none-eabi/5.4.1/../../../../arm-none-eabi/lib/armv7-m\libc.a(lib_a-malloc.o)
                0x00005a7c                malloc
 .text.free     0x00005a8c       0x10 s:/micro_proc/nxp/lpcxpresso_8.2.2_650/lpcxpresso/tools/bin/../lib/gcc/arm-none-eabi/5.4.1/../../../../arm-none-eabi/lib/armv7-m\libc.a(lib_a-malloc.o)
                0x00005a8c                free
 .text._malloc_r
                0x00005a9c      0x558 s:/micro_proc/nxp/lpcxpresso_8.2.2_650/lpcxpresso/tools/bin/../lib/gcc/arm-none-eabi/5.4.1/../../../../arm-none-eabi/lib/armv7-m\libc.a(lib_a-mallocr.o)
                0x00005a9c                _malloc_r
 .text.memchr   0x00005ff4       0x8c s:/micro_proc/nxp/lpcxpresso_8.2.2_650/lpcxpresso/tools/bin/../lib/gcc/arm-none-eabi/5.4.1/../../../../arm-none-eabi/lib/armv7-m\libc.a(lib_a-memchr-stub.o)
                0x00005ff4                memchr
 .text          0x00006080       0xec s:/micro_proc/nxp/lpcxpresso_8.2.2_650/lpcxpresso/tools/bin/../lib/gcc/arm-none-eabi/5.4.1/../../../../arm-none-eabi/lib/armv7-m\libc.a(lib_a-memcpy.o)
                0x00006080                memcpy
 .text.memmove  0x0000616c       0xc8 s:/micro_proc/nxp/lpcxpresso_8.2.2_650/lpcxpresso/tools/bin/../lib/gcc/arm-none-eabi/5.4.1/../../../../arm-none-eabi/lib/armv7-m\libc.a(lib_a-memmove.o)
                0x0000616c                memmove
 .text.memset   0x00006234       0x9c s:/micro_proc/nxp/lpcxpresso_8.2.2_650/lpcxpresso/tools/bin/../lib/gcc/arm-none-eabi/5.4.1/../../../../arm-none-eabi/lib/armv7-m\libc.a(lib_a-memset.o)
                0x00006234                memset
 .text.__malloc_lock
                0x000062d0        0x4 s:/micro_proc/nxp/lpcxpresso_8.2.2_650/lpcxpresso/tools/bin/../lib/gcc/arm-none-eabi/5.4.1/../../../../arm-none-eabi/lib/armv7-m\libc.a(lib_a-mlock.o)
                0x000062d0                __malloc_lock
 .text.__malloc_unlock
                0x000062d4        0x4 s:/micro_proc/nxp/lpcxpresso_8.2.2_650/lpcxpresso/tools/bin/../lib/gcc/arm-none-eabi/5.4.1/../../../../arm-none-eabi/lib/armv7-m\libc.a(lib_a-mlock.o)
                0x000062d4                __malloc_unlock
 .text._open_r  0x000062d8       0x2c s:/micro_proc/nxp/lpcxpresso_8.2.2_650/lpcxpresso/tools/bin/../lib/gcc/arm-none-eabi/5.4.1/../../../../arm-none-eabi/lib/armv7-m\libc.a(lib_a-openr.o)
                0x000062d8                _open_r
 .text._realloc_r
                0x00006304      0x3d4 s:/micro_proc/nxp/lpcxpresso_8.2.2_650/lpcxpresso/tools/bin/../lib/gcc/arm-none-eabi/5.4.1/../../../../arm-none-eabi/lib/armv7-m\libc.a(lib_a-reallocr.o)
                0x00006304                _realloc_r
 .text.lflush   0x000066d8       0x14 s:/micro_proc/nxp/lpcxpresso_8.2.2_650/lpcxpresso/tools/bin/../lib/gcc/arm-none-eabi/5.4.1/../../../../arm-none-eabi/lib/armv7-m\libc.a(lib_a-refill.o)
 .text.__srefill_r
                0x000066ec      0x114 s:/micro_proc/nxp/lpcxpresso_8.2.2_650/lpcxpresso/tools/bin/../lib/gcc/arm-none-eabi/5.4.1/../../../../arm-none-eabi/lib/armv7-m\libc.a(lib_a-refill.o)
                0x000066ec                __srefill_r
 .text._sbrk_r  0x00006800       0x24 s:/micro_proc/nxp/lpcxpresso_8.2.2_650/lpcxpresso/tools/bin/../lib/gcc/arm-none-eabi/5.4.1/../../../../arm-none-eabi/lib/armv7-m\libc.a(lib_a-sbrkr.o)
                0x00006800                _sbrk_r
 .text.setbuf   0x00006824       0x10 s:/micro_proc/nxp/lpcxpresso_8.2.2_650/lpcxpresso/tools/bin/../lib/gcc/arm-none-eabi/5.4.1/../../../../arm-none-eabi/lib/armv7-m\libc.a(lib_a-setbuf.o)
                0x00006824                setbuf
 .text.setvbuf  0x00006834      0x150 s:/micro_proc/nxp/lpcxpresso_8.2.2_650/lpcxpresso/tools/bin/../lib/gcc/arm-none-eabi/5.4.1/../../../../arm-none-eabi/lib/armv7-m\libc.a(lib_a-setvbuf.o)
                0x00006834                setvbuf
 .text.sprintf  0x00006984       0x4c s:/micro_proc/nxp/lpcxpresso_8.2.2_650/lpcxpresso/tools/bin/../lib/gcc/arm-none-eabi/5.4.1/../../../../arm-none-eabi/lib/armv7-m\libc.a(lib_a-sprintf.o)
                0x00006984                sprintf
 .text.sscanf   0x000069d0       0x58 s:/micro_proc/nxp/lpcxpresso_8.2.2_650/lpcxpresso/tools/bin/../lib/gcc/arm-none-eabi/5.4.1/../../../../arm-none-eabi/lib/armv7-m\libc.a(lib_a-sscanf.o)
                0x000069d0                sscanf
 .text.__sread  0x00006a28       0x24 s:/micro_proc/nxp/lpcxpresso_8.2.2_650/lpcxpresso/tools/bin/../lib/gcc/arm-none-eabi/5.4.1/../../../../arm-none-eabi/lib/armv7-m\libc.a(lib_a-stdio.o)
                0x00006a28                __sread
 .text.__seofread
                0x00006a4c        0x4 s:/micro_proc/nxp/lpcxpresso_8.2.2_650/lpcxpresso/tools/bin/../lib/gcc/arm-none-eabi/5.4.1/../../../../arm-none-eabi/lib/armv7-m\libc.a(lib_a-stdio.o)
                0x00006a4c                __seofread
 .text.__swrite
                0x00006a50       0x3c s:/micro_proc/nxp/lpcxpresso_8.2.2_650/lpcxpresso/tools/bin/../lib/gcc/arm-none-eabi/5.4.1/../../../../arm-none-eabi/lib/armv7-m\libc.a(lib_a-stdio.o)
                0x00006a50                __swrite
 .text.__sseek  0x00006a8c       0x20 s:/micro_proc/nxp/lpcxpresso_8.2.2_650/lpcxpresso/tools/bin/../lib/gcc/arm-none-eabi/5.4.1/../../../../arm-none-eabi/lib/armv7-m\libc.a(lib_a-stdio.o)
                0x00006a8c                __sseek
 .text.__sclose
                0x00006aac        0x8 s:/micro_proc/nxp/lpcxpresso_8.2.2_650/lpcxpresso/tools/bin/../lib/gcc/arm-none-eabi/5.4.1/../../../../arm-none-eabi/lib/armv7-m\libc.a(lib_a-stdio.o)
                0x00006aac                __sclose
 .text          0x00006ab4      0x1bc s:/micro_proc/nxp/lpcxpresso_8.2.2_650/lpcxpresso/tools/bin/../lib/gcc/arm-none-eabi/5.4.1/../../../../arm-none-eabi/lib/armv7-m\libc.a(lib_a-strcmp.o)
                0x00006ab4                strcmp
 .text.strlen   0x00006c70       0x5c s:/micro_proc/nxp/lpcxpresso_8.2.2_650/lpcxpresso/tools/bin/../lib/gcc/arm-none-eabi/5.4.1/../../../../arm-none-eabi/lib/armv7-m\libc.a(lib_a-strlen-stub.o)
                0x00006c70                strlen
 .text.strncmp  0x00006ccc       0x9c s:/micro_proc/nxp/lpcxpresso_8.2.2_650/lpcxpresso/tools/bin/../lib/gcc/arm-none-eabi/5.4.1/../../../../arm-none-eabi/lib/armv7-m\libc.a(lib_a-strncmp.o)
                0x00006ccc                strncmp
 .text._svfprintf_r
                0x00006d68     0x175c s:/micro_proc/nxp/lpcxpresso_8.2.2_650/lpcxpresso/tools/bin/../lib/gcc/arm-none-eabi/5.4.1/../../../../arm-none-eabi/lib/armv7-m\libc.a(lib_a-svfprintf.o)
                0x00006d68                _svfprintf_r
 .text.__ssvfscanf_r
                0x000084c4      0xeac s:/micro_proc/nxp/lpcxpresso_8.2.2_650/lpcxpresso/tools/bin/../lib/gcc/arm-none-eabi/5.4.1/../../../../arm-none-eabi/lib/armv7-m\libc.a(lib_a-svfscanf.o)
                0x000084c4                __ssvfscanf_r
 .text._vfprintf_r
                0x00009370     0x1788 s:/micro_proc/nxp/lpcxpresso_8.2.2_650/lpcxpresso/tools/bin/../lib/gcc/arm-none-eabi/5.4.1/../../../../arm-none-eabi/lib/armv7-m\libc.a(lib_a-vfprintf.o)
                0x00009370                _vfprintf_r
 .text.__sbprintf
                0x0000aaf8       0x6c s:/micro_proc/nxp/lpcxpresso_8.2.2_650/lpcxpresso/tools/bin/../lib/gcc/arm-none-eabi/5.4.1/../../../../arm-none-eabi/lib/armv7-m\libc.a(lib_a-vfprintf.o)
 .text.__swbuf_r
                0x0000ab64       0xac s:/micro_proc/nxp/lpcxpresso_8.2.2_650/lpcxpresso/tools/bin/../lib/gcc/arm-none-eabi/5.4.1/../../../../arm-none-eabi/lib/armv7-m\libc.a(lib_a-wbuf.o)
                0x0000ab64                __swbuf_r
 .text._write_r
                0x0000ac10       0x2c s:/micro_proc/nxp/lpcxpresso_8.2.2_650/lpcxpresso/tools/bin/../lib/gcc/arm-none-eabi/5.4.1/../../../../arm-none-eabi/lib/armv7-m\libc.a(lib_a-writer.o)
                0x0000ac10                _write_r
 .text.__swsetup_r
                0x0000ac3c       0xc8 s:/micro_proc/nxp/lpcxpresso_8.2.2_650/lpcxpresso/tools/bin/../lib/gcc/arm-none-eabi/5.4.1/../../../../arm-none-eabi/lib/armv7-m\libc.a(lib_a-wsetup.o)
                0x0000ac3c                __swsetup_r
 .text._close_r
                0x0000ad04       0x24 s:/micro_proc/nxp/lpcxpresso_8.2.2_650/lpcxpresso/tools/bin/../lib/gcc/arm-none-eabi/5.4.1/../../../../arm-none-eabi/lib/armv7-m\libc.a(lib_a-closer.o)
                0x0000ad04                _close_r
 .text.quorem   0x0000ad28      0x12c s:/micro_proc/nxp/lpcxpresso_8.2.2_650/lpcxpresso/tools/bin/../lib/gcc/arm-none-eabi/5.4.1/../../../../arm-none-eabi/lib/armv7-m\libc.a(lib_a-dtoa.o)
 *fill*         0x0000ae54        0x4 ff
 .text._dtoa_r  0x0000ae58      0xe4c s:/micro_proc/nxp/lpcxpresso_8.2.2_650/lpcxpresso/tools/bin/../lib/gcc/arm-none-eabi/5.4.1/../../../../arm-none-eabi/lib/armv7-m\libc.a(lib_a-dtoa.o)
                0x0000ae58                _dtoa_r
 .text.__sflags
                0x0000bca4       0x74 s:/micro_proc/nxp/lpcxpresso_8.2.2_650/lpcxpresso/tools/bin/../lib/gcc/arm-none-eabi/5.4.1/../../../../arm-none-eabi/lib/armv7-m\libc.a(lib_a-flags.o)
                0x0000bca4                __sflags
 .text._isatty_r
                0x0000bd18       0x24 s:/micro_proc/nxp/lpcxpresso_8.2.2_650/lpcxpresso/tools/bin/../lib/gcc/arm-none-eabi/5.4.1/../../../../arm-none-eabi/lib/armv7-m\libc.a(lib_a-isattyr.o)
                0x0000bd18                _isatty_r
 .text.iswspace
                0x0000bd3c       0x1c s:/micro_proc/nxp/lpcxpresso_8.2.2_650/lpcxpresso/tools/bin/../lib/gcc/arm-none-eabi/5.4.1/../../../../arm-none-eabi/lib/armv7-m\libc.a(lib_a-iswspace.o)
                0x0000bd3c                iswspace
 .text.__locale_charset
                0x0000bd58        0x8 s:/micro_proc/nxp/lpcxpresso_8.2.2_650/lpcxpresso/tools/bin/../lib/gcc/arm-none-eabi/5.4.1/../../../../arm-none-eabi/lib/armv7-m\libc.a(lib_a-locale.o)
                0x0000bd58                __locale_charset
 .text.__locale_mb_cur_max
                0x0000bd60        0xc s:/micro_proc/nxp/lpcxpresso_8.2.2_650/lpcxpresso/tools/bin/../lib/gcc/arm-none-eabi/5.4.1/../../../../arm-none-eabi/lib/armv7-m\libc.a(lib_a-locale.o)
                0x0000bd60                __locale_mb_cur_max
 .text._localeconv_r
                0x0000bd6c        0x8 s:/micro_proc/nxp/lpcxpresso_8.2.2_650/lpcxpresso/tools/bin/../lib/gcc/arm-none-eabi/5.4.1/../../../../arm-none-eabi/lib/armv7-m\libc.a(lib_a-locale.o)
                0x0000bd6c                _localeconv_r
 .text._lseek_r
                0x0000bd74       0x2c s:/micro_proc/nxp/lpcxpresso_8.2.2_650/lpcxpresso/tools/bin/../lib/gcc/arm-none-eabi/5.4.1/../../../../arm-none-eabi/lib/armv7-m\libc.a(lib_a-lseekr.o)
                0x0000bd74                _lseek_r
 .text._mbrtowc_r
                0x0000bda0       0x5c s:/micro_proc/nxp/lpcxpresso_8.2.2_650/lpcxpresso/tools/bin/../lib/gcc/arm-none-eabi/5.4.1/../../../../arm-none-eabi/lib/armv7-m\libc.a(lib_a-mbrtowc.o)
                0x0000bda0                _mbrtowc_r
 .text.__ascii_mbtowc
                0x0000bdfc       0x2c s:/micro_proc/nxp/lpcxpresso_8.2.2_650/lpcxpresso/tools/bin/../lib/gcc/arm-none-eabi/5.4.1/../../../../arm-none-eabi/lib/armv7-m\libc.a(lib_a-mbtowc_r.o)
                0x0000bdfc                __ascii_mbtowc
 .text._Balloc  0x0000be28       0x50 s:/micro_proc/nxp/lpcxpresso_8.2.2_650/lpcxpresso/tools/bin/../lib/gcc/arm-none-eabi/5.4.1/../../../../arm-none-eabi/lib/armv7-m\libc.a(lib_a-mprec.o)
                0x0000be28                _Balloc
 .text._Bfree   0x0000be78       0x14 s:/micro_proc/nxp/lpcxpresso_8.2.2_650/lpcxpresso/tools/bin/../lib/gcc/arm-none-eabi/5.4.1/../../../../arm-none-eabi/lib/armv7-m\libc.a(lib_a-mprec.o)
                0x0000be78                _Bfree
 .text.__multadd
                0x0000be8c       0x80 s:/micro_proc/nxp/lpcxpresso_8.2.2_650/lpcxpresso/tools/bin/../lib/gcc/arm-none-eabi/5.4.1/../../../../arm-none-eabi/lib/armv7-m\libc.a(lib_a-mprec.o)
                0x0000be8c                __multadd
 .text.__s2b    0x0000bf0c       0x98 s:/micro_proc/nxp/lpcxpresso_8.2.2_650/lpcxpresso/tools/bin/../lib/gcc/arm-none-eabi/5.4.1/../../../../arm-none-eabi/lib/armv7-m\libc.a(lib_a-mprec.o)
                0x0000bf0c                __s2b
 .text.__hi0bits
                0x0000bfa4       0x40 s:/micro_proc/nxp/lpcxpresso_8.2.2_650/lpcxpresso/tools/bin/../lib/gcc/arm-none-eabi/5.4.1/../../../../arm-none-eabi/lib/armv7-m\libc.a(lib_a-mprec.o)
                0x0000bfa4                __hi0bits
 .text.__lo0bits
                0x0000bfe4       0x5c s:/micro_proc/nxp/lpcxpresso_8.2.2_650/lpcxpresso/tools/bin/../lib/gcc/arm-none-eabi/5.4.1/../../../../arm-none-eabi/lib/armv7-m\libc.a(lib_a-mprec.o)
                0x0000bfe4                __lo0bits
 .text.__i2b    0x0000c040       0x14 s:/micro_proc/nxp/lpcxpresso_8.2.2_650/lpcxpresso/tools/bin/../lib/gcc/arm-none-eabi/5.4.1/../../../../arm-none-eabi/lib/armv7-m\libc.a(lib_a-mprec.o)
                0x0000c040                __i2b
 .text.__multiply
                0x0000c054      0x13c s:/micro_proc/nxp/lpcxpresso_8.2.2_650/lpcxpresso/tools/bin/../lib/gcc/arm-none-eabi/5.4.1/../../../../arm-none-eabi/lib/armv7-m\libc.a(lib_a-mprec.o)
                0x0000c054                __multiply
 .text.__pow5mult
                0x0000c190       0xa0 s:/micro_proc/nxp/lpcxpresso_8.2.2_650/lpcxpresso/tools/bin/../lib/gcc/arm-none-eabi/5.4.1/../../../../arm-none-eabi/lib/armv7-m\libc.a(lib_a-mprec.o)
                0x0000c190                __pow5mult
 .text.__lshift
                0x0000c230       0xac s:/micro_proc/nxp/lpcxpresso_8.2.2_650/lpcxpresso/tools/bin/../lib/gcc/arm-none-eabi/5.4.1/../../../../arm-none-eabi/lib/armv7-m\libc.a(lib_a-mprec.o)
                0x0000c230                __lshift
 .text.__mcmp   0x0000c2dc       0x40 s:/micro_proc/nxp/lpcxpresso_8.2.2_650/lpcxpresso/tools/bin/../lib/gcc/arm-none-eabi/5.4.1/../../../../arm-none-eabi/lib/armv7-m\libc.a(lib_a-mprec.o)
                0x0000c2dc                __mcmp
 .text.__mdiff  0x0000c31c      0x128 s:/micro_proc/nxp/lpcxpresso_8.2.2_650/lpcxpresso/tools/bin/../lib/gcc/arm-none-eabi/5.4.1/../../../../arm-none-eabi/lib/armv7-m\libc.a(lib_a-mprec.o)
                0x0000c31c                __mdiff
 .text.__ulp    0x0000c444       0x44 s:/micro_proc/nxp/lpcxpresso_8.2.2_650/lpcxpresso/tools/bin/../lib/gcc/arm-none-eabi/5.4.1/../../../../arm-none-eabi/lib/armv7-m\libc.a(lib_a-mprec.o)
                0x0000c444                __ulp
 .text.__b2d    0x0000c488       0xd4 s:/micro_proc/nxp/lpcxpresso_8.2.2_650/lpcxpresso/tools/bin/../lib/gcc/arm-none-eabi/5.4.1/../../../../arm-none-eabi/lib/armv7-m\libc.a(lib_a-mprec.o)
                0x0000c488                __b2d
 .text.__d2b    0x0000c55c       0xa8 s:/micro_proc/nxp/lpcxpresso_8.2.2_650/lpcxpresso/tools/bin/../lib/gcc/arm-none-eabi/5.4.1/../../../../arm-none-eabi/lib/armv7-m\libc.a(lib_a-mprec.o)
                0x0000c55c                __d2b
 .text.__ratio  0x0000c604       0x54 s:/micro_proc/nxp/lpcxpresso_8.2.2_650/lpcxpresso/tools/bin/../lib/gcc/arm-none-eabi/5.4.1/../../../../arm-none-eabi/lib/armv7-m\libc.a(lib_a-mprec.o)
                0x0000c604                __ratio
 .text.__copybits
                0x0000c658       0x48 s:/micro_proc/nxp/lpcxpresso_8.2.2_650/lpcxpresso/tools/bin/../lib/gcc/arm-none-eabi/5.4.1/../../../../arm-none-eabi/lib/armv7-m\libc.a(lib_a-mprec.o)
                0x0000c658                __copybits
 .text.__any_on
                0x0000c6a0       0x5c s:/micro_proc/nxp/lpcxpresso_8.2.2_650/lpcxpresso/tools/bin/../lib/gcc/arm-none-eabi/5.4.1/../../../../arm-none-eabi/lib/armv7-m\libc.a(lib_a-mprec.o)
                0x0000c6a0                __any_on
 .text._read_r  0x0000c6fc       0x2c s:/micro_proc/nxp/lpcxpresso_8.2.2_650/lpcxpresso/tools/bin/../lib/gcc/arm-none-eabi/5.4.1/../../../../arm-none-eabi/lib/armv7-m\libc.a(lib_a-readr.o)
                0x0000c6fc                _read_r
 .text.__sccl   0x0000c728       0x74 s:/micro_proc/nxp/lpcxpresso_8.2.2_650/lpcxpresso/tools/bin/../lib/gcc/arm-none-eabi/5.4.1/../../../../arm-none-eabi/lib/armv7-m\libc.a(lib_a-sccl.o)
                0x0000c728                __sccl
 .text.nanf     0x0000c79c        0x8 s:/micro_proc/nxp/lpcxpresso_8.2.2_650/lpcxpresso/tools/bin/../lib/gcc/arm-none-eabi/5.4.1/../../../../arm-none-eabi/lib/armv7-m\libc.a(lib_a-sf_nan.o)
                0x0000c79c                nanf
 .text.sulp     0x0000c7a4       0x44 s:/micro_proc/nxp/lpcxpresso_8.2.2_650/lpcxpresso/tools/bin/../lib/gcc/arm-none-eabi/5.4.1/../../../../arm-none-eabi/lib/armv7-m\libc.a(lib_a-strtod.o)
 .text._strtod_r
                0x0000c7e8      0xecc s:/micro_proc/nxp/lpcxpresso_8.2.2_650/lpcxpresso/tools/bin/../lib/gcc/arm-none-eabi/5.4.1/../../../../arm-none-eabi/lib/armv7-m\libc.a(lib_a-strtod.o)
                0x0000c7e8                _strtod_r
 .text._strtol_r
                0x0000d6b4      0x128 s:/micro_proc/nxp/lpcxpresso_8.2.2_650/lpcxpresso/tools/bin/../lib/gcc/arm-none-eabi/5.4.1/../../../../arm-none-eabi/lib/armv7-m\libc.a(lib_a-strtol.o)
                0x0000d6b4                _strtol_r
 .text._strtoll_r
                0x0000d7dc      0x1b4 s:/micro_proc/nxp/lpcxpresso_8.2.2_650/lpcxpresso/tools/bin/../lib/gcc/arm-none-eabi/5.4.1/../../../../arm-none-eabi/lib/armv7-m\libc.a(lib_a-strtoll_r.o)
                0x0000d7dc                _strtoll_r
 .text._strtoul_r
                0x0000d990      0x134 s:/micro_proc/nxp/lpcxpresso_8.2.2_650/lpcxpresso/tools/bin/../lib/gcc/arm-none-eabi/5.4.1/../../../../arm-none-eabi/lib/armv7-m\libc.a(lib_a-strtoul.o)
                0x0000d990                _strtoul_r
 .text._strtoull_r
                0x0000dac4      0x1c8 s:/micro_proc/nxp/lpcxpresso_8.2.2_650/lpcxpresso/tools/bin/../lib/gcc/arm-none-eabi/5.4.1/../../../../arm-none-eabi/lib/armv7-m\libc.a(lib_a-strtoull_r.o)
                0x0000dac4                _strtoull_r
 .text.__ssprint_r
                0x0000dc8c      0x100 s:/micro_proc/nxp/lpcxpresso_8.2.2_650/lpcxpresso/tools/bin/../lib/gcc/arm-none-eabi/5.4.1/../../../../arm-none-eabi/lib/armv7-m\libc.a(lib_a-svfiprintf.o)
                0x0000dc8c                __ssprint_r
 .text._sungetc_r
                0x0000dd8c       0x8c s:/micro_proc/nxp/lpcxpresso_8.2.2_650/lpcxpresso/tools/bin/../lib/gcc/arm-none-eabi/5.4.1/../../../../arm-none-eabi/lib/armv7-m\libc.a(lib_a-svfiscanf.o)
                0x0000dd8c                _sungetc_r
 .text.__ssrefill_r
                0x0000de18       0x3c s:/micro_proc/nxp/lpcxpresso_8.2.2_650/lpcxpresso/tools/bin/../lib/gcc/arm-none-eabi/5.4.1/../../../../arm-none-eabi/lib/armv7-m\libc.a(lib_a-svfiscanf.o)
                0x0000de18                __ssrefill_r
 .text._sfread_r
                0x0000de54       0x84 s:/micro_proc/nxp/lpcxpresso_8.2.2_650/lpcxpresso/tools/bin/../lib/gcc/arm-none-eabi/5.4.1/../../../../arm-none-eabi/lib/armv7-m\libc.a(lib_a-svfiscanf.o)
                0x0000de54                _sfread_r
 .text.__submore
                0x0000ded8       0x7c s:/micro_proc/nxp/lpcxpresso_8.2.2_650/lpcxpresso/tools/bin/../lib/gcc/arm-none-eabi/5.4.1/../../../../arm-none-eabi/lib/armv7-m\libc.a(lib_a-ungetc.o)
                0x0000ded8                __submore
 .text.__sprint_r.part.0
                0x0000df54       0x78 s:/micro_proc/nxp/lpcxpresso_8.2.2_650/lpcxpresso/tools/bin/../lib/gcc/arm-none-eabi/5.4.1/../../../../arm-none-eabi/lib/armv7-m\libc.a(lib_a-vfiprintf.o)
 .text.__sprint_r
                0x0000dfcc       0x14 s:/micro_proc/nxp/lpcxpresso_8.2.2_650/lpcxpresso/tools/bin/../lib/gcc/arm-none-eabi/5.4.1/../../../../arm-none-eabi/lib/armv7-m\libc.a(lib_a-vfiprintf.o)
                0x0000dfcc                __sprint_r
 .text._calloc_r
                0x0000dfe0       0x60 s:/micro_proc/nxp/lpcxpresso_8.2.2_650/lpcxpresso/tools/bin/../lib/gcc/arm-none-eabi/5.4.1/../../../../arm-none-eabi/lib/armv7-m\libc.a(lib_a-callocr.o)
                0x0000dfe0                _calloc_r
 .text.__fputwc
                0x0000e040       0x94 s:/micro_proc/nxp/lpcxpresso_8.2.2_650/lpcxpresso/tools/bin/../lib/gcc/arm-none-eabi/5.4.1/../../../../arm-none-eabi/lib/armv7-m\libc.a(lib_a-fputwc.o)
                0x0000e040                __fputwc
 .text._fputwc_r
                0x0000e0d4       0x24 s:/micro_proc/nxp/lpcxpresso_8.2.2_650/lpcxpresso/tools/bin/../lib/gcc/arm-none-eabi/5.4.1/../../../../arm-none-eabi/lib/armv7-m\libc.a(lib_a-fputwc.o)
                0x0000e0d4                _fputwc_r
 .text.rshift   0x0000e0f8       0xa8 s:/micro_proc/nxp/lpcxpresso_8.2.2_650/lpcxpresso/tools/bin/../lib/gcc/arm-none-eabi/5.4.1/../../../../arm-none-eabi/lib/armv7-m\libc.a(lib_a-gdtoa-gethex.o)
 .text.__gethex
                0x0000e1a0      0x50c s:/micro_proc/nxp/lpcxpresso_8.2.2_650/lpcxpresso/tools/bin/../lib/gcc/arm-none-eabi/5.4.1/../../../../arm-none-eabi/lib/armv7-m\libc.a(lib_a-gdtoa-gethex.o)
                0x0000e1a0                __gethex
 .text.__match  0x0000e6ac       0x30 s:/micro_proc/nxp/lpcxpresso_8.2.2_650/lpcxpresso/tools/bin/../lib/gcc/arm-none-eabi/5.4.1/../../../../arm-none-eabi/lib/armv7-m\libc.a(lib_a-gdtoa-hexnan.o)
                0x0000e6ac                __match
 .text.__hexnan
                0x0000e6dc      0x180 s:/micro_proc/nxp/lpcxpresso_8.2.2_650/lpcxpresso/tools/bin/../lib/gcc/arm-none-eabi/5.4.1/../../../../arm-none-eabi/lib/armv7-m\libc.a(lib_a-gdtoa-hexnan.o)
                0x0000e6dc                __hexnan
 .text._wcrtomb_r
                0x0000e85c       0x54 s:/micro_proc/nxp/lpcxpresso_8.2.2_650/lpcxpresso/tools/bin/../lib/gcc/arm-none-eabi/5.4.1/../../../../arm-none-eabi/lib/armv7-m\libc.a(lib_a-wcrtomb.o)
                0x0000e85c                _wcrtomb_r
 .text.__ascii_wctomb
                0x0000e8b0       0x1c s:/micro_proc/nxp/lpcxpresso_8.2.2_650/lpcxpresso/tools/bin/../lib/gcc/arm-none-eabi/5.4.1/../../../../arm-none-eabi/lib/armv7-m\libc.a(lib_a-wctomb_r.o)
                0x0000e8b0                __ascii_wctomb
 .text._ZN10__cxxabiv120__si_class_type_infoD2Ev
                0x0000e8cc       0x14 s:/micro_proc/nxp/lpcxpresso_8.2.2_650/lpcxpresso/tools/bin/../lib/gcc/arm-none-eabi/5.4.1/../../../../arm-none-eabi/lib/armv7-m\libstdc++.a(si_class_type_info.o)
                0x0000e8cc                __cxxabiv1::__si_class_type_info::~__si_class_type_info()
                0x0000e8cc                __cxxabiv1::__si_class_type_info::~__si_class_type_info()
 .text._ZN10__cxxabiv120__si_class_type_infoD0Ev
                0x0000e8e0       0x1c s:/micro_proc/nxp/lpcxpresso_8.2.2_650/lpcxpresso/tools/bin/../lib/gcc/arm-none-eabi/5.4.1/../../../../arm-none-eabi/lib/armv7-m\libstdc++.a(si_class_type_info.o)
                0x0000e8e0                __cxxabiv1::__si_class_type_info::~__si_class_type_info()
 .text._ZNK10__cxxabiv120__si_class_type_info12__do_dyncastEiNS_17__class_type_info10__sub_kindEPKS1_PKvS4_S6_RNS1_16__dyncast_resultE
                0x0000e8fc       0x98 s:/micro_proc/nxp/lpcxpresso_8.2.2_650/lpcxpresso/tools/bin/../lib/gcc/arm-none-eabi/5.4.1/../../../../arm-none-eabi/lib/armv7-m\libstdc++.a(si_class_type_info.o)
                0x0000e8fc                __cxxabiv1::__si_class_type_info::__do_dyncast(int, __cxxabiv1::__class_type_info::__sub_kind, __cxxabiv1::__class_type_info const*, void const*, __cxxabiv1::__class_type_info const*, void const*, __cxxabiv1::__class_type_info::__dyncast_result&) const
 .text._ZNK10__cxxabiv120__si_class_type_info20__do_find_public_srcEiPKvPKNS_17__class_type_infoES2_
                0x0000e994       0x3c s:/micro_proc/nxp/lpcxpresso_8.2.2_650/lpcxpresso/tools/bin/../lib/gcc/arm-none-eabi/5.4.1/../../../../arm-none-eabi/lib/armv7-m\libstdc++.a(si_class_type_info.o)
                0x0000e994                __cxxabiv1::__si_class_type_info::__do_find_public_src(int, void const*, __cxxabiv1::__class_type_info const*, void const*) const
 .text._ZNK10__cxxabiv120__si_class_type_info11__do_upcastEPKNS_17__class_type_infoEPKvRNS1_15__upcast_resultE
                0x0000e9d0       0x2c s:/micro_proc/nxp/lpcxpresso_8.2.2_650/lpcxpresso/tools/bin/../lib/gcc/arm-none-eabi/5.4.1/../../../../arm-none-eabi/lib/armv7-m\libstdc++.a(si_class_type_info.o)
                0x0000e9d0                __cxxabiv1::__si_class_type_info::__do_upcast(__cxxabiv1::__class_type_info const*, void const*, __cxxabiv1::__class_type_info::__upcast_result&) const
 .text._ZN10__cxxabiv121__vmi_class_type_infoD2Ev
                0x0000e9fc       0x14 s:/micro_proc/nxp/lpcxpresso_8.2.2_650/lpcxpresso/tools/bin/../lib/gcc/arm-none-eabi/5.4.1/../../../../arm-none-eabi/lib/armv7-m\libstdc++.a(vmi_class_type_info.o)
                0x0000e9fc                __cxxabiv1::__vmi_class_type_info::~__vmi_class_type_info()
                0x0000e9fc                __cxxabiv1::__vmi_class_type_info::~__vmi_class_type_info()
 .text._ZN10__cxxabiv121__vmi_class_type_infoD0Ev
                0x0000ea10       0x1c s:/micro_proc/nxp/lpcxpresso_8.2.2_650/lpcxpresso/tools/bin/../lib/gcc/arm-none-eabi/5.4.1/../../../../arm-none-eabi/lib/armv7-m\libstdc++.a(vmi_class_type_info.o)
                0x0000ea10                __cxxabiv1::__vmi_class_type_info::~__vmi_class_type_info()
 .text._ZNK10__cxxabiv121__vmi_class_type_info20__do_find_public_srcEiPKvPKNS_17__class_type_infoES2_
                0x0000ea2c       0x7c s:/micro_proc/nxp/lpcxpresso_8.2.2_650/lpcxpresso/tools/bin/../lib/gcc/arm-none-eabi/5.4.1/../../../../arm-none-eabi/lib/armv7-m\libstdc++.a(vmi_class_type_info.o)
                0x0000ea2c                __cxxabiv1::__vmi_class_type_info::__do_find_public_src(int, void const*, __cxxabiv1::__class_type_info const*, void const*) const
 .text._ZNK10__cxxabiv121__vmi_class_type_info12__do_dyncastEiNS_17__class_type_info10__sub_kindEPKS1_PKvS4_S6_RNS1_16__dyncast_resultE
                0x0000eaa8      0x398 s:/micro_proc/nxp/lpcxpresso_8.2.2_650/lpcxpresso/tools/bin/../lib/gcc/arm-none-eabi/5.4.1/../../../../arm-none-eabi/lib/armv7-m\libstdc++.a(vmi_class_type_info.o)
                0x0000eaa8                __cxxabiv1::__vmi_class_type_info::__do_dyncast(int, __cxxabiv1::__class_type_info::__sub_kind, __cxxabiv1::__class_type_info const*, void const*, __cxxabiv1::__class_type_info const*, void const*, __cxxabiv1::__class_type_info::__dyncast_result&) const
 .text._ZNK10__cxxabiv121__vmi_class_type_info11__do_upcastEPKNS_17__class_type_infoEPKvRNS1_15__upcast_resultE
                0x0000ee40      0x150 s:/micro_proc/nxp/lpcxpresso_8.2.2_650/lpcxpresso/tools/bin/../lib/gcc/arm-none-eabi/5.4.1/../../../../arm-none-eabi/lib/armv7-m\libstdc++.a(vmi_class_type_info.o)
                0x0000ee40                __cxxabiv1::__vmi_class_type_info::__do_upcast(__cxxabiv1::__class_type_info const*, void const*, __cxxabiv1::__class_type_info::__upcast_result&) const
 .text._ZNSt9type_infoD2Ev
                0x0000ef90        0x4 s:/micro_proc/nxp/lpcxpresso_8.2.2_650/lpcxpresso/tools/bin/../lib/gcc/arm-none-eabi/5.4.1/../../../../arm-none-eabi/lib/armv7-m\libstdc++.a(tinfo.o)
                0x0000ef90                std::type_info::~type_info()
                0x0000ef90                std::type_info::~type_info()
 .text._ZNKSt9type_info15__is_function_pEv
                0x0000ef94        0x4 s:/micro_proc/nxp/lpcxpresso_8.2.2_650/lpcxpresso/tools/bin/../lib/gcc/arm-none-eabi/5.4.1/../../../../arm-none-eabi/lib/armv7-m\libstdc++.a(tinfo.o)
                0x0000ef94                std::type_info::__is_pointer_p() const
                0x0000ef94                std::type_info::__is_function_p() const
 .text._ZNKSt9type_infoeqERKS_
                0x0000ef98       0x2c s:/micro_proc/nxp/lpcxpresso_8.2.2_650/lpcxpresso/tools/bin/../lib/gcc/arm-none-eabi/5.4.1/../../../../arm-none-eabi/lib/armv7-m\libstdc++.a(tinfo.o)
                0x0000ef98                std::type_info::operator==(std::type_info const&) const
 .text._ZNK10__cxxabiv117__class_type_info11__do_upcastEPKS0_PPv
                0x0000efc4       0x38 s:/micro_proc/nxp/lpcxpresso_8.2.2_650/lpcxpresso/tools/bin/../lib/gcc/arm-none-eabi/5.4.1/../../../../arm-none-eabi/lib/armv7-m\libstdc++.a(class_type_info.o)
                0x0000efc4                __cxxabiv1::__class_type_info::__do_upcast(__cxxabiv1::__class_type_info const*, void**) const
 .text._ZNK10__cxxabiv117__class_type_info20__do_find_public_srcEiPKvPKS0_S2_
                0x0000effc        0xc s:/micro_proc/nxp/lpcxpresso_8.2.2_650/lpcxpresso/tools/bin/../lib/gcc/arm-none-eabi/5.4.1/../../../../arm-none-eabi/lib/armv7-m\libstdc++.a(class_type_info.o)
                0x0000effc                __cxxabiv1::__class_type_info::__do_find_public_src(int, void const*, __cxxabiv1::__class_type_info const*, void const*) const
 .text._ZN10__cxxabiv117__class_type_infoD2Ev
                0x0000f008       0x14 s:/micro_proc/nxp/lpcxpresso_8.2.2_650/lpcxpresso/tools/bin/../lib/gcc/arm-none-eabi/5.4.1/../../../../arm-none-eabi/lib/armv7-m\libstdc++.a(class_type_info.o)
                0x0000f008                __cxxabiv1::__class_type_info::~__class_type_info()
                0x0000f008                __cxxabiv1::__class_type_info::~__class_type_info()
 .text._ZN10__cxxabiv117__class_type_infoD0Ev
                0x0000f01c       0x1c s:/micro_proc/nxp/lpcxpresso_8.2.2_650/lpcxpresso/tools/bin/../lib/gcc/arm-none-eabi/5.4.1/../../../../arm-none-eabi/lib/armv7-m\libstdc++.a(class_type_info.o)
                0x0000f01c                __cxxabiv1::__class_type_info::~__class_type_info()
 .text._ZNK10__cxxabiv117__class_type_info11__do_upcastEPKS0_PKvRNS0_15__upcast_resultE
                0x0000f038       0x18 s:/micro_proc/nxp/lpcxpresso_8.2.2_650/lpcxpresso/tools/bin/../lib/gcc/arm-none-eabi/5.4.1/../../../../arm-none-eabi/lib/armv7-m\libstdc++.a(class_type_info.o)
                0x0000f038                __cxxabiv1::__class_type_info::__do_upcast(__cxxabiv1::__class_type_info const*, void const*, __cxxabiv1::__class_type_info::__upcast_result&) const
 .text._ZNK10__cxxabiv117__class_type_info12__do_dyncastEiNS0_10__sub_kindEPKS0_PKvS3_S5_RNS0_16__dyncast_resultE
                0x0000f050       0x40 s:/micro_proc/nxp/lpcxpresso_8.2.2_650/lpcxpresso/tools/bin/../lib/gcc/arm-none-eabi/5.4.1/../../../../arm-none-eabi/lib/armv7-m\libstdc++.a(class_type_info.o)
                0x0000f050                __cxxabiv1::__class_type_info::__do_dyncast(int, __cxxabiv1::__class_type_info::__sub_kind, __cxxabiv1::__class_type_info const*, void const*, __cxxabiv1::__class_type_info const*, void const*, __cxxabiv1::__class_type_info::__dyncast_result&) const
 .text._ZNK10__cxxabiv117__class_type_info10__do_catchEPKSt9type_infoPPvj
                0x0000f090       0x2c s:/micro_proc/nxp/lpcxpresso_8.2.2_650/lpcxpresso/tools/bin/../lib/gcc/arm-none-eabi/5.4.1/../../../../arm-none-eabi/lib/armv7-m\libstdc++.a(class_type_info.o)
                0x0000f090                __cxxabiv1::__class_type_info::__do_catch(std::type_info const*, void**, unsigned int) const
 .text.__cxa_pure_virtual
                0x0000f0bc       0x14 s:/micro_proc/nxp/lpcxpresso_8.2.2_650/lpcxpresso/tools/bin/../lib/gcc/arm-none-eabi/5.4.1/../../../../arm-none-eabi/lib/armv7-m\libstdc++.a(pure.o)
                0x0000f0bc                __cxa_pure_virtual
 .text._ZN10__cxxabiv111__terminateEPFvvE
                0x0000f0d0       0x28 s:/micro_proc/nxp/lpcxpresso_8.2.2_650/lpcxpresso/tools/bin/../lib/gcc/arm-none-eabi/5.4.1/../../../../arm-none-eabi/lib/armv7-m\libstdc++.a(eh_terminate.o)
                0x0000f0d0                __cxxabiv1::__terminate(void (*)())
 .text._ZSt9terminatev
                0x0000f0f8       0x14 s:/micro_proc/nxp/lpcxpresso_8.2.2_650/lpcxpresso/tools/bin/../lib/gcc/arm-none-eabi/5.4.1/../../../../arm-none-eabi/lib/armv7-m\libstdc++.a(eh_terminate.o)
                0x0000f0f8                std::terminate()
 .text._ZN10__cxxabiv112__unexpectedEPFvvE
                0x0000f10c        0x8 s:/micro_proc/nxp/lpcxpresso_8.2.2_650/lpcxpresso/tools/bin/../lib/gcc/arm-none-eabi/5.4.1/../../../../arm-none-eabi/lib/armv7-m\libstdc++.a(eh_terminate.o)
                0x0000f10c                __cxxabiv1::__unexpected(void (*)())
 .text._ZSt10unexpectedv
                0x0000f114       0x14 s:/micro_proc/nxp/lpcxpresso_8.2.2_650/lpcxpresso/tools/bin/../lib/gcc/arm-none-eabi/5.4.1/../../../../arm-none-eabi/lib/armv7-m\libstdc++.a(eh_terminate.o)
                0x0000f114                std::unexpected()
 .text._ZSt13get_terminatev
                0x0000f128       0x10 s:/micro_proc/nxp/lpcxpresso_8.2.2_650/lpcxpresso/tools/bin/../lib/gcc/arm-none-eabi/5.4.1/../../../../arm-none-eabi/lib/armv7-m\libstdc++.a(eh_terminate.o)
                0x0000f128                std::get_terminate()
 .text._ZSt14get_unexpectedv
                0x0000f138       0x10 s:/micro_proc/nxp/lpcxpresso_8.2.2_650/lpcxpresso/tools/bin/../lib/gcc/arm-none-eabi/5.4.1/../../../../arm-none-eabi/lib/armv7-m\libstdc++.a(eh_terminate.o)
                0x0000f138                std::get_unexpected()
 .text.__cxa_end_cleanup
                0x0000f148        0xc s:/micro_proc/nxp/lpcxpresso_8.2.2_650/lpcxpresso/tools/bin/../lib/gcc/arm-none-eabi/5.4.1/../../../../arm-none-eabi/lib/armv7-m\libstdc++.a(eh_arm.o)
                0x0000f148                __cxa_end_cleanup
 .text.__cxa_type_match
                0x0000f154       0xb0 s:/micro_proc/nxp/lpcxpresso_8.2.2_650/lpcxpresso/tools/bin/../lib/gcc/arm-none-eabi/5.4.1/../../../../arm-none-eabi/lib/armv7-m\libstdc++.a(eh_arm.o)
                0x0000f154                __cxa_type_match
 .text.__cxa_begin_cleanup
                0x0000f204       0x64 s:/micro_proc/nxp/lpcxpresso_8.2.2_650/lpcxpresso/tools/bin/../lib/gcc/arm-none-eabi/5.4.1/../../../../arm-none-eabi/lib/armv7-m\libstdc++.a(eh_arm.o)
                0x0000f204                __cxa_begin_cleanup
 .text.__gnu_end_cleanup
                0x0000f268       0x70 s:/micro_proc/nxp/lpcxpresso_8.2.2_650/lpcxpresso/tools/bin/../lib/gcc/arm-none-eabi/5.4.1/../../../../arm-none-eabi/lib/armv7-m\libstdc++.a(eh_arm.o)
                0x0000f268                __gnu_end_cleanup
 .text._ZN10__cxxabiv1L24__is_gxx_exception_classEPc
                0x0000f2d8       0x3c s:/micro_proc/nxp/lpcxpresso_8.2.2_650/lpcxpresso/tools/bin/../lib/gcc/arm-none-eabi/5.4.1/../../../../arm-none-eabi/lib/armv7-m\libstdc++.a(eh_call.o)
 .text.__cxa_call_terminate
                0x0000f314       0x20 s:/micro_proc/nxp/lpcxpresso_8.2.2_650/lpcxpresso/tools/bin/../lib/gcc/arm-none-eabi/5.4.1/../../../../arm-none-eabi/lib/armv7-m\libstdc++.a(eh_call.o)
                0x0000f314                __cxa_call_terminate
 .text.__cxa_call_unexpected
                0x0000f334       0xec s:/micro_proc/nxp/lpcxpresso_8.2.2_650/lpcxpresso/tools/bin/../lib/gcc/arm-none-eabi/5.4.1/../../../../arm-none-eabi/lib/armv7-m\libstdc++.a(eh_call.o)
                0x0000f334                __cxa_call_unexpected
 .text.__cxa_begin_catch
                0x0000f420       0x8c s:/micro_proc/nxp/lpcxpresso_8.2.2_650/lpcxpresso/tools/bin/../lib/gcc/arm-none-eabi/5.4.1/../../../../arm-none-eabi/lib/armv7-m\libstdc++.a(eh_catch.o)
                0x0000f420                __cxa_begin_catch
 .text.__cxa_end_catch
                0x0000f4ac       0x8c s:/micro_proc/nxp/lpcxpresso_8.2.2_650/lpcxpresso/tools/bin/../lib/gcc/arm-none-eabi/5.4.1/../../../../arm-none-eabi/lib/armv7-m\libstdc++.a(eh_catch.o)
                0x0000f4ac                __cxa_end_catch
 .text._ZL23__gxx_exception_cleanup19_Unwind_Reason_CodeP21_Unwind_Control_Block
                0x0000f538       0x44 s:/micro_proc/nxp/lpcxpresso_8.2.2_650/lpcxpresso/tools/bin/../lib/gcc/arm-none-eabi/5.4.1/../../../../arm-none-eabi/lib/armv7-m\libstdc++.a(eh_throw.o)
 .text.__cxa_throw
                0x0000f57c       0x7c s:/micro_proc/nxp/lpcxpresso_8.2.2_650/lpcxpresso/tools/bin/../lib/gcc/arm-none-eabi/5.4.1/../../../../arm-none-eabi/lib/armv7-m\libstdc++.a(eh_throw.o)
                0x0000f57c                __cxa_throw
 .text.__cxa_rethrow
                0x0000f5f8       0x70 s:/micro_proc/nxp/lpcxpresso_8.2.2_650/lpcxpresso/tools/bin/../lib/gcc/arm-none-eabi/5.4.1/../../../../arm-none-eabi/lib/armv7-m\libstdc++.a(eh_throw.o)
                0x0000f5f8                __cxa_rethrow
 .text._ZL28read_encoded_value_with_basehjPKhPj
                0x0000f668       0xc0 s:/micro_proc/nxp/lpcxpresso_8.2.2_650/lpcxpresso/tools/bin/../lib/gcc/arm-none-eabi/5.4.1/../../../../arm-none-eabi/lib/armv7-m\libstdc++.a(eh_personality.o)
 .text._ZL21base_of_encoded_valuehP15_Unwind_Context
                0x0000f728       0x4c s:/micro_proc/nxp/lpcxpresso_8.2.2_650/lpcxpresso/tools/bin/../lib/gcc/arm-none-eabi/5.4.1/../../../../arm-none-eabi/lib/armv7-m\libstdc++.a(eh_personality.o)
 .text._ZL17parse_lsda_headerP15_Unwind_ContextPKhP16lsda_header_info
                0x0000f774       0x94 s:/micro_proc/nxp/lpcxpresso_8.2.2_650/lpcxpresso/tools/bin/../lib/gcc/arm-none-eabi/5.4.1/../../../../arm-none-eabi/lib/armv7-m\libstdc++.a(eh_personality.o)
 .text.__gxx_personality_v0
                0x0000f808      0x4b0 s:/micro_proc/nxp/lpcxpresso_8.2.2_650/lpcxpresso/tools/bin/../lib/gcc/arm-none-eabi/5.4.1/../../../../arm-none-eabi/lib/armv7-m\libstdc++.a(eh_personality.o)
                0x0000f808                __gxx_personality_v0
 .text.__cxa_get_globals_fast
                0x0000fcb8        0x8 s:/micro_proc/nxp/lpcxpresso_8.2.2_650/lpcxpresso/tools/bin/../lib/gcc/arm-none-eabi/5.4.1/../../../../arm-none-eabi/lib/armv7-m\libstdc++.a(eh_globals.o)
                0x0000fcb8                __cxa_get_globals_fast
 .text.__cxa_get_globals
                0x0000fcc0        0x8 s:/micro_proc/nxp/lpcxpresso_8.2.2_650/lpcxpresso/tools/bin/../lib/gcc/arm-none-eabi/5.4.1/../../../../arm-none-eabi/lib/armv7-m\libstdc++.a(eh_globals.o)
                0x0000fcc0                __cxa_get_globals
 .text._ZNSt13bad_exceptionD2Ev
                0x0000fcc8        0x4 s:/micro_proc/nxp/lpcxpresso_8.2.2_650/lpcxpresso/tools/bin/../lib/gcc/arm-none-eabi/5.4.1/../../../../arm-none-eabi/lib/armv7-m\libstdc++.a(eh_exception.o)
                0x0000fcc8                std::bad_exception::~bad_exception()
                0x0000fcc8                std::bad_exception::~bad_exception()
 .text._ZNKSt13bad_exception4whatEv
                0x0000fccc        0x8 s:/micro_proc/nxp/lpcxpresso_8.2.2_650/lpcxpresso/tools/bin/../lib/gcc/arm-none-eabi/5.4.1/../../../../arm-none-eabi/lib/armv7-m\libstdc++.a(eh_exception.o)
                0x0000fccc                std::bad_exception::what() const
 .text._ZNSt13bad_exceptionD0Ev
                0x0000fcd4        0xc s:/micro_proc/nxp/lpcxpresso_8.2.2_650/lpcxpresso/tools/bin/../lib/gcc/arm-none-eabi/5.4.1/../../../../arm-none-eabi/lib/armv7-m\libstdc++.a(eh_exception.o)
                0x0000fcd4                std::bad_exception::~bad_exception()
 .text._ZN12_GLOBAL__N_14pool4freeEPv.constprop.4
                0x0000fce0       0x7c s:/micro_proc/nxp/lpcxpresso_8.2.2_650/lpcxpresso/tools/bin/../lib/gcc/arm-none-eabi/5.4.1/../../../../arm-none-eabi/lib/armv7-m\libstdc++.a(eh_alloc.o)
 .text._ZN12_GLOBAL__N_14pool8allocateEj.constprop.5
                0x0000fd5c       0x64 s:/micro_proc/nxp/lpcxpresso_8.2.2_650/lpcxpresso/tools/bin/../lib/gcc/arm-none-eabi/5.4.1/../../../../arm-none-eabi/lib/armv7-m\libstdc++.a(eh_alloc.o)
 .text.__cxa_allocate_exception
                0x0000fdc0       0x30 s:/micro_proc/nxp/lpcxpresso_8.2.2_650/lpcxpresso/tools/bin/../lib/gcc/arm-none-eabi/5.4.1/../../../../arm-none-eabi/lib/armv7-m\libstdc++.a(eh_alloc.o)
                0x0000fdc0                __cxa_allocate_exception
 .text.__cxa_free_exception
                0x0000fdf0       0x20 s:/micro_proc/nxp/lpcxpresso_8.2.2_650/lpcxpresso/tools/bin/../lib/gcc/arm-none-eabi/5.4.1/../../../../arm-none-eabi/lib/armv7-m\libstdc++.a(eh_alloc.o)
                0x0000fdf0                __cxa_free_exception
 .text.startup._GLOBAL__sub_I___cxa_allocate_exception
                0x0000fe10       0x28 s:/micro_proc/nxp/lpcxpresso_8.2.2_650/lpcxpresso/tools/bin/../lib/gcc/arm-none-eabi/5.4.1/../../../../arm-none-eabi/lib/armv7-m\libstdc++.a(eh_alloc.o)
 .text.fabs     0x0000fe38        0x8 s:/micro_proc/nxp/lpcxpresso_8.2.2_650/lpcxpresso/tools/bin/../lib/gcc/arm-none-eabi/5.4.1/../../../../arm-none-eabi/lib/armv7-m\libm.a(lib_a-s_fabs.o)
                0x0000fe38                fabs
 .text.floor    0x0000fe40      0x110 s:/micro_proc/nxp/lpcxpresso_8.2.2_650/lpcxpresso/tools/bin/../lib/gcc/arm-none-eabi/5.4.1/../../../../arm-none-eabi/lib/armv7-m\libm.a(lib_a-s_floor.o)
                0x0000fe40                floor
 .text._sbrk    0x0000ff50       0x3c s:/micro_proc/nxp/lpcxpresso_8.2.2_650/lpcxpresso/tools/bin/../lib/gcc/arm-none-eabi/5.4.1/../../../../arm-none-eabi/lib/armv7-m\libcr_newlib_nohost.a(_cr_sbrk.o)
                0x0000ff50                _sbrk
 .text.abort    0x0000ff8c        0x2 s:/micro_proc/nxp/lpcxpresso_8.2.2_650/lpcxpresso/tools/bin/../lib/gcc/arm-none-eabi/5.4.1/../../../../arm-none-eabi/lib/armv7-m\libcr_newlib_nohost.a(cr_abort.o)
                0x0000ff8c                abort
 *fill*         0x0000ff8e        0x2 ff
 .text.__check_heap_overflow
                0x0000ff90       0x18 s:/micro_proc/nxp/lpcxpresso_8.2.2_650/lpcxpresso/tools/bin/../lib/gcc/arm-none-eabi/5.4.1/../../../../arm-none-eabi/lib/armv7-m\libcr_newlib_nohost.a(_cr_check_heap.o)
                0x0000ff90                __check_heap_overflow
 .text          0x0000ffa8       0x5c s:/micro_proc/nxp/lpcxpresso_8.2.2_650/lpcxpresso/tools/bin/../lib/gcc/arm-none-eabi/5.4.1/armv7-m\crtbegin.o
 .text          0x00010004       0x2c s:/micro_proc/nxp/lpcxpresso_8.2.2_650/lpcxpresso/tools/bin/../lib/gcc/arm-none-eabi/5.4.1/armv7-m\libgcc.a(_arm_unorddf2.o)
                0x00010004                __unorddf2
                0x00010004                __aeabi_dcmpun
 .text          0x00010030       0x40 s:/micro_proc/nxp/lpcxpresso_8.2.2_650/lpcxpresso/tools/bin/../lib/gcc/arm-none-eabi/5.4.1/armv7-m\libgcc.a(_arm_fixunsdfsi.o)
                0x00010030                __aeabi_d2uiz
                0x00010030                __fixunsdfsi
 .text          0x00010070      0x9e4 s:/micro_proc/nxp/lpcxpresso_8.2.2_650/lpcxpresso/tools/bin/../lib/gcc/arm-none-eabi/5.4.1/armv7-m\libgcc.a(unwind-arm.o)
                0x00010330                _Unwind_GetCFA
                0x00010334                __gnu_Unwind_RaiseException
                0x00010394                __gnu_Unwind_ForcedUnwind
                0x000103a8                __gnu_Unwind_Resume
                0x000103ec                __gnu_Unwind_Resume_or_Rethrow
                0x00010400                _Unwind_Complete
                0x00010404                _Unwind_DeleteException
                0x00010410                _Unwind_VRS_Get
                0x0001045c                _Unwind_VRS_Set
                0x000104ac                __gnu_Unwind_Backtrace
                0x000107f8                __aeabi_unwind_cpp_pr0
                0x000107fc                __aeabi_unwind_cpp_pr1
                0x00010800                __aeabi_unwind_cpp_pr2
                0x00010804                _Unwind_VRS_Pop
 .text          0x00010a54      0x1ac s:/micro_proc/nxp/lpcxpresso_8.2.2_650/lpcxpresso/tools/bin/../lib/gcc/arm-none-eabi/5.4.1/armv7-m\libgcc.a(libunwind.o)
                0x00010a54                __restore_core_regs
                0x00010a54                restore_core_regs
                0x00010a6c                __gnu_Unwind_Restore_VFP
                0x00010a74                __gnu_Unwind_Save_VFP
                0x00010a7c                __gnu_Unwind_Restore_VFP_D
                0x00010a84                __gnu_Unwind_Save_VFP_D
                0x00010a8c                __gnu_Unwind_Restore_VFP_D_16_to_31
                0x00010a94                __gnu_Unwind_Save_VFP_D_16_to_31
                0x00010a9c                __gnu_Unwind_Restore_WMMXD
                0x00010ae0                __gnu_Unwind_Save_WMMXD
                0x00010b24                __gnu_Unwind_Restore_WMMXC
                0x00010b38                __gnu_Unwind_Save_WMMXC
                0x00010b4c                ___Unwind_RaiseException
                0x00010b4c                _Unwind_RaiseException
                0x00010b70                _Unwind_Resume
                0x00010b70                ___Unwind_Resume
                0x00010b94                _Unwind_Resume_or_Rethrow
                0x00010b94                ___Unwind_Resume_or_Rethrow
                0x00010bb8                _Unwind_ForcedUnwind
                0x00010bb8                ___Unwind_ForcedUnwind
                0x00010bdc                ___Unwind_Backtrace
                0x00010bdc                _Unwind_Backtrace
 .text          0x00010c00      0x354 s:/micro_proc/nxp/lpcxpresso_8.2.2_650/lpcxpresso/tools/bin/../lib/gcc/arm-none-eabi/5.4.1/armv7-m\libgcc.a(pr-support.o)
                0x00010c58                __gnu_unwind_execute
                0x00010efc                __gnu_unwind_frame
                0x00010f24                _Unwind_GetRegionStart
                0x00010f30                _Unwind_GetLanguageSpecificData
                0x00010f44                _Unwind_GetTextRelBase
                0x00010f4c                _Unwind_GetDataRelBase
 .text.write    0x00010f54       0x18 s:/micro_proc/nxp/lpcxpresso_8.2.2_650/lpcxpresso/tools/bin/../lib/gcc/arm-none-eabi/5.4.1/../../../../arm-none-eabi/lib/armv7-m\libc.a(lib_a-syswrite.o)
                0x00010f54                write
 *(.rodata .rodata.*)
 .rodata._ZTVN4mbed8FileBaseE