Archive member included to satisfy reference by file (symbol)

s:/micro_proc/nxp/lpcxpresso_8.2.2_650/lpcxpresso/tools/bin/../lib/gcc/arm-none-eabi/5.4.1/armv7-m\libgcc.a(_arm_addsubdf3.o)
                              ./capi_device/spi_api.o (__aeabi_dadd)
s:/micro_proc/nxp/lpcxpresso_8.2.2_650/lpcxpresso/tools/bin/../lib/gcc/arm-none-eabi/5.4.1/armv7-m\libgcc.a(_arm_muldivdf3.o)
                              ./capi_device/serial_api.o (__aeabi_dmul)
s:/micro_proc/nxp/lpcxpresso_8.2.2_650/lpcxpresso/tools/bin/../lib/gcc/arm-none-eabi/5.4.1/armv7-m\libgcc.a(_arm_cmpdf2.o)
                              ./capi_device/serial_api.o (__aeabi_dcmplt)
s:/micro_proc/nxp/lpcxpresso_8.2.2_650/lpcxpresso/tools/bin/../lib/gcc/arm-none-eabi/5.4.1/armv7-m\libgcc.a(_arm_fixdfsi.o)
                              ./capi_device/spi_api.o (__aeabi_d2iz)
s:/micro_proc/nxp/lpcxpresso_8.2.2_650/lpcxpresso/tools/bin/../lib/gcc/arm-none-eabi/5.4.1/armv7-m\libgcc.a(_arm_truncdfsf2.o)
                              ./capi_device/serial_api.o (__aeabi_d2f)
s:/micro_proc/nxp/lpcxpresso_8.2.2_650/lpcxpresso/tools/bin/../lib/gcc/arm-none-eabi/5.4.1/armv7-m\libgcc.a(_arm_addsubsf3.o)
                              ./capi_device/serial_api.o (__aeabi_fsub)
s:/micro_proc/nxp/lpcxpresso_8.2.2_650/lpcxpresso/tools/bin/../lib/gcc/arm-none-eabi/5.4.1/armv7-m\libgcc.a(_arm_muldivsf3.o)
                              ./capi_device/analogin_api.o (__aeabi_fmul)
s:/micro_proc/nxp/lpcxpresso_8.2.2_650/lpcxpresso/tools/bin/../lib/gcc/arm-none-eabi/5.4.1/armv7-m\libgcc.a(_arm_cmpsf2.o)
                              ./capi_device/analogout_api.o (__aeabi_fcmplt)
s:/micro_proc/nxp/lpcxpresso_8.2.2_650/lpcxpresso/tools/bin/../lib/gcc/arm-none-eabi/5.4.1/armv7-m\libgcc.a(_arm_fixsfsi.o)
                              ./capi_device/analogout_api.o (__aeabi_f2iz)
s:/micro_proc/nxp/lpcxpresso_8.2.2_650/lpcxpresso/tools/bin/../lib/gcc/arm-none-eabi/5.4.1/armv7-m\libgcc.a(_arm_fixunssfsi.o)
                              ./capi_device/pwmout_api.o (__aeabi_f2uiz)
s:/micro_proc/nxp/lpcxpresso_8.2.2_650/lpcxpresso/tools/bin/../lib/gcc/arm-none-eabi/5.4.1/armv7-m\libgcc.a(_aeabi_uldivmod.o)
                              ./cmsis/LPC1768/system_LPC17xx.o (__aeabi_uldivmod)
s:/micro_proc/nxp/lpcxpresso_8.2.2_650/lpcxpresso/tools/bin/../lib/gcc/arm-none-eabi/5.4.1/armv7-m\libgcc.a(_udivmoddi4.o)
                              s:/micro_proc/nxp/lpcxpresso_8.2.2_650/lpcxpresso/tools/bin/../lib/gcc/arm-none-eabi/5.4.1/armv7-m\libgcc.a(_aeabi_uldivmod.o) (__udivmoddi4)
s:/micro_proc/nxp/lpcxpresso_8.2.2_650/lpcxpresso/tools/bin/../lib/gcc/arm-none-eabi/5.4.1/armv7-m\libgcc.a(_dvmd_tls.o)
                              s:/micro_proc/nxp/lpcxpresso_8.2.2_650/lpcxpresso/tools/bin/../lib/gcc/arm-none-eabi/5.4.1/armv7-m\libgcc.a(_aeabi_uldivmod.o) (__aeabi_ldiv0)
s:/micro_proc/nxp/lpcxpresso_8.2.2_650/lpcxpresso/tools/bin/../lib/gcc/arm-none-eabi/5.4.1/../../../../arm-none-eabi/lib/armv7-m\libc.a(lib_a-errno.o)
                              ./mbed/stdio.o (__errno)
s:/micro_proc/nxp/lpcxpresso_8.2.2_650/lpcxpresso/tools/bin/../lib/gcc/arm-none-eabi/5.4.1/../../../../arm-none-eabi/lib/armv7-m\libc.a(lib_a-fclose.o)
                              ./mbed/Stream.o (fclose)
s:/micro_proc/nxp/lpcxpresso_8.2.2_650/lpcxpresso/tools/bin/../lib/gcc/arm-none-eabi/5.4.1/../../../../arm-none-eabi/lib/armv7-m\libc.a(lib_a-feof.o)
                              ./main.o (feof)
s:/micro_proc/nxp/lpcxpresso_8.2.2_650/lpcxpresso/tools/bin/../lib/gcc/arm-none-eabi/5.4.1/../../../../arm-none-eabi/lib/armv7-m\libc.a(lib_a-fflush.o)
                              s:/micro_proc/nxp/lpcxpresso_8.2.2_650/lpcxpresso/tools/bin/../lib/gcc/arm-none-eabi/5.4.1/../../../../arm-none-eabi/lib/armv7-m\libc.a(lib_a-fclose.o) (__sflush_r)
s:/micro_proc/nxp/lpcxpresso_8.2.2_650/lpcxpresso/tools/bin/../lib/gcc/arm-none-eabi/5.4.1/../../../../arm-none-eabi/lib/armv7-m\libc.a(lib_a-fgetc.o)
                              ./mbed/Stream.o (fgetc)
s:/micro_proc/nxp/lpcxpresso_8.2.2_650/lpcxpresso/tools/bin/../lib/gcc/arm-none-eabi/5.4.1/../../../../arm-none-eabi/lib/armv7-m\libc.a(lib_a-fgets.o)
                              ./mbed/Stream.o (fgets)
s:/micro_proc/nxp/lpcxpresso_8.2.2_650/lpcxpresso/tools/bin/../lib/gcc/arm-none-eabi/5.4.1/../../../../arm-none-eabi/lib/armv7-m\libc.a(lib_a-findfp.o)
                              s:/micro_proc/nxp/lpcxpresso_8.2.2_650/lpcxpresso/tools/bin/../lib/gcc/arm-none-eabi/5.4.1/../../../../arm-none-eabi/lib/armv7-m\libc.a(lib_a-fclose.o) (__sinit)
s:/micro_proc/nxp/lpcxpresso_8.2.2_650/lpcxpresso/tools/bin/../lib/gcc/arm-none-eabi/5.4.1/../../../../arm-none-eabi/lib/armv7-m\libc.a(lib_a-fopen.o)
                              ./mbed/Stream.o (fopen)
s:/micro_proc/nxp/lpcxpresso_8.2.2_650/lpcxpresso/tools/bin/../lib/gcc/arm-none-eabi/5.4.1/../../../../arm-none-eabi/lib/armv7-m\libc.a(lib_a-fprintf.o)
                              ./mbed/stdio.o (fprintf)
[...]
Memory Configuration

Name             Origin             Length             Attributes
MFlash512        0x00000000         0x00080000         xr
RamLoc32         0x100000c8         0x00007f38         xrw
RamAHB32         0x2007c000         0x00008000         xrw
*default*        0x00000000         0xffffffff

Linker script and memory map

LOAD ./mbed/BusIn.o
LOAD ./mbed/BusInOut.o
LOAD ./mbed/BusOut.o
LOAD ./mbed/CAN.o
LOAD ./mbed/Ethernet.o
LOAD ./mbed/FileBase.o
LOAD ./mbed/FileLike.o
LOAD ./mbed/FilePath.o
LOAD ./mbed/FileSystemLike.o
LOAD ./mbed/FunctionPointer.o
LOAD ./mbed/I2C.o
LOAD ./mbed/I2CSlave.o
LOAD ./mbed/InterruptIn.o
LOAD ./mbed/LocalFileSystem.o
LOAD ./mbed/SPI.o
LOAD ./mbed/SPISlave.o
LOAD ./mbed/Serial.o
LOAD ./mbed/Stream.o
LOAD ./mbed/Ticker.o
LOAD ./mbed/Timeout.o
LOAD ./mbed/Timer.o
LOAD ./mbed/TimerEvent.o
LOAD ./mbed/stdio.o
LOAD ./cmsis/LPC1768/GCC_CR/startup_LPC17xx.o
LOAD ./cmsis/LPC1768/cmsis_nvic.o
LOAD ./cmsis/LPC1768/core_cm3.o
LOAD ./cmsis/LPC1768/system_LPC17xx.o
LOAD ./capi_device/analogin_api.o
LOAD ./capi_device/analogout_api.o
LOAD ./capi_device/can_api.o
LOAD ./capi_device/ethernet_api.o
LOAD ./capi_device/gpio_api.o
LOAD ./capi_device/gpio_irq_api.o
LOAD ./capi_device/i2c_api.o
LOAD ./capi_device/pinmap.o
LOAD ./capi_device/port_api.o
LOAD ./capi_device/pwmout_api.o
LOAD ./capi_device/rtc_api.o
LOAD ./capi_device/semihost.o
LOAD ./capi_device/serial_api.o
LOAD ./capi_device/sleep.o
LOAD ./capi_device/spi_api.o
LOAD ./capi_device/us_ticker.o
LOAD ./capi/board.o
LOAD ./capi/exit.o
LOAD ./capi/mbed_interface.o
LOAD ./capi/pinmap_common.o
LOAD ./capi/rtc_time.o
LOAD ./capi/semihost_api.o
LOAD ./capi/us_ticker_api.o
LOAD ./capi/wait_api.o
LOAD ./MFRC522.o
LOAD ./main.o
START GROUP
LOAD s:/micro_proc/nxp/lpcxpresso_8.2.2_650/lpcxpresso/tools/bin/../lib/gcc/arm-none-eabi/5.4.1/armv7-m\libgcc.a
LOAD s:/micro_proc/nxp/lpcxpresso_8.2.2_650/lpcxpresso/tools/bin/../lib/gcc/arm-none-eabi/5.4.1/../../../../arm-none-eabi/lib/armv7-m\libc.a
LOAD s:/micro_proc/nxp/lpcxpresso_8.2.2_650/lpcxpresso/tools/bin/../lib/gcc/arm-none-eabi/5.4.1/../../../../arm-none-eabi/lib/armv7-m\libstdc++.a
LOAD s:/micro_proc/nxp/lpcxpresso_8.2.2_650/lpcxpresso/tools/bin/../lib/gcc/arm-none-eabi/5.4.1/../../../../arm-none-eabi/lib/armv7-m\libm.a
LOAD s:/micro_proc/nxp/lpcxpresso_8.2.2_650/lpcxpresso/tools/bin/../lib/gcc/arm-none-eabi/5.4.1/../../../../arm-none-eabi/lib/armv7-m\libcr_newlib_nohost.a
LOAD s:/micro_proc/nxp/lpcxpresso_8.2.2_650/lpcxpresso/tools/bin/../lib/gcc/arm-none-eabi/5.4.1/armv7-m\crti.o
LOAD s:/micro_proc/nxp/lpcxpresso_8.2.2_650/lpcxpresso/tools/bin/../lib/gcc/arm-none-eabi/5.4.1/armv7-m\crtn.o
LOAD s:/micro_proc/nxp/lpcxpresso_8.2.2_650/lpcxpresso/tools/bin/../lib/gcc/arm-none-eabi/5.4.1/armv7-m\crtbegin.o
LOAD s:/micro_proc/nxp/lpcxpresso_8.2.2_650/lpcxpresso/tools/bin/../lib/gcc/arm-none-eabi/5.4.1/armv7-m\crtend.o
END GROUP
                0x00080000                __top_MFlash512 = 0x80000
                0x10008000                __top_RamLoc32 = 0x10008000
                0x20084000                __top_RamAHB32 = 0x20084000
START GROUP
LOAD s:/micro_proc/nxp/lpcxpresso_8.2.2_650/lpcxpresso/tools/bin/../lib/gcc/arm-none-eabi/5.4.1/armv7-m\libgcc.a
LOAD s:/micro_proc/nxp/lpcxpresso_8.2.2_650/lpcxpresso/tools/bin/../lib/gcc/arm-none-eabi/5.4.1/../../../../arm-none-eabi/lib/armv7-m\libc.a
LOAD s:/micro_proc/nxp/lpcxpresso_8.2.2_650/lpcxpresso/tools/bin/../lib/gcc/arm-none-eabi/5.4.1/../../../../arm-none-eabi/lib/armv7-m\libstdc++.a
LOAD s:/micro_proc/nxp/lpcxpresso_8.2.2_650/lpcxpresso/tools/bin/../lib/gcc/arm-none-eabi/5.4.1/../../../../arm-none-eabi/lib/armv7-m\libm.a
LOAD s:/micro_proc/nxp/lpcxpresso_8.2.2_650/lpcxpresso/tools/bin/../lib/gcc/arm-none-eabi/5.4.1/../../../../arm-none-eabi/lib/armv7-m\libcr_newlib_semihost.a
END GROUP

.text           0x00000000    0x11740
 FILL mask 0xff
 *(.isr_vector)
 .isr_vector    0x00000000       0xcc ./cmsis/LPC1768/GCC_CR/startup_LPC17xx.o
                0x00000000                g_pfnVectors
                0x000000cc                . = ALIGN (0x4)
                0x000000cc                __section_table_start = .
                0x000000cc                __data_section_table = .
                0x000000cc        0x4 LONG 0x119c8 LOADADDR (.data)
                0x000000d0        0x4 LONG 0x100000c8 ADDR (.data)
                0x000000d4        0x4 LONG 0x8d8 SIZEOF (.data)
                0x000000d8        0x4 LONG 0x119c8 LOADADDR (.data_RAM2)
                0x000000dc        0x4 LONG 0x2007c000 ADDR (.data_RAM2)
                0x000000e0        0x4 LONG 0x0 SIZEOF (.data_RAM2)
                0x000000e4                __data_section_table_end = .
                0x000000e4                __bss_section_table = .
                0x000000e4        0x4 LONG 0x100009a0 ADDR (.bss)
                0x000000e8        0x4 LONG 0x250 SIZEOF (.bss)
                0x000000ec        0x4 LONG 0x2007c000 ADDR (.bss_RAM2)
                0x000000f0        0x4 LONG 0x0 SIZEOF (.bss_RAM2)
                0x000000f4                __bss_section_table_end = .
                0x000000f4                __section_table_end = .
 *(.after_vectors*)
 .after_vectors
                0x000000f4      0x170 ./cmsis/LPC1768/GCC_CR/startup_LPC17xx.o
                0x000000f4                data_init
                0x00000138                bss_init
                0x00000170                ResetISR
                0x000001ec                NMI_Handler
                0x000001f8                HardFault_Handler
                0x00000204                MemManage_Handler
                0x00000210                BusFault_Handler
                0x0000021c                UsageFault_Handler
                0x00000228                SVCall_Handler
                0x00000234                DebugMon_Handler
                0x00000240                PendSV_Handler
                0x0000024c                SysTick_Handler
                0x00000258                EINT2_IRQHandler
                0x00000258                UART1_IRQHandler
                0x00000258                EINT3_IRQHandler
                0x00000258                CANActivity_IRQHandler
                0x00000258                TIMER3_IRQHandler
                0x00000258                UART0_IRQHandler
                0x00000258                USBActivity_IRQHandler
                0x00000258                I2C1_IRQHandler
                0x00000258                IntDefaultHandler
                0x00000258                PLL0_IRQHandler
                0x00000258                I2C0_IRQHandler
                0x00000258                PLL1_IRQHandler
                0x00000258                PWM1_IRQHandler
                0x00000258                I2S_IRQHandler
                0x00000258                I2C2_IRQHandler
                0x00000258                RTC_IRQHandler
                0x00000258                TIMER0_IRQHandler
                0x00000258                SPI_IRQHandler
                0x00000258                RIT_IRQHandler
                0x00000258                EINT1_IRQHandler
                0x00000258                TIMER1_IRQHandler
                0x00000258                UART2_IRQHandler
                0x00000258                ADC_IRQHandler
                0x00000258                SSP1_IRQHandler
                0x00000258                USB_IRQHandler
                0x00000258                BOD_IRQHandler
                0x00000258                SSP0_IRQHandler
                0x00000258                WDT_IRQHandler
                0x00000258                QEI_IRQHandler
                0x00000258                EINT0_IRQHandler
                0x00000258                TIMER2_IRQHandler
                0x00000258                DMA_IRQHandler
                0x00000258                CAN_IRQHandler
                0x00000258                UART3_IRQHandler
                0x00000258                MCPWM_IRQHandler
                0x00000258                ENET_IRQHandler
 *(.text*)
 .text.gpio_read
                0x00000264       0x28 ./mbed/BusIn.o
 .text._ZN4mbed9DigitalInC2E7PinName
                0x0000028c       0x20 ./mbed/BusIn.o
                0x0000028c                mbed::DigitalIn::DigitalIn(PinName)
                0x0000028c                mbed::DigitalIn::DigitalIn(PinName)
 .text._ZN4mbed9DigitalIn4readEv
                0x000002ac       0x1c ./mbed/BusIn.o
                0x000002ac                mbed::DigitalIn::read()
 .text.gpio_write
                0x000002c8       0x30 ./mbed/BusOut.o
 .text._ZN4mbed10DigitalOutC2E7PinName
                0x000002f8       0x20 ./mbed/BusOut.o
                0x000002f8                mbed::DigitalOut::DigitalOut(PinName)
                0x000002f8                mbed::DigitalOut::DigitalOut(PinName)
 .text._ZN4mbed10DigitalOut5writeEi
                0x00000318       0x1c ./mbed/BusOut.o
                0x00000318                mbed::DigitalOut::write(int)
 .text._ZN4mbed8FileBaseC2EPKcNS_8PathTypeE
                0x00000334       0x50 ./mbed/FileBase.o
                0x00000334                mbed::FileBase::FileBase(char const*, mbed::PathType)
                0x00000334                mbed::FileBase::FileBase(char const*, mbed::PathType)
 .text._ZN4mbed8FileBaseD2Ev
                0x00000384       0x68 ./mbed/FileBase.o
                0x00000384                mbed::FileBase::~FileBase()
                0x00000384                mbed::FileBase::~FileBase()
 .text._ZN4mbed8FileBaseD0Ev
                0x000003ec       0x20 ./mbed/FileBase.o
                0x000003ec                mbed::FileBase::~FileBase()
 .text._ZN4mbed8FileBase6lookupEPKcj
                0x0000040c       0x68 ./mbed/FileBase.o
                0x0000040c                mbed::FileBase::lookup(char const*, unsigned int)
 .text._ZN4mbed8FileBase11getPathTypeEv
                0x00000474       0x18 ./mbed/FileBase.o
                0x00000474                mbed::FileBase::getPathType()
 .text._ZN4mbed10FileHandle4flenEv
                0x0000048c       0x54 ./mbed/FileLike.o
                0x0000048c                mbed::FileHandle::flen()
 .text._ZN4mbed10FileHandleC2Ev
                0x000004e0       0x20 ./mbed/FileLike.o
                0x000004e0                mbed::FileHandle::FileHandle()
                0x000004e0                mbed::FileHandle::FileHandle()
 .text._ZN4mbed8FilePathC2EPKc
                0x00000500       0x90 ./mbed/FilePath.o
                0x00000500                mbed::FilePath::FilePath(char const*)
                0x00000500                mbed::FilePath::FilePath(char const*)
 .text._ZN4mbed8FilePath8fileNameEv
                0x00000590       0x18 ./mbed/FilePath.o
                0x00000590                mbed::FilePath::fileName()
 .text._ZN4mbed8FilePath12isFileSystemEv
                0x000005a8       0x28 ./mbed/FilePath.o
                0x000005a8                mbed::FilePath::isFileSystem()
 .text._ZN4mbed8FilePath10fileSystemEv
                0x000005d0       0x24 ./mbed/FilePath.o
                0x000005d0                mbed::FilePath::fileSystem()
 .text._ZN4mbed8FilePath6isFileEv
                0x000005f4       0x28 ./mbed/FilePath.o
                0x000005f4                mbed::FilePath::isFile()
 .text._ZN4mbed8FilePath4fileEv
                0x0000061c       0x34 ./mbed/FilePath.o
                0x0000061c                mbed::FilePath::file()
 .text._ZN4mbed9DirHandle7telldirEv
                0x00000650       0x18 ./mbed/FileSystemLike.o
                0x00000650                mbed::DirHandle::telldir()
 .text._ZN4mbed9DirHandle7seekdirEl
                0x00000668       0x14 ./mbed/FileSystemLike.o
                0x00000668                mbed::DirHandle::seekdir(long)
 .text._ZN4mbed9DirHandleD2Ev
                0x0000067c       0x28 ./mbed/FileSystemLike.o
                0x0000067c                mbed::DirHandle::~DirHandle()
                0x0000067c                mbed::DirHandle::~DirHandle()
 .text._ZN4mbed9DirHandleD0Ev
                0x000006a4       0x20 ./mbed/FileSystemLike.o
                0x000006a4                mbed::DirHandle::~DirHandle()
 .text._ZN4mbed14FileSystemLike6removeEPKc
                0x000006c4       0x18 ./mbed/FileSystemLike.o
                0x000006c4                mbed::FileSystemLike::remove(char const*)
 .text._ZN4mbed14FileSystemLike6renameEPKcS2_
                0x000006dc       0x1c ./mbed/FileSystemLike.o
                0x000006dc                mbed::FileSystemLike::rename(char const*, char const*)
 .text._ZN4mbed14FileSystemLike7opendirEPKc
                0x000006f8       0x18 ./mbed/FileSystemLike.o
                0x000006f8                mbed::FileSystemLike::opendir(char const*)
 .text._ZN4mbed14FileSystemLike5mkdirEPKcm
                0x00000710       0x1c ./mbed/FileSystemLike.o
                0x00000710                mbed::FileSystemLike::mkdir(char const*, unsigned long)
 .text._ZN4mbed9DirHandleC2Ev
                0x0000072c       0x20 ./mbed/FileSystemLike.o
                0x0000072c                mbed::DirHandle::DirHandle()
                0x0000072c                mbed::DirHandle::DirHandle()
 .text._ZN4mbed14FileSystemLikeC2EPKc
                0x0000074c       0x2c ./mbed/FileSystemLike.o
                0x0000074c                mbed::FileSystemLike::FileSystemLike(char const*)
                0x0000074c                mbed::FileSystemLike::FileSystemLike(char const*)
 .text._ZN4mbed14FileSystemLikeD2Ev
                0x00000778       0x30 ./mbed/FileSystemLike.o
                0x00000778                mbed::FileSystemLike::~FileSystemLike()
                0x00000778                mbed::FileSystemLike::~FileSystemLike()
 .text.__semihost
                0x000007a8       0x24 ./mbed/LocalFileSystem.o
 .text._ZN4mbedL6xffindEPKcPNS_6XFINFOE
                0x000007cc       0x38 ./mbed/LocalFileSystem.o
 .text._ZN4mbed28posix_to_semihost_open_flagsEi
                0x00000804       0x7c ./mbed/LocalFileSystem.o
                0x00000804                mbed::posix_to_semihost_open_flags(int)
 .text._ZN4mbed15LocalFileHandleC2Ei
                0x00000880       0x34 ./mbed/LocalFileSystem.o
                0x00000880                mbed::LocalFileHandle::LocalFileHandle(int)
                0x00000880                mbed::LocalFileHandle::LocalFileHandle(int)
 .text._ZN4mbed15LocalFileHandle5closeEv
                0x000008b4       0x30 ./mbed/LocalFileSystem.o
                0x000008b4                mbed::LocalFileHandle::close()
 .text._ZN4mbed15LocalFileHandle5writeEPKvj
                0x000008e4       0x3c ./mbed/LocalFileSystem.o
                0x000008e4                mbed::LocalFileHandle::write(void const*, unsigned int)
 .text._ZN4mbed15LocalFileHandle4readEPvj
                0x00000920       0x3c ./mbed/LocalFileSystem.o
                0x00000920                mbed::LocalFileHandle::read(void*, unsigned int)
 .text._ZN4mbed15LocalFileHandle6isattyEv
                0x0000095c       0x1c ./mbed/LocalFileSystem.o
                0x0000095c                mbed::LocalFileHandle::isatty()
 .text._ZN4mbed15LocalFileHandle5lseekEli
                0x00000978       0x54 ./mbed/LocalFileSystem.o
                0x00000978                mbed::LocalFileHandle::lseek(long, int)
 .text._ZN4mbed15LocalFileHandle5fsyncEv
                0x000009cc       0x1c ./mbed/LocalFileSystem.o
                0x000009cc                mbed::LocalFileHandle::fsync()
 .text._ZN4mbed15LocalFileHandle4flenEv
                0x000009e8       0x1c ./mbed/LocalFileSystem.o
                0x000009e8                mbed::LocalFileHandle::flen()
 .text._ZN4mbed14LocalDirHandleC2Ev
                0x00000a04       0x2c ./mbed/LocalFileSystem.o
                0x00000a04                mbed::LocalDirHandle::LocalDirHandle()
                0x00000a04                mbed::LocalDirHandle::LocalDirHandle()
 .text._ZN4mbed14LocalDirHandle8closedirEv
                0x00000a30       0x24 ./mbed/LocalFileSystem.o
                0x00000a30                mbed::LocalDirHandle::closedir()
 .text._ZN4mbed14LocalDirHandle7readdirEv
                0x00000a54       0x4c ./mbed/LocalFileSystem.o
                0x00000a54                mbed::LocalDirHandle::readdir()
 .text._ZN4mbed14LocalDirHandle9rewinddirEv
                0x00000aa0       0x1c ./mbed/LocalFileSystem.o
                0x00000aa0                mbed::LocalDirHandle::rewinddir()
 .text._ZN4mbed14LocalDirHandle7telldirEv
                0x00000abc       0x18 ./mbed/LocalFileSystem.o
                0x00000abc                mbed::LocalDirHandle::telldir()
 .text._ZN4mbed14LocalDirHandle7seekdirEl
                0x00000ad4       0x1c ./mbed/LocalFileSystem.o
                0x00000ad4                mbed::LocalDirHandle::seekdir(long)
 .text._ZN4mbed15LocalFileSystem4openEPKci
                0x00000af0       0x74 ./mbed/LocalFileSystem.o
                0x00000af0                mbed::LocalFileSystem::open(char const*, int)
 .text._ZN4mbed15LocalFileSystem6removeEPKc
                0x00000b64       0x1c ./mbed/LocalFileSystem.o
                0x00000b64                mbed::LocalFileSystem::remove(char const*)
 .text._ZN4mbed15LocalFileSystem7opendirEPKc
                0x00000b80       0x28 ./mbed/LocalFileSystem.o
                0x00000b80                mbed::LocalFileSystem::opendir(char const*)
 .text._ZN4mbed14LocalDirHandleD2Ev
                0x00000ba8       0x30 ./mbed/LocalFileSystem.o
                0x00000ba8                mbed::LocalDirHandle::~LocalDirHandle()
                0x00000ba8                mbed::LocalDirHandle::~LocalDirHandle()
 .text._ZN4mbed14LocalDirHandleD0Ev
                0x00000bd8       0x20 ./mbed/LocalFileSystem.o
                0x00000bd8                mbed::LocalDirHandle::~LocalDirHandle()
 .text._ZN4mbed15LocalFileSystemD2Ev
                0x00000bf8       0x30 ./mbed/LocalFileSystem.o
                0x00000bf8                mbed::LocalFileSystem::~LocalFileSystem()
                0x00000bf8                mbed::LocalFileSystem::~LocalFileSystem()
 .text._ZN4mbed15LocalFileSystemD0Ev
                0x00000c28       0x20 ./mbed/LocalFileSystem.o
                0x00000c28                mbed::LocalFileSystem::~LocalFileSystem()
 .text._ZN4mbed15LocalFileHandleD2Ev
                0x00000c48       0x30 ./mbed/LocalFileSystem.o
                0x00000c48                mbed::LocalFileHandle::~LocalFileHandle()
                0x00000c48                mbed::LocalFileHandle::~LocalFileHandle()
 .text._ZN4mbed15LocalFileHandleD0Ev
                0x00000c78       0x20 ./mbed/LocalFileSystem.o
                0x00000c78                mbed::LocalFileHandle::~LocalFileHandle()
 .text._ZN4mbed3SPIC2E7PinNameS1_S1_
                0x00000c98       0x70 ./mbed/SPI.o
                0x00000c98                mbed::SPI::SPI(PinName, PinName, PinName)
                0x00000c98                mbed::SPI::SPI(PinName, PinName, PinName)
 .text._ZN4mbed3SPI6formatEii
                0x00000d08       0x30 ./mbed/SPI.o
                0x00000d08                mbed::SPI::format(int, int)
 .text._ZN4mbed3SPI9frequencyEi
                0x00000d38       0x28 ./mbed/SPI.o
                0x00000d38                mbed::SPI::frequency(int)
 .text._ZN4mbed3SPI6aquireEv
                0x00000d60       0x48 ./mbed/SPI.o
                0x00000d60                mbed::SPI::aquire()
 .text._ZN4mbed3SPI5writeEi
                0x00000da8       0x28 ./mbed/SPI.o
                0x00000da8                mbed::SPI::write(int)
 .text._ZN4mbed10FileHandleD2Ev
                0x00000dd0       0x58 ./mbed/stdio.o
                0x00000dd0                mbed::FileHandle::~FileHandle()
                0x00000dd0                mbed::FileHandle::~FileHandle()
 .text._ZL11init_serialv
                0x00000e28       0x2c ./mbed/stdio.o
 .text._ZL17openmode_to_posixi
                0x00000e54       0x18 ./mbed/stdio.o
 .text._open    0x00000e6c      0x154 ./mbed/stdio.o
                0x00000e6c                _open
 .text._close   0x00000fc0       0x50 ./mbed/stdio.o
                0x00000fc0                _close
 .text._write   0x00001010       0x88 ./mbed/stdio.o
                0x00001010                _write
 .text._read    0x00001098       0x64 ./mbed/stdio.o
                0x00001098                _read
 .text._isatty  0x000010fc       0x44 ./mbed/stdio.o
                0x000010fc                _isatty
 .text._lseek   0x00001140       0x4c ./mbed/stdio.o
                0x00001140                _lseek
 .text._fstat   0x0000118c       0x40 ./mbed/stdio.o
                0x0000118c                _fstat
 .text._ZN9__gnu_cxx27__verbose_terminate_handlerEv
                0x000011cc       0x20 ./mbed/stdio.o
                0x000011cc                __gnu_cxx::__verbose_terminate_handler()
 .text.__aeabi_atexit
                0x000011ec       0x18 ./cmsis/LPC1768/GCC_CR/startup_LPC17xx.o
                0x000011ec                __aeabi_atexit
 .text._Znwj    0x00001204       0x18 ./cmsis/LPC1768/GCC_CR/startup_LPC17xx.o
                0x00001204                operator new(unsigned int)
 .text._ZdlPv   0x0000121c       0x18 ./cmsis/LPC1768/GCC_CR/startup_LPC17xx.o
                0x0000121c                operator delete(void*)
 .text.NVIC_SetVector
                0x00001234       0x70 ./cmsis/LPC1768/cmsis_nvic.o
                0x00001234                NVIC_SetVector
 .text.SystemInit
                0x000012a4       0xfc ./cmsis/LPC1768/system_LPC17xx.o
                0x000012a4                SystemInit
 .text.gpio_enable
                0x000013a0       0x18 ./capi_device/gpio_api.o
 .text.gpio_set
                0x000013b8       0x38 ./capi_device/gpio_api.o
                0x000013b8                gpio_set
 .text.gpio_init
                0x000013f0       0x88 ./capi_device/gpio_api.o
                0x000013f0                gpio_init
 .text.gpio_dir
                0x00001478       0x4c ./capi_device/gpio_api.o
                0x00001478                gpio_dir
 .text.pin_function
                0x000014c4       0x74 ./capi_device/pinmap.o
                0x000014c4                pin_function
 .text.pin_mode
                0x00001538       0xdc ./capi_device/pinmap.o
                0x00001538                pin_mode
 .text.pwmout_init
                0x00001614       0xb8 ./capi_device/pwmout_api.o
                0x00001614                pwmout_init
 .text.pwmout_write
                0x000016cc       0x90 ./capi_device/pwmout_api.o
                0x000016cc                pwmout_write
 .text.pwmout_period
                0x0000175c       0x30 ./capi_device/pwmout_api.o
                0x0000175c                pwmout_period
 .text.pwmout_period_ms
                0x0000178c       0x24 ./capi_device/pwmout_api.o
                0x0000178c                pwmout_period_ms
 .text.pwmout_period_us
                0x000017b0       0x68 ./capi_device/pwmout_api.o
                0x000017b0                pwmout_period_us
 .text.semihost_connected
                0x00001818       0x24 ./capi_device/semihost.o
                0x00001818                semihost_connected
 .text.serial_init
                0x0000183c      0x1a0 ./capi_device/serial_api.o
                0x0000183c                serial_init
 *fill*         0x000019dc        0x4 ff
 .text.serial_baud
                0x000019e0      0x31c ./capi_device/serial_api.o
                0x000019e0                serial_baud
 .text.serial_format
                0x00001cfc      0x108 ./capi_device/serial_api.o
                0x00001cfc                serial_format
 .text.serial_getc
                0x00001e04       0x28 ./capi_device/serial_api.o
                0x00001e04                serial_getc
 .text.serial_putc
                0x00001e2c       0x2c ./capi_device/serial_api.o
                0x00001e2c                serial_putc
 .text.serial_readable
                0x00001e58       0x20 ./capi_device/serial_api.o
                0x00001e58                serial_readable
 .text.serial_writable
                0x00001e78       0x20 ./capi_device/serial_api.o
                0x00001e78                serial_writable
 .text.spi_init
                0x00001e98      0x140 ./capi_device/spi_api.o
                0x00001e98                spi_init
 .text.spi_format
                0x00001fd8      0x100 ./capi_device/spi_api.o
                0x00001fd8                spi_format
 .text.spi_frequency
                0x000020d8      0x140 ./capi_device/spi_api.o
                0x000020d8                spi_frequency
 .text.ssp_disable
                0x00002218       0x24 ./capi_device/spi_api.o
 .text.ssp_enable
                0x0000223c       0x24 ./capi_device/spi_api.o
 .text.ssp_readable
                0x00002260       0x1c ./capi_device/spi_api.o
 .text.ssp_writeable
                0x0000227c       0x1c ./capi_device/spi_api.o
 .text.ssp_write
                0x00002298       0x28 ./capi_device/spi_api.o
 .text.ssp_read
                0x000022c0       0x24 ./capi_device/spi_api.o
 .text.spi_master_write
                0x000022e4       0x24 ./capi_device/spi_api.o
                0x000022e4                spi_master_write
 .text.NVIC_EnableIRQ
                0x00002308       0x30 ./capi_device/us_ticker.o
 .text.us_ticker_init
                0x00002338       0x84 ./capi_device/us_ticker.o
                0x00002338                us_ticker_init
 .text.us_ticker_read
                0x000023bc       0x20 ./capi_device/us_ticker.o
                0x000023bc                us_ticker_read
 .text.us_ticker_set_interrupt
                0x000023dc       0x28 ./capi_device/us_ticker.o
                0x000023dc                us_ticker_set_interrupt
 .text.us_ticker_disable_interrupt
                0x00002404       0x1c ./capi_device/us_ticker.o
                0x00002404                us_ticker_disable_interrupt
 .text.us_ticker_clear_interrupt
                0x00002420       0x18 ./capi_device/us_ticker.o
                0x00002420                us_ticker_clear_interrupt
 .text.gpio_write
                0x00002438       0x30 ./capi/board.o
 .text.mbed_die
                0x00002468       0xb8 ./capi/board.o
                0x00002468                mbed_die
 .text.exit     0x00002520       0x24 ./capi/exit.o
                0x00002520                exit
 .text.mbed_interface_connected
                0x00002544       0x10 ./capi/mbed_interface.o
                0x00002544                mbed_interface_connected
 .text.pinmap_pinout
                0x00002554       0x68 ./capi/pinmap_common.o
                0x00002554                pinmap_pinout
 .text.pinmap_merge
                0x000025bc       0x54 ./capi/pinmap_common.o
                0x000025bc                pinmap_merge
 .text.pinmap_peripheral
                0x00002610       0x5c ./capi/pinmap_common.o
                0x00002610                pinmap_peripheral
 .text.__semihost
                0x0000266c       0x24 ./capi/semihost_api.o
 .text.semihost_open
                0x00002690       0x34 ./capi/semihost_api.o
                0x00002690                semihost_open
 .text.semihost_close
                0x000026c4       0x1c ./capi/semihost_api.o
                0x000026c4                semihost_close
 .text.semihost_write
                0x000026e0       0x3c ./capi/semihost_api.o
                0x000026e0                semihost_write
 .text.semihost_read
                0x0000271c       0x30 ./capi/semihost_api.o
                0x0000271c                semihost_read
 .text.semihost_istty
                0x0000274c       0x1c ./capi/semihost_api.o
                0x0000274c                semihost_istty
 .text.semihost_seek
                0x00002768       0x28 ./capi/semihost_api.o
                0x00002768                semihost_seek
 .text.semihost_ensure
                0x00002790       0x1c ./capi/semihost_api.o
                0x00002790                semihost_ensure
 .text.semihost_flen
                0x000027ac       0x1c ./capi/semihost_api.o
                0x000027ac                semihost_flen
 .text.semihost_remove
                0x000027c8       0x2c ./capi/semihost_api.o
                0x000027c8                semihost_remove
 .text.semihost_exit
                0x000027f4       0x1c ./capi/semihost_api.o
                0x000027f4                semihost_exit
 .text.us_ticker_irq_handler
                0x00002810       0x6c ./capi/us_ticker_api.o
                0x00002810                us_ticker_irq_handler
 .text.wait_ms  0x0000287c       0x20 ./capi/wait_api.o
                0x0000287c                wait_ms
 .text.wait_us  0x0000289c       0x28 ./capi/wait_api.o
                0x0000289c                wait_us
 .text._ZN4mbed10DigitalOutaSEi
                0x000028c4       0x1c ./MFRC522.o
                0x000028c4                mbed::DigitalOut::operator=(int)
 .text._ZN7MFRC522C2E7PinNameS0_S0_S0_S0_
                0x000028e0       0x78 ./MFRC522.o
                0x000028e0                MFRC522::MFRC522(PinName, PinName, PinName, PinName, PinName)
                0x000028e0                MFRC522::MFRC522(PinName, PinName, PinName, PinName, PinName)
 .text._ZN7MFRC522D2Ev
                0x00002958       0x14 ./MFRC522.o
                0x00002958                MFRC522::~MFRC522()
                0x00002958                MFRC522::~MFRC522()
 .text._ZN7MFRC52217PCD_WriteRegisterEhh
                0x0000296c       0x54 ./MFRC522.o
                0x0000296c                MFRC522::PCD_WriteRegister(unsigned char, unsigned char)
 .text._ZN7MFRC52217PCD_WriteRegisterEhhPh
                0x000029c0       0x70 ./MFRC522.o
                0x000029c0                MFRC522::PCD_WriteRegister(unsigned char, unsigned char, unsigned char*)
 .text._ZN7MFRC52216PCD_ReadRegisterEh
                0x00002a30       0x54 ./MFRC522.o
                0x00002a30                MFRC522::PCD_ReadRegister(unsigned char)
 .text._ZN7MFRC52216PCD_ReadRegisterEhhPhh
                0x00002a84      0x114 ./MFRC522.o
                0x00002a84                MFRC522::PCD_ReadRegister(unsigned char, unsigned char, unsigned char*, unsigned char)
 .text._ZN7MFRC52219PCD_SetRegisterBitsEhh
                0x00002b98       0x38 ./MFRC522.o
                0x00002b98                MFRC522::PCD_SetRegisterBits(unsigned char, unsigned char)
 .text._ZN7MFRC52219PCD_ClrRegisterBitsEhh
                0x00002bd0       0x44 ./MFRC522.o
                0x00002bd0                MFRC522::PCD_ClrRegisterBits(unsigned char, unsigned char)
 .text._ZN7MFRC52216PCD_CalculateCRCEPhhS0_
                0x00002c14       0xb0 ./MFRC522.o
                0x00002c14                MFRC522::PCD_CalculateCRC(unsigned char*, unsigned char, unsigned char*)
 .text._ZN7MFRC5228PCD_InitEv
                0x00002cc4       0x80 ./MFRC522.o
                0x00002cc4                MFRC522::PCD_Init()
 .text._ZN7MFRC52213PCD_AntennaOnEv
                0x00002d44       0x38 ./MFRC522.o
                0x00002d44                MFRC522::PCD_AntennaOn()
 .text._ZN7MFRC52218PCD_TransceiveDataEPhhS0_S0_S0_hb
                0x00002d7c       0x48 ./MFRC522.o
                0x00002d7c                MFRC522::PCD_TransceiveData(unsigned char*, unsigned char, unsigned char*, unsigned char*, unsigned char*, unsigned char, bool)
 .text._ZN7MFRC52223PCD_CommunicateWithPICCEhhPhhS0_S0_S0_hb
                0x00002dc4      0x1e0 ./MFRC522.o
                0x00002dc4                MFRC522::PCD_CommunicateWithPICC(unsigned char, unsigned char, unsigned char*, unsigned char, unsigned char*, unsigned char*, unsigned char*, unsigned char, bool)
 .text._ZN7MFRC52213PICC_RequestAEPhS0_
                0x00002fa4       0x24 ./MFRC522.o
                0x00002fa4                MFRC522::PICC_RequestA(unsigned char*, unsigned char*)
 .text._ZN7MFRC52217PICC_REQA_or_WUPAEhPhS0_
                0x00002fc8       0x7c ./MFRC522.o
                0x00002fc8                MFRC522::PICC_REQA_or_WUPA(unsigned char, unsigned char*, unsigned char*)
 .text._ZN7MFRC52211PICC_SelectEPNS_3UidEh
                0x00003044      0x494 ./MFRC522.o
                0x00003044                MFRC522::PICC_Select(MFRC522::Uid*, unsigned char)
 .text._ZN7MFRC52221PICC_IsNewCardPresentEv
                0x000034d8       0x3c ./MFRC522.o
                0x000034d8                MFRC522::PICC_IsNewCardPresent()
 .text._ZN7MFRC52219PICC_ReadCardSerialEv
                0x00003514       0x2c ./MFRC522.o
                0x00003514                MFRC522::PICC_ReadCardSerial()
 .text._ZN4mbed6PwmOutC2E7PinName
                0x00003540       0x20 ./main.o
                0x00003540                mbed::PwmOut::PwmOut(PinName)
                0x00003540                mbed::PwmOut::PwmOut(PinName)
 .text._ZN4mbed6PwmOut5writeEf
                0x00003560       0x1c ./main.o
                0x00003560                mbed::PwmOut::write(float)
 .text._ZN4mbed6PwmOut6periodEf
                0x0000357c       0x1c ./main.o
                0x0000357c                mbed::PwmOut::period(float)
 .text._ZN4mbed6PwmOutaSEf
                0x00003598       0x1c ./main.o
                0x00003598                mbed::PwmOut::operator=(float)
 .text._ZN4mbed15LocalFileSystemC2EPKc
                0x000035b4       0x28 ./main.o
                0x000035b4                mbed::LocalFileSystem::LocalFileSystem(char const*)
                0x000035b4                mbed::LocalFileSystem::LocalFileSystem(char const*)
 .text._Z17updateCurrentListPKcz
                0x000035dc       0x3c ./main.o
                0x000035dc                updateCurrentList(char const*, ...)
 .text._Z15readCurrentListv
                0x00003618       0x6c ./main.o
                0x00003618                readCurrentList()
 .text._Z9saveToLogv
                0x00003684       0x48 ./main.o
                0x00003684                saveToLog()
 .text._Z9clearListv
                0x000036cc       0x2c ./main.o
                0x000036cc                clearList()
 .text._Z16functionCheckoutPi
                0x000036f8       0xbc ./main.o
                0x000036f8                functionCheckout(int*)
 .text._Z16functionSecurityv
                0x000037b4       0x54 ./main.o
                0x000037b4                functionSecurity()
 .text.main     0x00003808       0x78 ./main.o
                0x00003808                main
 .text._Z41__static_initialization_and_destruction_0ii
                0x00003880       0xbc ./main.o
 .text._GLOBAL__sub_I_StatusLed01
                0x0000393c       0x10 ./main.o
 .text          0x0000394c      0x370 s:/micro_proc/nxp/lpcxpresso_8.2.2_650/lpcxpresso/tools/bin/../lib/gcc/arm-none-eabi/5.4.1/armv7-m\libgcc.a(_arm_addsubdf3.o)
                0x0000394c                __aeabi_drsub
                0x00003954                __aeabi_dsub
                0x00003954                __subdf3
                0x00003958                __aeabi_dadd
                0x00003958                __adddf3
                0x00003bd0                __floatunsidf
                0x00003bd0                __aeabi_ui2d
                0x00003bf0                __floatsidf
                0x00003bf0                __aeabi_i2d
                0x00003c14                __aeabi_f2d
                0x00003c14                __extendsfdf2
                0x00003c50                __floatundidf
                0x00003c50                __aeabi_ul2d
                0x00003c60                __floatdidf
                0x00003c60                __aeabi_l2d
 .text          0x00003cbc      0x424 s:/micro_proc/nxp/lpcxpresso_8.2.2_650/lpcxpresso/tools/bin/../lib/gcc/arm-none-eabi/5.4.1/armv7-m\libgcc.a(_arm_muldivdf3.o)
                0x00003cbc                __aeabi_dmul
                0x00003cbc                __muldf3
                0x00003f10                __divdf3
                0x00003f10                __aeabi_ddiv
 .text          0x000040e0      0x110 s:/micro_proc/nxp/lpcxpresso_8.2.2_650/lpcxpresso/tools/bin/../lib/gcc/arm-none-eabi/5.4.1/armv7-m\libgcc.a(_arm_cmpdf2.o)
                0x000040e0                __gtdf2
                0x000040e0                __gedf2
                0x000040e8                __ltdf2
                0x000040e8                __ledf2
                0x000040f0                __nedf2
                0x000040f0                __eqdf2
                0x000040f0                __cmpdf2
                0x0000416c                __aeabi_cdrcmple
                0x0000417c                __aeabi_cdcmpeq
                0x0000417c                __aeabi_cdcmple
                0x0000418c                __aeabi_dcmpeq
                0x000041a0                __aeabi_dcmplt
                0x000041b4                __aeabi_dcmple
                0x000041c8                __aeabi_dcmpge
                0x000041dc                __aeabi_dcmpgt
 .text          0x000041f0       0x50 s:/micro_proc/nxp/lpcxpresso_8.2.2_650/lpcxpresso/tools/bin/../lib/gcc/arm-none-eabi/5.4.1/armv7-m\libgcc.a(_arm_fixdfsi.o)
                0x000041f0                __aeabi_d2iz
                0x000041f0                __fixdfsi
 .text          0x00004240       0xa0 s:/micro_proc/nxp/lpcxpresso_8.2.2_650/lpcxpresso/tools/bin/../lib/gcc/arm-none-eabi/5.4.1/armv7-m\libgcc.a(_arm_truncdfsf2.o)
                0x00004240                __truncdfsf2
                0x00004240                __aeabi_d2f
 .text          0x000042e0      0x21c s:/micro_proc/nxp/lpcxpresso_8.2.2_650/lpcxpresso/tools/bin/../lib/gcc/arm-none-eabi/5.4.1/armv7-m\libgcc.a(_arm_addsubsf3.o)
                0x000042e0                __aeabi_frsub
                0x000042e8                __subsf3
                0x000042e8                __aeabi_fsub
                0x000042ec                __aeabi_fadd
                0x000042ec                __addsf3
                0x0000444c                __aeabi_ui2f
                0x0000444c                __floatunsisf
                0x00004454                __aeabi_i2f
                0x00004454                __floatsisf
                0x00004470                __aeabi_ul2f
                0x00004470                __floatundisf
                0x00004480                __aeabi_l2f
                0x00004480                __floatdisf
 .text          0x000044fc      0x2a0 s:/micro_proc/nxp/lpcxpresso_8.2.2_650/lpcxpresso/tools/bin/../lib/gcc/arm-none-eabi/5.4.1/armv7-m\libgcc.a(_arm_muldivsf3.o)
                0x000044fc                __mulsf3
                0x000044fc                __aeabi_fmul
                0x00004664                __aeabi_fdiv
                0x00004664                __divsf3
 .text          0x0000479c       0xec s:/micro_proc/nxp/lpcxpresso_8.2.2_650/lpcxpresso/tools/bin/../lib/gcc/arm-none-eabi/5.4.1/armv7-m\libgcc.a(_arm_cmpsf2.o)
                0x0000479c                __gesf2
                0x0000479c                __gtsf2
                0x000047a4                __lesf2
                0x000047a4                __ltsf2
                0x000047ac                __nesf2
                0x000047ac                __eqsf2
                0x000047ac                __cmpsf2
                0x0000480c                __aeabi_cfrcmple
                0x00004814                __aeabi_cfcmpeq
                0x00004814                __aeabi_cfcmple
                0x00004824                __aeabi_fcmpeq
                0x00004838                __aeabi_fcmplt
                0x0000484c                __aeabi_fcmple
                0x00004860                __aeabi_fcmpge
                0x00004874                __aeabi_fcmpgt
 .text          0x00004888       0x4c s:/micro_proc/nxp/lpcxpresso_8.2.2_650/lpcxpresso/tools/bin/../lib/gcc/arm-none-eabi/5.4.1/armv7-m\libgcc.a(_arm_fixsfsi.o)
                0x00004888                __aeabi_f2iz
                0x00004888                __fixsfsi
 .text          0x000048d4       0x40 s:/micro_proc/nxp/lpcxpresso_8.2.2_650/lpcxpresso/tools/bin/../lib/gcc/arm-none-eabi/5.4.1/armv7-m\libgcc.a(_arm_fixunssfsi.o)
                0x000048d4                __fixunssfsi
                0x000048d4                __aeabi_f2uiz
 .text          0x00004914       0x30 s:/micro_proc/nxp/lpcxpresso_8.2.2_650/lpcxpresso/tools/bin/../lib/gcc/arm-none-eabi/5.4.1/armv7-m\libgcc.a(_aeabi_uldivmod.o)
                0x00004914                __aeabi_uldivmod
 .text          0x00004944      0x2ec s:/micro_proc/nxp/lpcxpresso_8.2.2_650/lpcxpresso/tools/bin/../lib/gcc/arm-none-eabi/5.4.1/armv7-m\libgcc.a(_udivmoddi4.o)
                0x00004944                __udivmoddi4
 .text          0x00004c30        0x4 s:/micro_proc/nxp/lpcxpresso_8.2.2_650/lpcxpresso/tools/bin/../lib/gcc/arm-none-eabi/5.4.1/armv7-m\libgcc.a(_dvmd_tls.o)
                0x00004c30                __aeabi_idiv0
                0x00004c30                __aeabi_ldiv0
 .text.__errno  0x00004c34        0xc s:/micro_proc/nxp/lpcxpresso_8.2.2_650/lpcxpresso/tools/bin/../lib/gcc/arm-none-eabi/5.4.1/../../../../arm-none-eabi/lib/armv7-m\libc.a(lib_a-errno.o)
                0x00004c34                __errno
 .text._fclose_r
                0x00004c40       0x84 s:/micro_proc/nxp/lpcxpresso_8.2.2_650/lpcxpresso/tools/bin/../lib/gcc/arm-none-eabi/5.4.1/../../../../arm-none-eabi/lib/armv7-m\libc.a(lib_a-fclose.o)
                0x00004c40                _fclose_r
 .text.fclose   0x00004cc4       0x10 s:/micro_proc/nxp/lpcxpresso_8.2.2_650/lpcxpresso/tools/bin/../lib/gcc/arm-none-eabi/5.4.1/../../../../arm-none-eabi/lib/armv7-m\libc.a(lib_a-fclose.o)
                0x00004cc4                fclose
 .text.feof     0x00004cd4       0x20 s:/micro_proc/nxp/lpcxpresso_8.2.2_650/lpcxpresso/tools/bin/../lib/gcc/arm-none-eabi/5.4.1/../../../../arm-none-eabi/lib/armv7-m\libc.a(lib_a-feof.o)
                0x00004cd4                feof
 .text.__sflush_r
                0x00004cf4      0x148 s:/micro_proc/nxp/lpcxpresso_8.2.2_650/lpcxpresso/tools/bin/../lib/gcc/arm-none-eabi/5.4.1/../../../../arm-none-eabi/lib/armv7-m\libc.a(lib_a-fflush.o)
                0x00004cf4                __sflush_r
 .text._fflush_r
                0x00004e3c       0x2c s:/micro_proc/nxp/lpcxpresso_8.2.2_650/lpcxpresso/tools/bin/../lib/gcc/arm-none-eabi/5.4.1/../../../../arm-none-eabi/lib/armv7-m\libc.a(lib_a-fflush.o)
                0x00004e3c                _fflush_r
 .text.fflush   0x00004e68       0x24 s:/micro_proc/nxp/lpcxpresso_8.2.2_650/lpcxpresso/tools/bin/../lib/gcc/arm-none-eabi/5.4.1/../../../../arm-none-eabi/lib/armv7-m\libc.a(lib_a-fflush.o)
                0x00004e68                fflush
 .text.fgetc    0x00004e8c       0x3c s:/micro_proc/nxp/lpcxpresso_8.2.2_650/lpcxpresso/tools/bin/../lib/gcc/arm-none-eabi/5.4.1/../../../../arm-none-eabi/lib/armv7-m\libc.a(lib_a-fgetc.o)
                0x00004e8c                fgetc
 .text._cleanup_r
                0x00004ec8        0xc s:/micro_proc/nxp/lpcxpresso_8.2.2_650/lpcxpresso/tools/bin/../lib/gcc/arm-none-eabi/5.4.1/../../../../arm-none-eabi/lib/armv7-m\libc.a(lib_a-findfp.o)
                0x00004ec8                _cleanup_r
 .text.__sinit.part.1
                0x00004ed4       0xf0 s:/micro_proc/nxp/lpcxpresso_8.2.2_650/lpcxpresso/tools/bin/../lib/gcc/arm-none-eabi/5.4.1/../../../../arm-none-eabi/lib/armv7-m\libc.a(lib_a-findfp.o)
 .text.__sfmoreglue
                0x00004fc4       0x30 s:/micro_proc/nxp/lpcxpresso_8.2.2_650/lpcxpresso/tools/bin/../lib/gcc/arm-none-eabi/5.4.1/../../../../arm-none-eabi/lib/armv7-m\libc.a(lib_a-findfp.o)
                0x00004fc4                __sfmoreglue
 .text.__sfp    0x00004ff4       0x88 s:/micro_proc/nxp/lpcxpresso_8.2.2_650/lpcxpresso/tools/bin/../lib/gcc/arm-none-eabi/5.4.1/../../../../arm-none-eabi/lib/armv7-m\libc.a(lib_a-findfp.o)
                0x00004ff4                __sfp
 .text.__sinit  0x0000507c        0xc s:/micro_proc/nxp/lpcxpresso_8.2.2_650/lpcxpresso/tools/bin/../lib/gcc/arm-none-eabi/5.4.1/../../../../arm-none-eabi/lib/armv7-m\libc.a(lib_a-findfp.o)
                0x0000507c                __sinit
 .text.__sfp_lock_acquire
                0x00005088        0x4 s:/micro_proc/nxp/lpcxpresso_8.2.2_650/lpcxpresso/tools/bin/../lib/gcc/arm-none-eabi/5.4.1/../../../../arm-none-eabi/lib/armv7-m\libc.a(lib_a-findfp.o)
                0x00005088                __sfp_lock_acquire
 .text.__sfp_lock_release
                0x0000508c        0x4 s:/micro_proc/nxp/lpcxpresso_8.2.2_650/lpcxpresso/tools/bin/../lib/gcc/arm-none-eabi/5.4.1/../../../../arm-none-eabi/lib/armv7-m\libc.a(lib_a-findfp.o)
                0x0000508c                __sfp_lock_release
 .text._fopen_r
                0x00005090       0x8c s:/micro_proc/nxp/lpcxpresso_8.2.2_650/lpcxpresso/tools/bin/../lib/gcc/arm-none-eabi/5.4.1/../../../../arm-none-eabi/lib/armv7-m\libc.a(lib_a-fopen.o)
                0x00005090                _fopen_r
 .text.fopen    0x0000511c       0x10 s:/micro_proc/nxp/lpcxpresso_8.2.2_650/lpcxpresso/tools/bin/../lib/gcc/arm-none-eabi/5.4.1/../../../../arm-none-eabi/lib/armv7-m\libc.a(lib_a-fopen.o)
                0x0000511c                fopen
 .text.fprintf  0x0000512c       0x28 s:/micro_proc/nxp/lpcxpresso_8.2.2_650/lpcxpresso/tools/bin/../lib/gcc/arm-none-eabi/5.4.1/../../../../arm-none-eabi/lib/armv7-m\libc.a(lib_a-fprintf.o)
                0x0000512c                fprintf
 .text._malloc_trim_r
                0x00005154       0x9c s:/micro_proc/nxp/lpcxpresso_8.2.2_650/lpcxpresso/tools/bin/../lib/gcc/arm-none-eabi/5.4.1/../../../../arm-none-eabi/lib/armv7-m\libc.a(lib_a-freer.o)
                0x00005154                _malloc_trim_r
 .text._free_r  0x000051f0      0x1d0 s:/micro_proc/nxp/lpcxpresso_8.2.2_650/lpcxpresso/tools/bin/../lib/gcc/arm-none-eabi/5.4.1/../../../../arm-none-eabi/lib/armv7-m\libc.a(lib_a-freer.o)
                0x000051f0                _free_r
 .text._fseek_r
                0x000053c0        0x4 s:/micro_proc/nxp/lpcxpresso_8.2.2_650/lpcxpresso/tools/bin/../lib/gcc/arm-none-eabi/5.4.1/../../../../arm-none-eabi/lib/armv7-m\libc.a(lib_a-fseek.o)
                0x000053c0                _fseek_r
 .text._fseeko_r
                0x000053c4      0x2c4 s:/micro_proc/nxp/lpcxpresso_8.2.2_650/lpcxpresso/tools/bin/../lib/gcc/arm-none-eabi/5.4.1/../../../../arm-none-eabi/lib/armv7-m\libc.a(lib_a-fseeko.o)
                0x000053c4                _fseeko_r
 .text._fstat_r
                0x00005688       0x28 s:/micro_proc/nxp/lpcxpresso_8.2.2_650/lpcxpresso/tools/bin/../lib/gcc/arm-none-eabi/5.4.1/../../../../arm-none-eabi/lib/armv7-m\libc.a(lib_a-fstatr.o)
                0x00005688                _fstat_r
 .text.__sfvwrite_r
                0x000056b0      0x308 s:/micro_proc/nxp/lpcxpresso_8.2.2_650/lpcxpresso/tools/bin/../lib/gcc/arm-none-eabi/5.4.1/../../../../arm-none-eabi/lib/armv7-m\libc.a(lib_a-fvwrite.o)
                0x000056b0                __sfvwrite_r
 .text._fwalk   0x000059b8       0x48 s:/micro_proc/nxp/lpcxpresso_8.2.2_650/lpcxpresso/tools/bin/../lib/gcc/arm-none-eabi/5.4.1/../../../../arm-none-eabi/lib/armv7-m\libc.a(lib_a-fwalk.o)
                0x000059b8                _fwalk
 .text._fwalk_reent
                0x00005a00       0x50 s:/micro_proc/nxp/lpcxpresso_8.2.2_650/lpcxpresso/tools/bin/../lib/gcc/arm-none-eabi/5.4.1/../../../../arm-none-eabi/lib/armv7-m\libc.a(lib_a-fwalk.o)
                0x00005a00                _fwalk_reent
 .text.__libc_init_array
                0x00005a50       0x50 s:/micro_proc/nxp/lpcxpresso_8.2.2_650/lpcxpresso/tools/bin/../lib/gcc/arm-none-eabi/5.4.1/../../../../arm-none-eabi/lib/armv7-m\libc.a(lib_a-init.o)
                0x00005a50                __libc_init_array
 .text.__swhatbuf_r
                0x00005aa0       0x60 s:/micro_proc/nxp/lpcxpresso_8.2.2_650/lpcxpresso/tools/bin/../lib/gcc/arm-none-eabi/5.4.1/../../../../arm-none-eabi/lib/armv7-m\libc.a(lib_a-makebuf.o)
                0x00005aa0                __swhatbuf_r
 .text.__smakebuf_r
                0x00005b00       0x88 s:/micro_proc/nxp/lpcxpresso_8.2.2_650/lpcxpresso/tools/bin/../lib/gcc/arm-none-eabi/5.4.1/../../../../arm-none-eabi/lib/armv7-m\libc.a(lib_a-makebuf.o)
                0x00005b00                __smakebuf_r
 .text.malloc   0x00005b88       0x10 s:/micro_proc/nxp/lpcxpresso_8.2.2_650/lpcxpresso/tools/bin/../lib/gcc/arm-none-eabi/5.4.1/../../../../arm-none-eabi/lib/armv7-m\libc.a(lib_a-malloc.o)
                0x00005b88                malloc
 .text.free     0x00005b98       0x10 s:/micro_proc/nxp/lpcxpresso_8.2.2_650/lpcxpresso/tools/bin/../lib/gcc/arm-none-eabi/5.4.1/../../../../arm-none-eabi/lib/armv7-m\libc.a(lib_a-malloc.o)
                0x00005b98                free
 .text._malloc_r
                0x00005ba8      0x558 s:/micro_proc/nxp/lpcxpresso_8.2.2_650/lpcxpresso/tools/bin/../lib/gcc/arm-none-eabi/5.4.1/../../../../arm-none-eabi/lib/armv7-m\libc.a(lib_a-mallocr.o)
                0x00005ba8                _malloc_r
 .text.memchr   0x00006100       0x8c s:/micro_proc/nxp/lpcxpresso_8.2.2_650/lpcxpresso/tools/bin/../lib/gcc/arm-none-eabi/5.4.1/../../../../arm-none-eabi/lib/armv7-m\libc.a(lib_a-memchr-stub.o)
                0x00006100                memchr
 .text          0x0000618c       0xec s:/micro_proc/nxp/lpcxpresso_8.2.2_650/lpcxpresso/tools/bin/../lib/gcc/arm-none-eabi/5.4.1/../../../../arm-none-eabi/lib/armv7-m\libc.a(lib_a-memcpy.o)
                0x0000618c                memcpy
 .text.memmove  0x00006278       0xc8 s:/micro_proc/nxp/lpcxpresso_8.2.2_650/lpcxpresso/tools/bin/../lib/gcc/arm-none-eabi/5.4.1/../../../../arm-none-eabi/lib/armv7-m\libc.a(lib_a-memmove.o)
                0x00006278                memmove
 .text.memset   0x00006340       0x9c s:/micro_proc/nxp/lpcxpresso_8.2.2_650/lpcxpresso/tools/bin/../lib/gcc/arm-none-eabi/5.4.1/../../../../arm-none-eabi/lib/armv7-m\libc.a(lib_a-memset.o)
                0x00006340                memset
 .text.__malloc_lock
                0x000063dc        0x4 s:/micro_proc/nxp/lpcxpresso_8.2.2_650/lpcxpresso/tools/bin/../lib/gcc/arm-none-eabi/5.4.1/../../../../arm-none-eabi/lib/armv7-m\libc.a(lib_a-mlock.o)
                0x000063dc                __malloc_lock
 .text.__malloc_unlock
                0x000063e0        0x4 s:/micro_proc/nxp/lpcxpresso_8.2.2_650/lpcxpresso/tools/bin/../lib/gcc/arm-none-eabi/5.4.1/../../../../arm-none-eabi/lib/armv7-m\libc.a(lib_a-mlock.o)
                0x000063e0                __malloc_unlock
 .text._open_r  0x000063e4       0x2c s:/micro_proc/nxp/lpcxpresso_8.2.2_650/lpcxpresso/tools/bin/../lib/gcc/arm-none-eabi/5.4.1/../../../../arm-none-eabi/lib/armv7-m\libc.a(lib_a-openr.o)
                0x000063e4                _open_r
 .text._realloc_r
                0x00006410      0x3d4 s:/micro_proc/nxp/lpcxpresso_8.2.2_650/lpcxpresso/tools/bin/../lib/gcc/arm-none-eabi/5.4.1/../../../../arm-none-eabi/lib/armv7-m\libc.a(lib_a-reallocr.o)
                0x00006410                _realloc_r
 .text.lflush   0x000067e4       0x14 s:/micro_proc/nxp/lpcxpresso_8.2.2_650/lpcxpresso/tools/bin/../lib/gcc/arm-none-eabi/5.4.1/../../../../arm-none-eabi/lib/armv7-m\libc.a(lib_a-refill.o)
 .text.__srefill_r
                0x000067f8      0x114 s:/micro_proc/nxp/lpcxpresso_8.2.2_650/lpcxpresso/tools/bin/../lib/gcc/arm-none-eabi/5.4.1/../../../../arm-none-eabi/lib/armv7-m\libc.a(lib_a-refill.o)
                0x000067f8                __srefill_r
 .text.__srget_r
                0x0000690c       0x34 s:/micro_proc/nxp/lpcxpresso_8.2.2_650/lpcxpresso/tools/bin/../lib/gcc/arm-none-eabi/5.4.1/../../../../arm-none-eabi/lib/armv7-m\libc.a(lib_a-rget.o)
                0x0000690c                __srget_r
 .text._sbrk_r  0x00006940       0x24 s:/micro_proc/nxp/lpcxpresso_8.2.2_650/lpcxpresso/tools/bin/../lib/gcc/arm-none-eabi/5.4.1/../../../../arm-none-eabi/lib/armv7-m\libc.a(lib_a-sbrkr.o)
                0x00006940                _sbrk_r
 .text.sprintf  0x00006964       0x4c s:/micro_proc/nxp/lpcxpresso_8.2.2_650/lpcxpresso/tools/bin/../lib/gcc/arm-none-eabi/5.4.1/../../../../arm-none-eabi/lib/armv7-m\libc.a(lib_a-sprintf.o)
                0x00006964                sprintf
 .text.sscanf   0x000069b0       0x58 s:/micro_proc/nxp/lpcxpresso_8.2.2_650/lpcxpresso/tools/bin/../lib/gcc/arm-none-eabi/5.4.1/../../../../arm-none-eabi/lib/armv7-m\libc.a(lib_a-sscanf.o)
                0x000069b0                sscanf
 .text.__sread  0x00006a08       0x24 s:/micro_proc/nxp/lpcxpresso_8.2.2_650/lpcxpresso/tools/bin/../lib/gcc/arm-none-eabi/5.4.1/../../../../arm-none-eabi/lib/armv7-m\libc.a(lib_a-stdio.o)
                0x00006a08                __sread
 .text.__seofread
                0x00006a2c        0x4 s:/micro_proc/nxp/lpcxpresso_8.2.2_650/lpcxpresso/tools/bin/../lib/gcc/arm-none-eabi/5.4.1/../../../../arm-none-eabi/lib/armv7-m\libc.a(lib_a-stdio.o)
                0x00006a2c                __seofread
 .text.__swrite
                0x00006a30       0x3c s:/micro_proc/nxp/lpcxpresso_8.2.2_650/lpcxpresso/tools/bin/../lib/gcc/arm-none-eabi/5.4.1/../../../../arm-none-eabi/lib/armv7-m\libc.a(lib_a-stdio.o)
                0x00006a30                __swrite
 .text.__sseek  0x00006a6c       0x20 s:/micro_proc/nxp/lpcxpresso_8.2.2_650/lpcxpresso/tools/bin/../lib/gcc/arm-none-eabi/5.4.1/../../../../arm-none-eabi/lib/armv7-m\libc.a(lib_a-stdio.o)
                0x00006a6c                __sseek
 .text.__sclose
                0x00006a8c        0x8 s:/micro_proc/nxp/lpcxpresso_8.2.2_650/lpcxpresso/tools/bin/../lib/gcc/arm-none-eabi/5.4.1/../../../../arm-none-eabi/lib/armv7-m\libc.a(lib_a-stdio.o)
                0x00006a8c                __sclose
 .text.strcat   0x00006a94       0x40 s:/micro_proc/nxp/lpcxpresso_8.2.2_650/lpcxpresso/tools/bin/../lib/gcc/arm-none-eabi/5.4.1/../../../../arm-none-eabi/lib/armv7-m\libc.a(lib_a-strcat.o)
                0x00006a94                strcat
 .text          0x00006ad4      0x1bc s:/micro_proc/nxp/lpcxpresso_8.2.2_650/lpcxpresso/tools/bin/../lib/gcc/arm-none-eabi/5.4.1/../../../../arm-none-eabi/lib/armv7-m\libc.a(lib_a-strcmp.o)
                0x00006ad4                strcmp
 .text.strcpy   0x00006c90       0xbc s:/micro_proc/nxp/lpcxpresso_8.2.2_650/lpcxpresso/tools/bin/../lib/gcc/arm-none-eabi/5.4.1/../../../../arm-none-eabi/lib/armv7-m\libc.a(lib_a-strcpy.o)
                0x00006c90                strcpy
 .text.strlen   0x00006d4c       0x5c s:/micro_proc/nxp/lpcxpresso_8.2.2_650/lpcxpresso/tools/bin/../lib/gcc/arm-none-eabi/5.4.1/../../../../arm-none-eabi/lib/armv7-m\libc.a(lib_a-strlen-stub.o)
                0x00006d4c                strlen
 .text.strncmp  0x00006da8       0x9c s:/micro_proc/nxp/lpcxpresso_8.2.2_650/lpcxpresso/tools/bin/../lib/gcc/arm-none-eabi/5.4.1/../../../../arm-none-eabi/lib/armv7-m\libc.a(lib_a-strncmp.o)
                0x00006da8                strncmp
 .text._svfprintf_r
                0x00006e44     0x175c s:/micro_proc/nxp/lpcxpresso_8.2.2_650/lpcxpresso/tools/bin/../lib/gcc/arm-none-eabi/5.4.1/../../../../arm-none-eabi/lib/armv7-m\libc.a(lib_a-svfprintf.o)
                0x00006e44                _svfprintf_r
 .text.__ssvfscanf_r
                0x000085a0      0xeac s:/micro_proc/nxp/lpcxpresso_8.2.2_650/lpcxpresso/tools/bin/../lib/gcc/arm-none-eabi/5.4.1/../../../../arm-none-eabi/lib/armv7-m\libc.a(lib_a-svfscanf.o)
                0x000085a0                __ssvfscanf_r
 .text._vfprintf_r
                0x0000944c     0x1788 s:/micro_proc/nxp/lpcxpresso_8.2.2_650/lpcxpresso/tools/bin/../lib/gcc/arm-none-eabi/5.4.1/../../../../arm-none-eabi/lib/armv7-m\libc.a(lib_a-vfprintf.o)
                0x0000944c                _vfprintf_r
 .text.__sbprintf
                0x0000abd4       0x6c s:/micro_proc/nxp/lpcxpresso_8.2.2_650/lpcxpresso/tools/bin/../lib/gcc/arm-none-eabi/5.4.1/../../../../arm-none-eabi/lib/armv7-m\libc.a(lib_a-vfprintf.o)
 .text.__swbuf_r
                0x0000ac40       0xac s:/micro_proc/nxp/lpcxpresso_8.2.2_650/lpcxpresso/tools/bin/../lib/gcc/arm-none-eabi/5.4.1/../../../../arm-none-eabi/lib/armv7-m\libc.a(lib_a-wbuf.o)
                0x0000ac40                __swbuf_r
 .text._write_r
                0x0000acec       0x2c s:/micro_proc/nxp/lpcxpresso_8.2.2_650/lpcxpresso/tools/bin/../lib/gcc/arm-none-eabi/5.4.1/../../../../arm-none-eabi/lib/armv7-m\libc.a(lib_a-writer.o)
                0x0000acec                _write_r
 .text.__swsetup_r
                0x0000ad18       0xc8 s:/micro_proc/nxp/lpcxpresso_8.2.2_650/lpcxpresso/tools/bin/../lib/gcc/arm-none-eabi/5.4.1/../../../../arm-none-eabi/lib/armv7-m\libc.a(lib_a-wsetup.o)
                0x0000ad18                __swsetup_r
 .text._close_r
                0x0000ade0       0x24 s:/micro_proc/nxp/lpcxpresso_8.2.2_650/lpcxpresso/tools/bin/../lib/gcc/arm-none-eabi/5.4.1/../../../../arm-none-eabi/lib/armv7-m\libc.a(lib_a-closer.o)
                0x0000ade0                _close_r
 .text.quorem   0x0000ae04      0x12c s:/micro_proc/nxp/lpcxpresso_8.2.2_650/lpcxpresso/tools/bin/../lib/gcc/arm-none-eabi/5.4.1/../../../../arm-none-eabi/lib/armv7-m\libc.a(lib_a-dtoa.o)
 .text._dtoa_r  0x0000af30      0xe4c s:/micro_proc/nxp/lpcxpresso_8.2.2_650/lpcxpresso/tools/bin/../lib/gcc/arm-none-eabi/5.4.1/../../../../arm-none-eabi/lib/armv7-m\libc.a(lib_a-dtoa.o)
                0x0000af30                _dtoa_r
 .text.__sflags
                0x0000bd7c       0x74 s:/micro_proc/nxp/lpcxpresso_8.2.2_650/lpcxpresso/tools/bin/../lib/gcc/arm-none-eabi/5.4.1/../../../../arm-none-eabi/lib/armv7-m\libc.a(lib_a-flags.o)
                0x0000bd7c                __sflags
 .text._isatty_r
                0x0000bdf0       0x24 s:/micro_proc/nxp/lpcxpresso_8.2.2_650/lpcxpresso/tools/bin/../lib/gcc/arm-none-eabi/5.4.1/../../../../arm-none-eabi/lib/armv7-m\libc.a(lib_a-isattyr.o)
                0x0000bdf0                _isatty_r
 .text.iswspace
                0x0000be14       0x1c s:/micro_proc/nxp/lpcxpresso_8.2.2_650/lpcxpresso/tools/bin/../lib/gcc/arm-none-eabi/5.4.1/../../../../arm-none-eabi/lib/armv7-m\libc.a(lib_a-iswspace.o)
                0x0000be14                iswspace
 .text.__locale_charset
                0x0000be30        0x8 s:/micro_proc/nxp/lpcxpresso_8.2.2_650/lpcxpresso/tools/bin/../lib/gcc/arm-none-eabi/5.4.1/../../../../arm-none-eabi/lib/armv7-m\libc.a(lib_a-locale.o)
                0x0000be30                __locale_charset
 .text.__locale_mb_cur_max
                0x0000be38        0xc s:/micro_proc/nxp/lpcxpresso_8.2.2_650/lpcxpresso/tools/bin/../lib/gcc/arm-none-eabi/5.4.1/../../../../arm-none-eabi/lib/armv7-m\libc.a(lib_a-locale.o)
                0x0000be38                __locale_mb_cur_max
 .text._localeconv_r
                0x0000be44        0x8 s:/micro_proc/nxp/lpcxpresso_8.2.2_650/lpcxpresso/tools/bin/../lib/gcc/arm-none-eabi/5.4.1/../../../../arm-none-eabi/lib/armv7-m\libc.a(lib_a-locale.o)
                0x0000be44                _localeconv_r
 .text._lseek_r
                0x0000be4c       0x2c s:/micro_proc/nxp/lpcxpresso_8.2.2_650/lpcxpresso/tools/bin/../lib/gcc/arm-none-eabi/5.4.1/../../../../arm-none-eabi/lib/armv7-m\libc.a(lib_a-lseekr.o)
                0x0000be4c                _lseek_r
 .text._mbrtowc_r
                0x0000be78       0x5c s:/micro_proc/nxp/lpcxpresso_8.2.2_650/lpcxpresso/tools/bin/../lib/gcc/arm-none-eabi/5.4.1/../../../../arm-none-eabi/lib/armv7-m\libc.a(lib_a-mbrtowc.o)
                0x0000be78                _mbrtowc_r
 .text.__ascii_mbtowc
                0x0000bed4       0x2c s:/micro_proc/nxp/lpcxpresso_8.2.2_650/lpcxpresso/tools/bin/../lib/gcc/arm-none-eabi/5.4.1/../../../../arm-none-eabi/lib/armv7-m\libc.a(lib_a-mbtowc_r.o)
                0x0000bed4                __ascii_mbtowc
 .text._Balloc  0x0000bf00       0x50 s:/micro_proc/nxp/lpcxpresso_8.2.2_650/lpcxpresso/tools/bin/../lib/gcc/arm-none-eabi/5.4.1/../../../../arm-none-eabi/lib/armv7-m\libc.a(lib_a-mprec.o)
                0x0000bf00                _Balloc
 .text._Bfree   0x0000bf50       0x14 s:/micro_proc/nxp/lpcxpresso_8.2.2_650/lpcxpresso/tools/bin/../lib/gcc/arm-none-eabi/5.4.1/../../../../arm-none-eabi/lib/armv7-m\libc.a(lib_a-mprec.o)
                0x0000bf50                _Bfree
 .text.__multadd
                0x0000bf64       0x80 s:/micro_proc/nxp/lpcxpresso_8.2.2_650/lpcxpresso/tools/bin/../lib/gcc/arm-none-eabi/5.4.1/../../../../arm-none-eabi/lib/armv7-m\libc.a(lib_a-mprec.o)
                0x0000bf64                __multadd
 .text.__s2b    0x0000bfe4       0x98 s:/micro_proc/nxp/lpcxpresso_8.2.2_650/lpcxpresso/tools/bin/../lib/gcc/arm-none-eabi/5.4.1/../../../../arm-none-eabi/lib/armv7-m\libc.a(lib_a-mprec.o)
                0x0000bfe4                __s2b
 .text.__hi0bits
                0x0000c07c       0x40 s:/micro_proc/nxp/lpcxpresso_8.2.2_650/lpcxpresso/tools/bin/../lib/gcc/arm-none-eabi/5.4.1/../../../../arm-none-eabi/lib/armv7-m\libc.a(lib_a-mprec.o)
                0x0000c07c                __hi0bits
 .text.__lo0bits
                0x0000c0bc       0x5c s:/micro_proc/nxp/lpcxpresso_8.2.2_650/lpcxpresso/tools/bin/../lib/gcc/arm-none-eabi/5.4.1/../../../../arm-none-eabi/lib/armv7-m\libc.a(lib_a-mprec.o)
                0x0000c0bc                __lo0bits
 .text.__i2b    0x0000c118       0x14 s:/micro_proc/nxp/lpcxpresso_8.2.2_650/lpcxpresso/tools/bin/../lib/gcc/arm-none-eabi/5.4.1/../../../../arm-none-eabi/lib/armv7-m\libc.a(lib_a-mprec.o)
                0x0000c118                __i2b
 .text.__multiply
                0x0000c12c      0x13c s:/micro_proc/nxp/lpcxpresso_8.2.2_650/lpcxpresso/tools/bin/../lib/gcc/arm-none-eabi/5.4.1/../../../../arm-none-eabi/lib/armv7-m\libc.a(lib_a-mprec.o)
                0x0000c12c                __multiply
 .text.__pow5mult
                0x0000c268       0xa0 s:/micro_proc/nxp/lpcxpresso_8.2.2_650/lpcxpresso/tools/bin/../lib/gcc/arm-none-eabi/5.4.1/../../../../arm-none-eabi/lib/armv7-m\libc.a(lib_a-mprec.o)
                0x0000c268                __pow5mult
 .text.__lshift
                0x0000c308       0xac s:/micro_proc/nxp/lpcxpresso_8.2.2_650/lpcxpresso/tools/bin/../lib/gcc/arm-none-eabi/5.4.1/../../../../arm-none-eabi/lib/armv7-m\libc.a(lib_a-mprec.o)
                0x0000c308                __lshift
 .text.__mcmp   0x0000c3b4       0x40 s:/micro_proc/nxp/lpcxpresso_8.2.2_650/lpcxpresso/tools/bin/../lib/gcc/arm-none-eabi/5.4.1/../../../../arm-none-eabi/lib/armv7-m\libc.a(lib_a-mprec.o)
                0x0000c3b4                __mcmp
 .text.__mdiff  0x0000c3f4      0x128 s:/micro_proc/nxp/lpcxpresso_8.2.2_650/lpcxpresso/tools/bin/../lib/gcc/arm-none-eabi/5.4.1/../../../../arm-none-eabi/lib/armv7-m\libc.a(lib_a-mprec.o)
                0x0000c3f4                __mdiff
 .text.__ulp    0x0000c51c       0x44 s:/micro_proc/nxp/lpcxpresso_8.2.2_650/lpcxpresso/tools/bin/../lib/gcc/arm-none-eabi/5.4.1/../../../../arm-none-eabi/lib/armv7-m\libc.a(lib_a-mprec.o)
                0x0000c51c                __ulp
 .text.__b2d    0x0000c560       0xd4 s:/micro_proc/nxp/lpcxpresso_8.2.2_650/lpcxpresso/tools/bin/../lib/gcc/arm-none-eabi/5.4.1/../../../../arm-none-eabi/lib/armv7-m\libc.a(lib_a-mprec.o)
                0x0000c560                __b2d
 .text.__d2b    0x0000c634       0xa8 s:/micro_proc/nxp/lpcxpresso_8.2.2_650/lpcxpresso/tools/bin/../lib/gcc/arm-none-eabi/5.4.1/../../../../arm-none-eabi/lib/armv7-m\libc.a(lib_a-mprec.o)
                0x0000c634                __d2b
 .text.__ratio  0x0000c6dc       0x54 s:/micro_proc/nxp/lpcxpresso_8.2.2_650/lpcxpresso/tools/bin/../lib/gcc/arm-none-eabi/5.4.1/../../../../arm-none-eabi/lib/armv7-m\libc.a(lib_a-mprec.o)
                0x0000c6dc                __ratio
 .text.__copybits
                0x0000c730       0x48 s:/micro_proc/nxp/lpcxpresso_8.2.2_650/lpcxpresso/tools/bin/../lib/gcc/arm-none-eabi/5.4.1/../../../../arm-none-eabi/lib/armv7-m\libc.a(lib_a-mprec.o)
                0x0000c730                __copybits
 .text.__any_on
                0x0000c778       0x5c s:/micro_proc/nxp/lpcxpresso_8.2.2_650/lpcxpresso/tools/bin/../lib/gcc/arm-none-eabi/5.4.1/../../../../arm-none-eabi/lib/armv7-m\libc.a(lib_a-mprec.o)
                0x0000c778                __any_on
 .text._read_r  0x0000c7d4       0x2c s:/micro_proc/nxp/lpcxpresso_8.2.2_650/lpcxpresso/tools/bin/../lib/gcc/arm-none-eabi/5.4.1/../../../../arm-none-eabi/lib/armv7-m\libc.a(lib_a-readr.o)
                0x0000c7d4                _read_r
 .text.__sccl   0x0000c800       0x74 s:/micro_proc/nxp/lpcxpresso_8.2.2_650/lpcxpresso/tools/bin/../lib/gcc/arm-none-eabi/5.4.1/../../../../arm-none-eabi/lib/armv7-m\libc.a(lib_a-sccl.o)
                0x0000c800                __sccl
 .text.nanf     0x0000c874        0x8 s:/micro_proc/nxp/lpcxpresso_8.2.2_650/lpcxpresso/tools/bin/../lib/gcc/arm-none-eabi/5.4.1/../../../../arm-none-eabi/lib/armv7-m\libc.a(lib_a-sf_nan.o)
                0x0000c874                nanf
 .text.sulp     0x0000c87c       0x44 s:/micro_proc/nxp/lpcxpresso_8.2.2_650/lpcxpresso/tools/bin/../lib/gcc/arm-none-eabi/5.4.1/../../../../arm-none-eabi/lib/armv7-m\libc.a(lib_a-strtod.o)
 .text._strtod_r
                0x0000c8c0      0xecc s:/micro_proc/nxp/lpcxpresso_8.2.2_650/lpcxpresso/tools/bin/../lib/gcc/arm-none-eabi/5.4.1/../../../../arm-none-eabi/lib/armv7-m\libc.a(lib_a-strtod.o)
                0x0000c8c0                _strtod_r
 .text._strtol_r
                0x0000d78c      0x128 s:/micro_proc/nxp/lpcxpresso_8.2.2_650/lpcxpresso/tools/bin/../lib/gcc/arm-none-eabi/5.4.1/../../../../arm-none-eabi/lib/armv7-m\libc.a(lib_a-strtol.o)
                0x0000d78c                _strtol_r
 .text._strtoll_r
                0x0000d8b4      0x1b4 s:/micro_proc/nxp/lpcxpresso_8.2.2_650/lpcxpresso/tools/bin/../lib/gcc/arm-none-eabi/5.4.1/../../../../arm-none-eabi/lib/armv7-m\libc.a(lib_a-strtoll_r.o)
                0x0000d8b4                _strtoll_r
 .text._strtoul_r
                0x0000da68      0x134 s:/micro_proc/nxp/lpcxpresso_8.2.2_650/lpcxpresso/tools/bin/../lib/gcc/arm-none-eabi/5.4.1/../../../../arm-none-eabi/lib/armv7-m\libc.a(lib_a-strtoul.o)
                0x0000da68                _strtoul_r
 .text._strtoull_r
                0x0000db9c      0x1c8 s:/micro_proc/nxp/lpcxpresso_8.2.2_650/lpcxpresso/tools/bin/../lib/gcc/arm-none-eabi/5.4.1/../../../../arm-none-eabi/lib/armv7-m\libc.a(lib_a-strtoull_r.o)
                0x0000db9c                _strtoull_r
 .text.__ssprint_r
                0x0000dd64      0x100 s:/micro_proc/nxp/lpcxpresso_8.2.2_650/lpcxpresso/tools/bin/../lib/gcc/arm-none-eabi/5.4.1/../../../../arm-none-eabi/lib/armv7-m\libc.a(lib_a-svfiprintf.o)
                0x0000dd64                __ssprint_r
 .text._sungetc_r
                0x0000de64       0x8c s:/micro_proc/nxp/lpcxpresso_8.2.2_650/lpcxpresso/tools/bin/../lib/gcc/arm-none-eabi/5.4.1/../../../../arm-none-eabi/lib/armv7-m\libc.a(lib_a-svfiscanf.o)
                0x0000de64                _sungetc_r
 .text.__ssrefill_r
                0x0000def0       0x3c s:/micro_proc/nxp/lpcxpresso_8.2.2_650/lpcxpresso/tools/bin/../lib/gcc/arm-none-eabi/5.4.1/../../../../arm-none-eabi/lib/armv7-m\libc.a(lib_a-svfiscanf.o)
                0x0000def0                __ssrefill_r
 .text._sfread_r
                0x0000df2c       0x84 s:/micro_proc/nxp/lpcxpresso_8.2.2_650/lpcxpresso/tools/bin/../lib/gcc/arm-none-eabi/5.4.1/../../../../arm-none-eabi/lib/armv7-m\libc.a(lib_a-svfiscanf.o)
                0x0000df2c                _sfread_r
 .text.__submore
                0x0000dfb0       0x7c s:/micro_proc/nxp/lpcxpresso_8.2.2_650/lpcxpresso/tools/bin/../lib/gcc/arm-none-eabi/5.4.1/../../../../arm-none-eabi/lib/armv7-m\libc.a(lib_a-ungetc.o)
                0x0000dfb0                __submore
 .text.__sprint_r.part.0
                0x0000e02c       0x78 s:/micro_proc/nxp/lpcxpresso_8.2.2_650/lpcxpresso/tools/bin/../lib/gcc/arm-none-eabi/5.4.1/../../../../arm-none-eabi/lib/armv7-m\libc.a(lib_a-vfiprintf.o)
 .text.__sprint_r
                0x0000e0a4       0x14 s:/micro_proc/nxp/lpcxpresso_8.2.2_650/lpcxpresso/tools/bin/../lib/gcc/arm-none-eabi/5.4.1/../../../../arm-none-eabi/lib/armv7-m\libc.a(lib_a-vfiprintf.o)
                0x0000e0a4                __sprint_r
 .text._calloc_r
                0x0000e0b8       0x60 s:/micro_proc/nxp/lpcxpresso_8.2.2_650/lpcxpresso/tools/bin/../lib/gcc/arm-none-eabi/5.4.1/../../../../arm-none-eabi/lib/armv7-m\libc.a(lib_a-callocr.o)
                0x0000e0b8                _calloc_r
 .text.__fputwc
                0x0000e118       0x94 s:/micro_proc/nxp/lpcxpresso_8.2.2_650/lpcxpresso/tools/bin/../lib/gcc/arm-none-eabi/5.4.1/../../../../arm-none-eabi/lib/armv7-m\libc.a(lib_a-fputwc.o)
                0x0000e118                __fputwc
 .text._fputwc_r
                0x0000e1ac       0x24 s:/micro_proc/nxp/lpcxpresso_8.2.2_650/lpcxpresso/tools/bin/../lib/gcc/arm-none-eabi/5.4.1/../../../../arm-none-eabi/lib/armv7-m\libc.a(lib_a-fputwc.o)
                0x0000e1ac                _fputwc_r
 .text.rshift   0x0000e1d0       0xa8 s:/micro_proc/nxp/lpcxpresso_8.2.2_650/lpcxpresso/tools/bin/../lib/gcc/arm-none-eabi/5.4.1/../../../../arm-none-eabi/lib/armv7-m\libc.a(lib_a-gdtoa-gethex.o)
 .text.__gethex
                0x0000e278      0x50c s:/micro_proc/nxp/lpcxpresso_8.2.2_650/lpcxpresso/tools/bin/../lib/gcc/arm-none-eabi/5.4.1/../../../../arm-none-eabi/lib/armv7-m\libc.a(lib_a-gdtoa-gethex.o)
                0x0000e278                __gethex
 .text.__match  0x0000e784       0x30 s:/micro_proc/nxp/lpcxpresso_8.2.2_650/lpcxpresso/tools/bin/../lib/gcc/arm-none-eabi/5.4.1/../../../../arm-none-eabi/lib/armv7-m\libc.a(lib_a-gdtoa-hexnan.o)
                0x0000e784                __match
 .text.__hexnan
                0x0000e7b4      0x180 s:/micro_proc/nxp/lpcxpresso_8.2.2_650/lpcxpresso/tools/bin/../lib/gcc/arm-none-eabi/5.4.1/../../../../arm-none-eabi/lib/armv7-m\libc.a(lib_a-gdtoa-hexnan.o)
                0x0000e7b4                __hexnan
 .text._wcrtomb_r
                0x0000e934       0x54 s:/micro_proc/nxp/lpcxpresso_8.2.2_650/lpcxpresso/tools/bin/../lib/gcc/arm-none-eabi/5.4.1/../../../../arm-none-eabi/lib/armv7-m\libc.a(lib_a-wcrtomb.o)
                0x0000e934                _wcrtomb_r
 .text.__ascii_wctomb
                0x0000e988       0x1c s:/micro_proc/nxp/lpcxpresso_8.2.2_650/lpcxpresso/tools/bin/../lib/gcc/arm-none-eabi/5.4.1/../../../../arm-none-eabi/lib/armv7-m\libc.a(lib_a-wctomb_r.o)
                0x0000e988                __ascii_wctomb
 .text._ZN10__cxxabiv120__si_class_type_infoD2Ev
                0x0000e9a4       0x14 s:/micro_proc/nxp/lpcxpresso_8.2.2_650/lpcxpresso/tools/bin/../lib/gcc/arm-none-eabi/5.4.1/../../../../arm-none-eabi/lib/armv7-m\libstdc++.a(si_class_type_info.o)
                0x0000e9a4                __cxxabiv1::__si_class_type_info::~__si_class_type_info()
                0x0000e9a4                __cxxabiv1::__si_class_type_info::~__si_class_type_info()
 .text._ZN10__cxxabiv120__si_class_type_infoD0Ev
                0x0000e9b8       0x1c s:/micro_proc/nxp/lpcxpresso_8.2.2_650/lpcxpresso/tools/bin/../lib/gcc/arm-none-eabi/5.4.1/../../../../arm-none-eabi/lib/armv7-m\libstdc++.a(si_class_type_info.o)
                0x0000e9b8                __cxxabiv1::__si_class_type_info::~__si_class_type_info()
 .text._ZNK10__cxxabiv120__si_class_type_info12__do_dyncastEiNS_17__class_type_info10__sub_kindEPKS1_PKvS4_S6_RNS1_16__dyncast_resultE
                0x0000e9d4       0x98 s:/micro_proc/nxp/lpcxpresso_8.2.2_650/lpcxpresso/tools/bin/../lib/gcc/arm-none-eabi/5.4.1/../../../../arm-none-eabi/lib/armv7-m\libstdc++.a(si_class_type_info.o)
                0x0000e9d4                __cxxabiv1::__si_class_type_info::__do_dyncast(int, __cxxabiv1::__class_type_info::__sub_kind, __cxxabiv1::__class_type_info const*, void const*, __cxxabiv1::__class_type_info const*, void const*, __cxxabiv1::__class_type_info::__dyncast_result&) const
 .text._ZNK10__cxxabiv120__si_class_type_info20__do_find_public_srcEiPKvPKNS_17__class_type_infoES2_
                0x0000ea6c       0x3c s:/micro_proc/nxp/lpcxpresso_8.2.2_650/lpcxpresso/tools/bin/../lib/gcc/arm-none-eabi/5.4.1/../../../../arm-none-eabi/lib/armv7-m\libstdc++.a(si_class_type_info.o)
                0x0000ea6c                __cxxabiv1::__si_class_type_info::__do_find_public_src(int, void const*, __cxxabiv1::__class_type_info const*, void const*) const
 .text._ZNK10__cxxabiv120__si_class_type_info11__do_upcastEPKNS_17__class_type_infoEPKvRNS1_15__upcast_resultE
                0x0000eaa8       0x2c s:/micro_proc/nxp/lpcxpresso_8.2.2_650/lpcxpresso/tools/bin/../lib/gcc/arm-none-eabi/5.4.1/../../../../arm-none-eabi/lib/armv7-m\libstdc++.a(si_class_type_info.o)
                0x0000eaa8                __cxxabiv1::__si_class_type_info::__do_upcast(__cxxabiv1::__class_type_info const*, void const*, __cxxabiv1::__class_type_info::__upcast_result&) const
 .text._ZNSt9type_infoD2Ev
                0x0000ead4        0x4 s:/micro_proc/nxp/lpcxpresso_8.2.2_650/lpcxpresso/tools/bin/../lib/gcc/arm-none-eabi/5.4.1/../../../../arm-none-eabi/lib/armv7-m\libstdc++.a(tinfo.o)
                0x0000ead4                std::type_info::~type_info()
                0x0000ead4                std::type_info::~type_info()
 .text._ZNKSt9type_info15__is_function_pEv
                0x0000ead8        0x4 s:/micro_proc/nxp/lpcxpresso_8.2.2_650/lpcxpresso/tools/bin/../lib/gcc/arm-none-eabi/5.4.1/../../../../arm-none-eabi/lib/armv7-m\libstdc++.a(tinfo.o)
                0x0000ead8                std::type_info::__is_pointer_p() const
                0x0000ead8                std::type_info::__is_function_p() const
 .text._ZNKSt9type_infoeqERKS_
                0x0000eadc       0x2c s:/micro_proc/nxp/lpcxpresso_8.2.2_650/lpcxpresso/tools/bin/../lib/gcc/arm-none-eabi/5.4.1/../../../../arm-none-eabi/lib/armv7-m\libstdc++.a(tinfo.o)
                0x0000eadc                std::type_info::operator==(std::type_info const&) const
 .text._ZNK10__cxxabiv117__class_type_info11__do_upcastEPKS0_PPv
                0x0000eb08       0x38 s:/micro_proc/nxp/lpcxpresso_8.2.2_650/lpcxpresso/tools/bin/../lib/gcc/arm-none-eabi/5.4.1/../../../../arm-none-eabi/lib/armv7-m\libstdc++.a(class_type_info.o)
                0x0000eb08                __cxxabiv1::__class_type_info::__do_upcast(__cxxabiv1::__class_type_info const*, void**) const
 .text._ZNK10__cxxabiv117__class_type_info20__do_find_public_srcEiPKvPKS0_S2_
                0x0000eb40        0xc s:/micro_proc/nxp/lpcxpresso_8.2.2_650/lpcxpresso/tools/bin/../lib/gcc/arm-none-eabi/5.4.1/../../../../arm-none-eabi/lib/armv7-m\libstdc++.a(class_type_info.o)
                0x0000eb40                __cxxabiv1::__class_type_info::__do_find_public_src(int, void const*, __cxxabiv1::__class_type_info const*, void const*) const
 .text._ZN10__cxxabiv117__class_type_infoD2Ev
                0x0000eb4c       0x14 s:/micro_proc/nxp/lpcxpresso_8.2.2_650/lpcxpresso/tools/bin/../lib/gcc/arm-none-eabi/5.4.1/../../../../arm-none-eabi/lib/armv7-m\libstdc++.a(class_type_info.o)
                0x0000eb4c                __cxxabiv1::__class_type_info::~__class_type_info()
                0x0000eb4c                __cxxabiv1::__class_type_info::~__class_type_info()
 .text._ZN10__cxxabiv117__class_type_infoD0Ev
                0x0000eb60       0x1c s:/micro_proc/nxp/lpcxpresso_8.2.2_650/lpcxpresso/tools/bin/../lib/gcc/arm-none-eabi/5.4.1/../../../../arm-none-eabi/lib/armv7-m\libstdc++.a(class_type_info.o)
                0x0000eb60                __cxxabiv1::__class_type_info::~__class_type_info()
 .text._ZNK10__cxxabiv117__class_type_info11__do_upcastEPKS0_PKvRNS0_15__upcast_resultE
                0x0000eb7c       0x18 s:/micro_proc/nxp/lpcxpresso_8.2.2_650/lpcxpresso/tools/bin/../lib/gcc/arm-none-eabi/5.4.1/../../../../arm-none-eabi/lib/armv7-m\libstdc++.a(class_type_info.o)
                0x0000eb7c                __cxxabiv1::__class_type_info::__do_upcast(__cxxabiv1::__class_type_info const*, void const*, __cxxabiv1::__class_type_info::__upcast_result&) const
 .text._ZNK10__cxxabiv117__class_type_info12__do_dyncastEiNS0_10__sub_kindEPKS0_PKvS3_S5_RNS0_16__dyncast_resultE
                0x0000eb94       0x40 s:/micro_proc/nxp/lpcxpresso_8.2.2_650/lpcxpresso/tools/bin/../lib/gcc/arm-none-eabi/5.4.1/../../../../arm-none-eabi/lib/armv7-m\libstdc++.a(class_type_info.o)
                0x0000eb94                __cxxabiv1::__class_type_info::__do_dyncast(int, __cxxabiv1::__class_type_info::__sub_kind, __cxxabiv1::__class_type_info const*, void const*, __cxxabiv1::__class_type_info const*, void const*, __cxxabiv1::__class_type_info::__dyncast_result&) const
 .text._ZNK10__cxxabiv117__class_type_info10__do_catchEPKSt9type_infoPPvj
                0x0000ebd4       0x2c s:/micro_proc/nxp/lpcxpresso_8.2.2_650/lpcxpresso/tools/bin/../lib/gcc/arm-none-eabi/5.4.1/../../../../arm-none-eabi/lib/armv7-m\libstdc++.a(class_type_info.o)
                0x0000ebd4                __cxxabiv1::__class_type_info::__do_catch(std::type_info const*, void**, unsigned int) const
 .text.__cxa_pure_virtual
                0x0000ec00       0x14 s:/micro_proc/nxp/lpcxpresso_8.2.2_650/lpcxpresso/tools/bin/../lib/gcc/arm-none-eabi/5.4.1/../../../../arm-none-eabi/lib/armv7-m\libstdc++.a(pure.o)
                0x0000ec00                __cxa_pure_virtual
 .text._ZN10__cxxabiv111__terminateEPFvvE
                0x0000ec14       0x28 s:/micro_proc/nxp/lpcxpresso_8.2.2_650/lpcxpresso/tools/bin/../lib/gcc/arm-none-eabi/5.4.1/../../../../arm-none-eabi/lib/armv7-m\libstdc++.a(eh_terminate.o)
                0x0000ec14                __cxxabiv1::__terminate(void (*)())
 .text._ZSt9terminatev
                0x0000ec3c       0x14 s:/micro_proc/nxp/lpcxpresso_8.2.2_650/lpcxpresso/tools/bin/../lib/gcc/arm-none-eabi/5.4.1/../../../../arm-none-eabi/lib/armv7-m\libstdc++.a(eh_terminate.o)
                0x0000ec3c                std::terminate()
 .text._ZN10__cxxabiv112__unexpectedEPFvvE
                0x0000ec50        0x8 s:/micro_proc/nxp/lpcxpresso_8.2.2_650/lpcxpresso/tools/bin/../lib/gcc/arm-none-eabi/5.4.1/../../../../arm-none-eabi/lib/armv7-m\libstdc++.a(eh_terminate.o)
                0x0000ec50                __cxxabiv1::__unexpected(void (*)())
 .text._ZSt10unexpectedv
                0x0000ec58       0x14 s:/micro_proc/nxp/lpcxpresso_8.2.2_650/lpcxpresso/tools/bin/../lib/gcc/arm-none-eabi/5.4.1/../../../../arm-none-eabi/lib/armv7-m\libstdc++.a(eh_terminate.o)
                0x0000ec58                std::unexpected()
 .text._ZSt13get_terminatev
                0x0000ec6c       0x10 s:/micro_proc/nxp/lpcxpresso_8.2.2_650/lpcxpresso/tools/bin/../lib/gcc/arm-none-eabi/5.4.1/../../../../arm-none-eabi/lib/armv7-m\libstdc++.a(eh_terminate.o)
                0x0000ec6c                std::get_terminate()
 .text._ZSt14get_unexpectedv
                0x0000ec7c       0x10 s:/micro_proc/nxp/lpcxpresso_8.2.2_650/lpcxpresso/tools/bin/../lib/gcc/arm-none-eabi/5.4.1/../../../../arm-none-eabi/lib/armv7-m\libstdc++.a(eh_terminate.o)
                0x0000ec7c                std::get_unexpected()
 .text.__cxa_end_cleanup
                0x0000ec8c        0xc s:/micro_proc/nxp/lpcxpresso_8.2.2_650/lpcxpresso/tools/bin/../lib/gcc/arm-none-eabi/5.4.1/../../../../arm-none-eabi/lib/armv7-m\libstdc++.a(eh_arm.o)
                0x0000ec8c                __cxa_end_cleanup
 .text.__cxa_type_match
                0x0000ec98       0xb0 s:/micro_proc/nxp/lpcxpresso_8.2.2_650/lpcxpresso/tools/bin/../lib/gcc/arm-none-eabi/5.4.1/../../../../arm-none-eabi/lib/armv7-m\libstdc++.a(eh_arm.o)
                0x0000ec98                __cxa_type_match
 .text.__cxa_begin_cleanup
                0x0000ed48       0x64 s:/micro_proc/nxp/lpcxpresso_8.2.2_650/lpcxpresso/tools/bin/../lib/gcc/arm-none-eabi/5.4.1/../../../../arm-none-eabi/lib/armv7-m\libstdc++.a(eh_arm.o)
                0x0000ed48                __cxa_begin_cleanup
 .text.__gnu_end_cleanup
                0x0000edac       0x70 s:/micro_proc/nxp/lpcxpresso_8.2.2_650/lpcxpresso/tools/bin/../lib/gcc/arm-none-eabi/5.4.1/../../../../arm-none-eabi/lib/armv7-m\libstdc++.a(eh_arm.o)
                0x0000edac                __gnu_end_cleanup
 .text._ZN10__cxxabiv1L24__is_gxx_exception_classEPc
                0x0000ee1c       0x3c s:/micro_proc/nxp/lpcxpresso_8.2.2_650/lpcxpresso/tools/bin/../lib/gcc/arm-none-eabi/5.4.1/../../../../arm-none-eabi/lib/armv7-m\libstdc++.a(eh_call.o)
 .text.__cxa_call_terminate
                0x0000ee58       0x20 s:/micro_proc/nxp/lpcxpresso_8.2.2_650/lpcxpresso/tools/bin/../lib/gcc/arm-none-eabi/5.4.1/../../../../arm-none-eabi/lib/armv7-m\libstdc++.a(eh_call.o)
                0x0000ee58                __cxa_call_terminate
 .text.__cxa_call_unexpected
                0x0000ee78       0xec s:/micro_proc/nxp/lpcxpresso_8.2.2_650/lpcxpresso/tools/bin/../lib/gcc/arm-none-eabi/5.4.1/../../../../arm-none-eabi/lib/armv7-m\libstdc++.a(eh_call.o)
                0x0000ee78                __cxa_call_unexpected
 .text.__cxa_begin_catch
                0x0000ef64       0x8c s:/micro_proc/nxp/lpcxpresso_8.2.2_650/lpcxpresso/tools/bin/../lib/gcc/arm-none-eabi/5.4.1/../../../../arm-none-eabi/lib/armv7-m\libstdc++.a(eh_catch.o)
                0x0000ef64                __cxa_begin_catch
 .text.__cxa_end_catch
                0x0000eff0       0x8c s:/micro_proc/nxp/lpcxpresso_8.2.2_650/lpcxpresso/tools/bin/../lib/gcc/arm-none-eabi/5.4.1/../../../../arm-none-eabi/lib/armv7-m\libstdc++.a(eh_catch.o)
                0x0000eff0                __cxa_end_catch
 .text._ZL23__gxx_exception_cleanup19_Unwind_Reason_CodeP21_Unwind_Control_Block
                0x0000f07c       0x44 s:/micro_proc/nxp/lpcxpresso_8.2.2_650/lpcxpresso/tools/bin/../lib/gcc/arm-none-eabi/5.4.1/../../../../arm-none-eabi/lib/armv7-m\libstdc++.a(eh_throw.o)
 .text.__cxa_throw
                0x0000f0c0       0x7c s:/micro_proc/nxp/lpcxpresso_8.2.2_650/lpcxpresso/tools/bin/../lib/gcc/arm-none-eabi/5.4.1/../../../../arm-none-eabi/lib/armv7-m\libstdc++.a(eh_throw.o)
                0x0000f0c0                __cxa_throw
 .text.__cxa_rethrow
                0x0000f13c       0x70 s:/micro_proc/nxp/lpcxpresso_8.2.2_650/lpcxpresso/tools/bin/../lib/gcc/arm-none-eabi/5.4.1/../../../../arm-none-eabi/lib/armv7-m\libstdc++.a(eh_throw.o)
                0x0000f13c                __cxa_rethrow
 .text._ZL28read_encoded_value_with_basehjPKhPj
                0x0000f1ac       0xc0 s:/micro_proc/nxp/lpcxpresso_8.2.2_650/lpcxpresso/tools/bin/../lib/gcc/arm-none-eabi/5.4.1/../../../../arm-none-eabi/lib/armv7-m\libstdc++.a(eh_personality.o)
 .text._ZL21base_of_encoded_valuehP15_Unwind_Context
                0x0000f26c       0x4c s:/micro_proc/nxp/lpcxpresso_8.2.2_650/lpcxpresso/tools/bin/../lib/gcc/arm-none-eabi/5.4.1/../../../../arm-none-eabi/lib/armv7-m\libstdc++.a(eh_personality.o)
 .text._ZL17parse_lsda_headerP15_Unwind_ContextPKhP16lsda_header_info
                0x0000f2b8       0x94 s:/micro_proc/nxp/lpcxpresso_8.2.2_650/lpcxpresso/tools/bin/../lib/gcc/arm-none-eabi/5.4.1/../../../../arm-none-eabi/lib/armv7-m\libstdc++.a(eh_personality.o)
 .text.__gxx_personality_v0
                0x0000f34c      0x4b0 s:/micro_proc/nxp/lpcxpresso_8.2.2_650/lpcxpresso/tools/bin/../lib/gcc/arm-none-eabi/5.4.1/../../../../arm-none-eabi/lib/armv7-m\libstdc++.a(eh_personality.o)
                0x0000f34c                __gxx_personality_v0
 .text.__cxa_get_globals_fast
                0x0000f7fc        0x8 s:/micro_proc/nxp/lpcxpresso_8.2.2_650/lpcxpresso/tools/bin/../lib/gcc/arm-none-eabi/5.4.1/../../../../arm-none-eabi/lib/armv7-m\libstdc++.a(eh_globals.o)
                0x0000f7fc                __cxa_get_globals_fast
 .text.__cxa_get_globals
                0x0000f804        0x8 s:/micro_proc/nxp/lpcxpresso_8.2.2_650/lpcxpresso/tools/bin/../lib/gcc/arm-none-eabi/5.4.1/../../../../arm-none-eabi/lib/armv7-m\libstdc++.a(eh_globals.o)
                0x0000f804                __cxa_get_globals
 .text._ZNSt13bad_exceptionD2Ev
                0x0000f80c        0x4 s:/micro_proc/nxp/lpcxpresso_8.2.2_650/lpcxpresso/tools/bin/../lib/gcc/arm-none-eabi/5.4.1/../../../../arm-none-eabi/lib/armv7-m\libstdc++.a(eh_exception.o)
                0x0000f80c                std::bad_exception::~bad_exception()
                0x0000f80c                std::bad_exception::~bad_exception()
 .text._ZNKSt13bad_exception4whatEv
                0x0000f810        0x8 s:/micro_proc/nxp/lpcxpresso_8.2.2_650/lpcxpresso/tools/bin/../lib/gcc/arm-none-eabi/5.4.1/../../../../arm-none-eabi/lib/armv7-m\libstdc++.a(eh_exception.o)
                0x0000f810                std::bad_exception::what() const
 .text._ZNSt13bad_exceptionD0Ev
                0x0000f818        0xc s:/micro_proc/nxp/lpcxpresso_8.2.2_650/lpcxpresso/tools/bin/../lib/gcc/arm-none-eabi/5.4.1/../../../../arm-none-eabi/lib/armv7-m\libstdc++.a(eh_exception.o)
                0x0000f818                std::bad_exception::~bad_exception()
 .text._ZN12_GLOBAL__N_14pool4freeEPv.constprop.4
                0x0000f824       0x7c s:/micro_proc/nxp/lpcxpresso_8.2.2_650/lpcxpresso/tools/bin/../lib/gcc/arm-none-eabi/5.4.1/../../../../arm-none-eabi/lib/armv7-m\libstdc++.a(eh_alloc.o)
 .text._ZN12_GLOBAL__N_14pool8allocateEj.constprop.5
                0x0000f8a0       0x64 s:/micro_proc/nxp/lpcxpresso_8.2.2_650/lpcxpresso/tools/bin/../lib/gcc/arm-none-eabi/5.4.1/../../../../arm-none-eabi/lib/armv7-m\libstdc++.a(eh_alloc.o)
 .text.__cxa_allocate_exception
                0x0000f904       0x30 s:/micro_proc/nxp/lpcxpresso_8.2.2_650/lpcxpresso/tools/bin/../lib/gcc/arm-none-eabi/5.4.1/../../../../arm-none-eabi/lib/armv7-m\libstdc++.a(eh_alloc.o)
                0x0000f904                __cxa_allocate_exception
 .text.__cxa_free_exception
                0x0000f934       0x20 s:/micro_proc/nxp/lpcxpresso_8.2.2_650/lpcxpresso/tools/bin/../lib/gcc/arm-none-eabi/5.4.1/../../../../arm-none-eabi/lib/armv7-m\libstdc++.a(eh_alloc.o)
                0x0000f934                __cxa_free_exception
 .text.startup._GLOBAL__sub_I___cxa_allocate_exception
                0x0000f954       0x28 s:/micro_proc/nxp/lpcxpresso_8.2.2_650/lpcxpresso/tools/bin/../lib/gcc/arm-none-eabi/5.4.1/../../../../arm-none-eabi/lib/armv7-m\libstdc++.a(eh_alloc.o)
 .text.fabs     0x0000f97c        0x8 s:/micro_proc/nxp/lpcxpresso_8.2.2_650/lpcxpresso/tools/bin/../lib/gcc/arm-none-eabi/5.4.1/../../../../arm-none-eabi/lib/armv7-m\libm.a(lib_a-s_fabs.o)
                0x0000f97c                fabs
 *fill*         0x0000f984        0x4 ff
 .text.floor    0x0000f988      0x110 s:/micro_proc/nxp/lpcxpresso_8.2.2_650/lpcxpresso/tools/bin/../lib/gcc/arm-none-eabi/5.4.1/../../../../arm-none-eabi/lib/armv7-m\libm.a(lib_a-s_floor.o)
                0x0000f988                floor
 .text._sbrk    0x0000fa98       0x3c s:/micro_proc/nxp/lpcxpresso_8.2.2_650/lpcxpresso/tools/bin/../lib/gcc/arm-none-eabi/5.4.1/../../../../arm-none-eabi/lib/armv7-m\libcr_newlib_nohost.a(_cr_sbrk.o)
                0x0000fa98                _sbrk
 .text.abort    0x0000fad4        0x2 s:/micro_proc/nxp/lpcxpresso_8.2.2_650/lpcxpresso/tools/bin/../lib/gcc/arm-none-eabi/5.4.1/../../../../arm-none-eabi/lib/armv7-m\libcr_newlib_nohost.a(cr_abort.o)
                0x0000fad4                abort
 *fill*         0x0000fad6        0x2 ff
 .text.__check_heap_overflow
                0x0000fad8       0x18 s:/micro_proc/nxp/lpcxpresso_8.2.2_650/lpcxpresso/tools/bin/../lib/gcc/arm-none-eabi/5.4.1/../../../../arm-none-eabi/lib/armv7-m\libcr_newlib_nohost.a(_cr_check_heap.o)
                0x0000fad8                __check_heap_overflow
 .text          0x0000faf0       0x5c s:/micro_proc/nxp/lpcxpresso_8.2.2_650/lpcxpresso/tools/bin/../lib/gcc/arm-none-eabi/5.4.1/armv7-m\crtbegin.o
 .text          0x0000fb4c       0x2c s:/micro_proc/nxp/lpcxpresso_8.2.2_650/lpcxpresso/tools/bin/../lib/gcc/arm-none-eabi/5.4.1/armv7-m\libgcc.a(_arm_unorddf2.o)
                0x0000fb4c                __unorddf2
                0x0000fb4c                __aeabi_dcmpun
 .text          0x0000fb78       0x40 s:/micro_proc/nxp/lpcxpresso_8.2.2_650/lpcxpresso/tools/bin/../lib/gcc/arm-none-eabi/5.4.1/armv7-m\libgcc.a(_arm_fixunsdfsi.o)
                0x0000fb78                __aeabi_d2uiz
                0x0000fb78                __fixunsdfsi
 .text          0x0000fbb8      0x9e4 s:/micro_proc/nxp/lpcxpresso_8.2.2_650/lpcxpresso/tools/bin/../lib/gcc/arm-none-eabi/5.4.1/armv7-m\libgcc.a(unwind-arm.o)
                0x0000fe78                _Unwind_GetCFA
                0x0000fe7c                __gnu_Unwind_RaiseException
                0x0000fedc                __gnu_Unwind_ForcedUnwind
                0x0000fef0                __gnu_Unwind_Resume
                0x0000ff34                __gnu_Unwind_Resume_or_Rethrow
                0x0000ff48                _Unwind_Complete
                0x0000ff4c                _Unwind_DeleteException
                0x0000ff58                _Unwind_VRS_Get
                0x0000ffa4                _Unwind_VRS_Set
                0x0000fff4                __gnu_Unwind_Backtrace
                0x00010340                __aeabi_unwind_cpp_pr0
                0x00010344                __aeabi_unwind_cpp_pr1
                0x00010348                __aeabi_unwind_cpp_pr2
                0x0001034c                _Unwind_VRS_Pop
 .text          0x0001059c      0x1ac s:/micro_proc/nxp/lpcxpresso_8.2.2_650/lpcxpresso/tools/bin/../lib/gcc/arm-none-eabi/5.4.1/armv7-m\libgcc.a(libunwind.o)
                0x0001059c                __restore_core_regs
                0x0001059c                restore_core_regs
                0x000105b4                __gnu_Unwind_Restore_VFP
                0x000105bc                __gnu_Unwind_Save_VFP
                0x000105c4                __gnu_Unwind_Restore_VFP_D
                0x000105cc                __gnu_Unwind_Save_VFP_D
                0x000105d4                __gnu_Unwind_Restore_VFP_D_16_to_31
                0x000105dc                __gnu_Unwind_Save_VFP_D_16_to_31
                0x000105e4                __gnu_Unwind_Restore_WMMXD
                0x00010628                __gnu_Unwind_Save_WMMXD
                0x0001066c                __gnu_Unwind_Restore_WMMXC
                0x00010680                __gnu_Unwind_Save_WMMXC
                0x00010694                ___Unwind_RaiseException
                0x00010694                _Unwind_RaiseException
                0x000106b8                _Unwind_Resume
                0x000106b8                ___Unwind_Resume
                0x000106dc                _Unwind_Resume_or_Rethrow
                0x000106dc                ___Unwind_Resume_or_Rethrow
                0x00010700                _Unwind_ForcedUnwind
                0x00010700                ___Unwind_ForcedUnwind
                0x00010724                ___Unwind_Backtrace
                0x00010724                _Unwind_Backtrace
 .text          0x00010748      0x354 s:/micro_proc/nxp/lpcxpresso_8.2.2_650/lpcxpresso/tools/bin/../lib/gcc/arm-none-eabi/5.4.1/armv7-m\libgcc.a(pr-support.o)
                0x000107a0                __gnu_unwind_execute
                0x00010a44                __gnu_unwind_frame
                0x00010a6c                _Unwind_GetRegionStart
                0x00010a78                _Unwind_GetLanguageSpecificData
                0x00010a8c                _Unwind_GetTextRelBase
                0x00010a94                _Unwind_GetDataRelBase
 .text.write    0x00010a9c       0x18 s:/micro_proc/nxp/lpcxpresso_8.2.2_650/lpcxpresso/tools/bin/../lib/gcc/arm-none-eabi/5.4.1/../../../../arm-none-eabi/lib/armv7-m\libc.a(lib_a-syswrite.o)
                0x00010a9c                write
 *(.rodata .rodata.*)
 .rodata._ZTVN4mbed8FileBaseE
                0x00010ab4       0x10 ./mbed/FileBase.o
                0x00010ab4                vtable for mbed::FileBase
 .rodata._ZTIN4mbed8FileBaseE
                0x00010ac4        0x8 ./mbed/FileBase.o
                0x00010ac4                typeinfo for mbed::FileBase
 .rodata._ZTSN4mbed8FileBaseE
                0x00010acc       0x11 ./mbed/FileBase.o
                0x00010acc                typeinfo name for mbed::FileBase
 *fill*         0x00010add        0x3 ff
 .rodata._ZTVN4mbed14FileSystemLikeE
                0x00010ae0       0x24 ./mbed/FileSystemLike.o
                0x00010ae0                vtable for mbed::FileSystemLike
 .rodata._ZTVN4mbed9DirHandleE
                0x00010b04       0x24 ./mbed/FileSystemLike.o
                0x00010b04                vtable for mbed::DirHandle
 .rodata._ZTIN4mbed14FileSystemLikeE
                0x00010b28        0xc ./mbed/FileSystemLike.o
                0x00010b28                typeinfo for mbed::FileSystemLike
 .rodata._ZTSN4mbed14FileSystemLikeE
                0x00010b34       0x18 ./mbed/FileSystemLike.o
                0x00010b34                typeinfo name for mbed::FileSystemLike
 .rodata._ZTIN4mbed9DirHandleE
                0x00010b4c        0x8 ./mbed/FileSystemLike.o
                0x00010b4c                typeinfo for mbed::DirHandle
 .rodata._ZTSN4mbed9DirHandleE
                0x00010b54       0x12 ./mbed/FileSystemLike.o
                0x00010b54                typeinfo name for mbed::DirHandle
 *fill*         0x00010b66        0x2 ff
 .rodata        0x00010b68        0x2 ./mbed/LocalFileSystem.o
 *fill*         0x00010b6a        0x2 ff
 .rodata._ZTVN4mbed14LocalDirHandleE
                0x00010b6c       0x24 ./mbed/LocalFileSystem.o
                0x00010b6c                vtable for mbed::LocalDirHandle
 .rodata._ZTVN4mbed15LocalFileSystemE
                0x00010b90       0x24 ./mbed/LocalFileSystem.o
                0x00010b90                vtable for mbed::LocalFileSystem
 .rodata._ZTVN4mbed15LocalFileHandleE
                0x00010bb4       0x2c ./mbed/LocalFileSystem.o
                0x00010bb4                vtable for mbed::LocalFileHandle
 .rodata._ZTIN4mbed14LocalDirHandleE
                0x00010be0        0xc ./mbed/LocalFileSystem.o
                0x00010be0                typeinfo for mbed::LocalDirHandle
 .rodata._ZTSN4mbed14LocalDirHandleE
                0x00010bec       0x18 ./mbed/LocalFileSystem.o
                0x00010bec                typeinfo name for mbed::LocalDirHandle
 .rodata._ZTIN4mbed15LocalFileSystemE
                0x00010c04        0xc ./mbed/LocalFileSystem.o
                0x00010c04                typeinfo for mbed::LocalFileSystem
 .rodata._ZTSN4mbed15LocalFileSystemE
                0x00010c10       0x19 ./mbed/LocalFileSystem.o
                0x00010c10                typeinfo name for mbed::LocalFileSystem